172.16.0.88 - - [02/Jun/2025:08:34:56 +0000] "DELETE /css/style.css HTTP/1.1" 502 871 "https://example.com/login" "Mozilla/5.0 (Windows NT 10.0; Win64; x64) AppleWebKit/537.36"
10.0.0.15 - - [02/Jun/2025:23:05:21 +0000] "POST / HTTP/1.1" 400 783 "https://example.com/logout" "Mozilla/5.0 (Macintosh; Intel Mac OS X 10_15_7) AppleWebKit/537.36"
203.0.113.45 - - [05/Jun/2025:02:25:33 +0000] "PUT /images/logo.png HTTP/1.1" 200 49929 "https://example.com/" "Mozilla/5.0 (X11; Linux x86_64) AppleWebKit/537.36"
192.168.1.100 - - [03/Jun/2025:08:48:22 +0000] "PUT /login HTTP/1.1" 400 473 "https://example.com/images/logo.png" "Mozilla/5.0 (X11; Linux x86_64) AppleWebKit/537.36"
10.0.0.15 - - [28/May/2025:21:30:39 +0000] "PUT /css/style.css HTTP/1.1" 401 1000 "-" "Mozilla/5.0 (iPhone; CPU iPhone OS 14_0 like Mac OS X)"
10.0.0.15 - - [23/May/2025:17:47:25 +0000] "GET / HTTP/1.1" 400 901 "-" "curl/7.68.0"
203.0.113.45 - - [17/Jun/2025:07:19:27 +0000] "POST / HTTP/1.1" 500 657 "https://example.com/products" "Mozilla/5.0 (X11; Linux x86_64) AppleWebKit/537.36"
192.168.1.100 - - [27/May/2025:03:15:46 +0000] "PUT /admin HTTP/1.1" 502 429 "https://example.com/css/style.css" "Mozilla/5.0 (Windows NT 10.0; Win64; x64) AppleWebKit/537.36"
172.16.0.88 - - [10/Jun/2025:10:34:40 +0000] "DELETE /api/users HTTP/1.1" 200 37918 "https://example.com/admin" "curl/7.68.0"
172.16.0.88 - - [27/May/2025:16:05:47 +0000] "DELETE /api/users HTTP/1.1" 400 200 "-" "curl/7.68.0"
198.51.100.23 - - [06/Jun/2025:17:10:27 +0000] "GET /products HTTP/1.1" 502 954 "-" "curl/7.68.0"
203.0.113.45 - - [06/Jun/2025:11:45:07 +0000] "DELETE /logout HTTP/1.1" 201 124 "https://example.com/" "Mozilla/5.0 (Windows NT 10.0; Win64; x64) AppleWebKit/537.36"
172.16.0.88 - - [03/Jun/2025:00:57:49 +0000] "DELETE /api/users HTTP/1.1" 200 25021 "https://example.com/logout" "Mozilla/5.0 (X11; Linux x86_64) AppleWebKit/537.36"
198.51.100.23 - - [20/Jun/2025:13:07:59 +0000] "POST / HTTP/1.1" 400 983 "https://example.com/" "Mozilla/5.0 (Macintosh; Intel Mac OS X 10_15_7) AppleWebKit/537.36"
172.16.0.88 - - [05/Jun/2025:18:08:18 +0000] "DELETE / HTTP/1.1" 403 348 "https://example.com/logout" "Mozilla/5.0 (iPhone; CPU iPhone OS 14_0 like Mac OS X)"
203.0.113.45 - - [13/Jun/2025:21:43:08 +0000] "GET /admin HTTP/1.1" 404 659 "https://example.com/products" "curl/7.68.0"
10.0.0.15 - - [19/Jun/2025:01:29:12 +0000] "DELETE /api/users HTTP/1.1" 400 170 "-" "Mozilla/5.0 (Macintosh; Intel Mac OS X 10_15_7) AppleWebKit/537.36"
10.0.0.15 - - [17/Jun/2025:12:02:16 +0000] "GET / HTTP/1.1" 200 9564 "https://example.com/" "Mozilla/5.0 (X11; Linux x86_64) AppleWebKit/537.36"
198.51.100.23 - - [27/May/2025:01:55:41 +0000] "DELETE /css/style.css HTTP/1.1" 401 323 "-" "Mozilla/5.0 (iPhone; CPU iPhone OS 14_0 like Mac OS X)"
192.168.1.100 - - [08/Jun/2025:11:48:07 +0000] "DELETE /products HTTP/1.1" 500 76 "-" "Mozilla/5.0 (X11; Linux x86_64) AppleWebKit/537.36"
172.16.0.88 - - [26/May/2025:01:19:31 +0000] "POST /logout?id=701&page=2 HTTP/1.1" 200 42093 "https://example.com/api/users" "Mozilla/5.0 (iPhone; CPU iPhone OS 14_0 like Mac OS X)"
203.0.113.45 - - [04/Jun/2025:21:58:18 +0000] "DELETE / HTTP/1.1" 502 407 "-" "Mozilla/5.0 (Windows NT 10.0; Win64; x64) AppleWebKit/537.36"
10.0.0.15 - - [21/May/2025:14:52:48 +0000] "GET /login HTTP/1.1" 404 540 "https://example.com/api/users" "Mozilla/5.0 (Macintosh; Intel Mac OS X 10_15_7) AppleWebKit/537.36"
198.51.100.23 - - [23/May/2025:05:26:25 +0000] "PUT /admin HTTP/1.1" 302 142 "https://example.com/products" "Mozilla/5.0 (Windows NT 10.0; Win64; x64) AppleWebKit/537.36"
10.0.0.15 - - [16/Jun/2025:12:48:08 +0000] "PUT /login?id=463&page=8 HTTP/1.1" 201 349 "https://example.com/css/style.css" "Mozilla/5.0 (X11; Linux x86_64) AppleWebKit/537.36"
203.0.113.45 - - [11/Jun/2025:20:16:54 +0000] "GET /products HTTP/1.1" 200 36211 "https://example.com/api/users" "Mozilla/5.0 (iPhone; CPU iPhone OS 14_0 like Mac OS X)"
172.16.0.88 - - [07/Jun/2025:03:01:15 +0000] "POST /?id=94&page=9 HTTP/1.1" 403 498 "https://example.com/products" "Mozilla/5.0 (Macintosh; Intel Mac OS X 10_15_7) AppleWebKit/537.36"
10.0.0.15 - - [29/May/2025:17:56:01 +0000] "GET /api/users?id=319&page=8 HTTP/1.1" 502 9 "-" "Mozilla/5.0 (iPhone; CPU iPhone OS 14_0 like Mac OS X)"
10.0.0.15 - - [22/May/2025:09:59:01 +0000] "DELETE /api/users HTTP/1.1" 301 27 "https://example.com/images/logo.png" "Mozilla/5.0 (X11; Linux x86_64) AppleWebKit/537.36"
10.0.0.15 - - [04/Jun/2025:02:24:40 +0000] "POST /admin HTTP/1.1" 401 922 "https://example.com/" "Mozilla/5.0 (iPhone; CPU iPhone OS 14_0 like Mac OS X)"
192.168.1.100 - - [11/Jun/2025:21:35:45 +0000] "POST /login HTTP/1.1" 404 754 "-" "Mozilla/5.0 (Macintosh; Intel Mac OS X 10_15_7) AppleWebKit/537.36"
203.0.113.45 - - [02/Jun/2025:08:45:58 +0000] "GET /products HTTP/1.1" 502 580 "https://example.com/" "Mozilla/5.0 (X11; Linux x86_64) AppleWebKit/537.36"
192.168.1.100 - - [15/Jun/2025:15:29:55 +0000] "POST /login HTTP/1.1" 302 284 "https://example.com/admin" "Mozilla/5.0 (X11; Linux x86_64) AppleWebKit/537.36"
192.168.1.100 - - [10/Jun/2025:19:44:53 +0000] "PUT /images/logo.png HTTP/1.1" 302 284 "-" "curl/7.68.0"
203.0.113.45 - - [12/Jun/2025:08:08:31 +0000] "PUT /logout HTTP/1.1" 403 189 "https://example.com/" "Mozilla/5.0 (Windows NT 10.0; Win64; x64) AppleWebKit/537.36"
203.0.113.45 - - [13/Jun/2025:08:24:52 +0000] "GET /css/style.css HTTP/1.1" 502 343 "-" "curl/7.68.0"
172.16.0.88 - - [12/Jun/2025:00:35:12 +0000] "GET /images/logo.png HTTP/1.1" 500 532 "https://example.com/images/logo.png" "curl/7.68.0"
172.16.0.88 - - [06/Jun/2025:05:37:53 +0000] "POST /css/style.css HTTP/1.1" 201 860 "-" "Mozilla/5.0 (iPhone; CPU iPhone OS 14_0 like Mac OS X)"
10.0.0.15 - - [01/Jun/2025:13:29:52 +0000] "DELETE /login HTTP/1.1" 400 674 "-" "Mozilla/5.0 (Windows NT 10.0; Win64; x64) AppleWebKit/537.36"
192.168.1.100 - - [02/Jun/2025:22:52:05 +0000] "DELETE /api/users HTTP/1.1" 400 694 "https://example.com/admin" "Mozilla/5.0 (Windows NT 10.0; Win64; x64) AppleWebKit/537.36"
198.51.100.23 - - [09/Jun/2025:15:37:06 +0000] "DELETE /images/logo.png HTTP/1.1" 400 630 "https://example.com/css/style.css" "Mozilla/5.0 (Windows NT 10.0; Win64; x64) AppleWebKit/537.36"
198.51.100.23 - - [30/May/2025:02:08:37 +0000] "POST /images/logo.png HTTP/1.1" 400 969 "https://example.com/logout" "curl/7.68.0"
192.168.1.100 - - [17/Jun/2025:04:02:42 +0000] "POST /images/logo.png HTTP/1.1" 302 893 "https://example.com/products" "Mozilla/5.0 (iPhone; CPU iPhone OS 14_0 like Mac OS X)"
203.0.113.45 - - [15/Jun/2025:15:31:16 +0000] "POST /login HTTP/1.1" 401 201 "https://example.com/css/style.css" "Mozilla/5.0 (iPhone; CPU iPhone OS 14_0 like Mac OS X)"
192.168.1.100 - - [07/Jun/2025:02:14:17 +0000] "POST /products HTTP/1.1" 201 195 "https://example.com/admin" "Mozilla/5.0 (Macintosh; Intel Mac OS X 10_15_7) AppleWebKit/537.36"
192.168.1.100 - - [29/May/2025:04:45:22 +0000] "DELETE /products HTTP/1.1" 400 877 "-" "curl/7.68.0"
10.0.0.15 - - [29/May/2025:16:31:49 +0000] "POST /api/users HTTP/1.1" 403 608 "-" "Mozilla/5.0 (Windows NT 10.0; Win64; x64) AppleWebKit/537.36"
198.51.100.23 - - [10/Jun/2025:03:43:25 +0000] "GET /admin HTTP/1.1" 200 39549 "https://example.com/login" "Mozilla/5.0 (iPhone; CPU iPhone OS 14_0 like Mac OS X)"
203.0.113.45 - - [31/May/2025:20:07:27 +0000] "POST /admin?id=915&page=3 HTTP/1.1" 401 606 "https://example.com/api/users" "Mozilla/5.0 (X11; Linux x86_64) AppleWebKit/537.36"
203.0.113.45 - - [25/May/2025:05:08:44 +0000] "DELETE /images/logo.png HTTP/1.1" 400 735 "https://example.com/api/users" "Mozilla/5.0 (Macintosh; Intel Mac OS X 10_15_7) AppleWebKit/537.36"
172.16.0.88 - - [06/Jun/2025:12:56:10 +0000] "GET / HTTP/1.1" 400 19 "https://example.com/logout" "curl/7.68.0"
192.168.1.100 - - [07/Jun/2025:22:39:42 +0000] "GET /api/users HTTP/1.1" 502 281 "https://example.com/products" "Mozilla/5.0 (Windows NT 10.0; Win64; x64) AppleWebKit/537.36"
10.0.0.15 - - [30/May/2025:23:51:45 +0000] "POST /api/users HTTP/1.1" 401 192 "https://example.com/admin" "Mozilla/5.0 (iPhone; CPU iPhone OS 14_0 like Mac OS X)"
10.0.0.15 - - [22/May/2025:21:09:56 +0000] "PUT /images/logo.png HTTP/1.1" 403 300 "-" "curl/7.68.0"
203.0.113.45 - - [01/Jun/2025:19:59:59 +0000] "DELETE /logout HTTP/1.1" 401 469 "https://example.com/css/style.css" "Mozilla/5.0 (X11; Linux x86_64) AppleWebKit/537.36"
10.0.0.15 - - [09/Jun/2025:00:56:30 +0000] "POST /admin HTTP/1.1" 502 505 "https://example.com/" "Mozilla/5.0 (Macintosh; Intel Mac OS X 10_15_7) AppleWebKit/537.36"
198.51.100.23 - - [26/May/2025:14:02:35 +0000] "POST /products HTTP/1.1" 404 696 "-" "Mozilla/5.0 (iPhone; CPU iPhone OS 14_0 like Mac OS X)"
203.0.113.45 - - [12/Jun/2025:21:41:36 +0000] "GET /admin HTTP/1.1" 401 163 "https://example.com/" "Mozilla/5.0 (iPhone; CPU iPhone OS 14_0 like Mac OS X)"
203.0.113.45 - - [06/Jun/2025:09:31:57 +0000] "GET /login HTTP/1.1" 403 298 "https://example.com/login" "Mozilla/5.0 (iPhone; CPU iPhone OS 14_0 like Mac OS X)"
192.168.1.100 - - [04/Jun/2025:00:42:33 +0000] "GET /login HTTP/1.1" 302 871 "-" "Mozilla/5.0 (Windows NT 10.0; Win64; x64) AppleWebKit/537.36"
192.168.1.100 - - [08/Jun/2025:18:15:53 +0000] "DELETE /api/users HTTP/1.1" 500 855 "https://example.com/login" "Mozilla/5.0 (Windows NT 10.0; Win64; x64) AppleWebKit/537.36"
203.0.113.45 - - [31/May/2025:03:37:51 +0000] "PUT /admin HTTP/1.1" 403 378 "-" "curl/7.68.0"
172.16.0.88 - - [07/Jun/2025:15:18:49 +0000] "GET /admin HTTP/1.1" 201 502 "https://example.com/css/style.css" "Mozilla/5.0 (iPhone; CPU iPhone OS 14_0 like Mac OS X)"
192.168.1.100 - - [29/May/2025:08:10:00 +0000] "DELETE /css/style.css HTTP/1.1" 401 429 "-" "Mozilla/5.0 (Windows NT 10.0; Win64; x64) AppleWebKit/537.36"
203.0.113.45 - - [07/Jun/2025:13:26:02 +0000] "GET /images/logo.png HTTP/1.1" 502 269 "https://example.com/admin" "Mozilla/5.0 (Macintosh; Intel Mac OS X 10_15_7) AppleWebKit/537.36"
172.16.0.88 - - [25/May/2025:12:03:49 +0000] "GET /login HTTP/1.1" 403 919 "https://example.com/images/logo.png" "Mozilla/5.0 (iPhone; CPU iPhone OS 14_0 like Mac OS X)"
198.51.100.23 - - [05/Jun/2025:04:44:52 +0000] "GET /css/style.css HTTP/1.1" 404 116 "https://example.com/images/logo.png" "Mozilla/5.0 (Windows NT 10.0; Win64; x64) AppleWebKit/537.36"
192.168.1.100 - - [26/May/2025:04:13:27 +0000] "POST /images/logo.png HTTP/1.1" 403 227 "https://example.com/products" "curl/7.68.0"
192.168.1.100 - - [29/May/2025:08:53:19 +0000] "PUT /logout HTTP/1.1" 301 148 "https://example.com/logout" "Mozilla/5.0 (Windows NT 10.0; Win64; x64) AppleWebKit/537.36"
192.168.1.100 - - [09/Jun/2025:06:02:59 +0000] "DELETE /css/style.css HTTP/1.1" 403 50 "-" "Mozilla/5.0 (iPhone; CPU iPhone OS 14_0 like Mac OS X)"
198.51.100.23 - - [02/Jun/2025:03:03:10 +0000] "POST /admin HTTP/1.1" 200 33344 "https://example.com/logout" "Mozilla/5.0 (Macintosh; Intel Mac OS X 10_15_7) AppleWebKit/537.36"
198.51.100.23 - - [18/Jun/2025:15:09:30 +0000] "GET /admin HTTP/1.1" 500 713 "-" "curl/7.68.0"
192.168.1.100 - - [28/May/2025:10:03:16 +0000] "POST /login HTTP/1.1" 401 552 "-" "Mozilla/5.0 (iPhone; CPU iPhone OS 14_0 like Mac OS X)"
192.168.1.100 - - [15/Jun/2025:21:59:10 +0000] "DELETE /css/style.css HTTP/1.1" 200 40992 "https://example.com/login" "curl/7.68.0"
10.0.0.15 - - [08/Jun/2025:00:43:52 +0000] "POST /admin HTTP/1.1" 401 212 "https://example.com/products" "Mozilla/5.0 (Windows NT 10.0; Win64; x64) AppleWebKit/537.36"
192.168.1.100 - - [14/Jun/2025:11:04:33 +0000] "POST /admin HTTP/1.1" 201 705 "https://example.com/images/logo.png" "Mozilla/5.0 (Macintosh; Intel Mac OS X 10_15_7) AppleWebKit/537.36"
172.16.0.88 - - [17/Jun/2025:01:18:37 +0000] "POST /admin HTTP/1.1" 201 624 "https://example.com/api/users" "Mozilla/5.0 (Macintosh; Intel Mac OS X 10_15_7) AppleWebKit/537.36"
10.0.0.15 - - [24/May/2025:05:35:14 +0000] "PUT /admin HTTP/1.1" 403 60 "https://example.com/admin" "Mozilla/5.0 (iPhone; CPU iPhone OS 14_0 like Mac OS X)"
192.168.1.100 - - [08/Jun/2025:06:54:11 +0000] "DELETE /admin HTTP/1.1" 403 907 "https://example.com/css/style.css" "Mozilla/5.0 (iPhone; CPU iPhone OS 14_0 like Mac OS X)"
198.51.100.23 - - [07/Jun/2025:11:53:15 +0000] "POST /images/logo.png HTTP/1.1" 401 631 "https://example.com/login" "Mozilla/5.0 (Windows NT 10.0; Win64; x64) AppleWebKit/537.36"
192.168.1.100 - - [19/Jun/2025:11:42:19 +0000] "DELETE /logout HTTP/1.1" 301 692 "https://example.com/logout" "curl/7.68.0"
10.0.0.15 - - [09/Jun/2025:17:24:06 +0000] "DELETE /products HTTP/1.1" 500 789 "https://example.com/css/style.css" "Mozilla/5.0 (iPhone; CPU iPhone OS 14_0 like Mac OS X)"
10.0.0.15 - - [19/Jun/2025:09:01:18 +0000] "POST /admin HTTP/1.1" 403 180 "-" "Mozilla/5.0 (Macintosh; Intel Mac OS X 10_15_7) AppleWebKit/537.36"
203.0.113.45 - - [04/Jun/2025:09:12:36 +0000] "POST /products HTTP/1.1" 302 132 "https://example.com/admin" "curl/7.68.0"
192.168.1.100 - - [15/Jun/2025:16:08:09 +0000] "GET /login HTTP/1.1" 500 12 "-" "Mozilla/5.0 (X11; Linux x86_64) AppleWebKit/537.36"
10.0.0.15 - - [17/Jun/2025:21:33:49 +0000] "DELETE /admin HTTP/1.1" 502 513 "https://example.com/login" "curl/7.68.0"
172.16.0.88 - - [18/Jun/2025:16:03:31 +0000] "POST /products?id=338&page=4 HTTP/1.1" 201 3 "https://example.com/logout" "Mozilla/5.0 (X11; Linux x86_64) AppleWebKit/537.36"
198.51.100.23 - - [05/Jun/2025:11:14:46 +0000] "POST /images/logo.png HTTP/1.1" 200 4869 "-" "Mozilla/5.0 (iPhone; CPU iPhone OS 14_0 like Mac OS X)"
172.16.0.88 - - [06/Jun/2025:06:42:57 +0000] "GET /logout HTTP/1.1" 401 871 "https://example.com/css/style.css" "Mozilla/5.0 (Windows NT 10.0; Win64; x64) AppleWebKit/537.36"
172.16.0.88 - - [15/Jun/2025:15:15:03 +0000] "GET /api/users HTTP/1.1" 302 90 "https://example.com/products" "Mozilla/5.0 (iPhone; CPU iPhone OS 14_0 like Mac OS X)"
172.16.0.88 - - [05/Jun/2025:20:12:57 +0000] "POST /products HTTP/1.1" 401 327 "https://example.com/admin" "curl/7.68.0"
10.0.0.15 - - [10/Jun/2025:20:42:30 +0000] "GET /images/logo.png HTTP/1.1" 301 256 "https://example.com/login" "Mozilla/5.0 (iPhone; CPU iPhone OS 14_0 like Mac OS X)"
172.16.0.88 - - [27/May/2025:06:18:43 +0000] "GET /products HTTP/1.1" 401 582 "-" "Mozilla/5.0 (Windows NT 10.0; Win64; x64) AppleWebKit/537.36"
172.16.0.88 - - [04/Jun/2025:07:53:35 +0000] "GET /logout HTTP/1.1" 502 749 "https://example.com/css/style.css" "curl/7.68.0"
198.51.100.23 - - [05/Jun/2025:04:28:54 +0000] "GET /css/style.css HTTP/1.1" 302 689 "-" "curl/7.68.0"
192.168.1.100 - - [26/May/2025:22:53:37 +0000] "GET /login HTTP/1.1" 404 808 "https://example.com/images/logo.png" "Mozilla/5.0 (Windows NT 10.0; Win64; x64) AppleWebKit/537.36"
10.0.0.15 - - [12/Jun/2025:16:20:09 +0000] "PUT / HTTP/1.1" 404 547 "https://example.com/products" "Mozilla/5.0 (Macintosh; Intel Mac OS X 10_15_7) AppleWebKit/537.36"
203.0.113.45 - - [26/May/2025:07:48:18 +0000] "PUT /login HTTP/1.1" 403 523 "https://example.com/products" "Mozilla/5.0 (iPhone; CPU iPhone OS 14_0 like Mac OS X)"
203.0.113.45 - - [16/Jun/2025:03:03:30 +0000] "GET /logout HTTP/1.1" 301 858 "https://example.com/admin" "curl/7.68.0"
192.168.1.100 - - [14/Jun/2025:23:07:06 +0000] "DELETE /css/style.css?id=814&page=1 HTTP/1.1" 502 352 "-" "Mozilla/5.0 (Macintosh; Intel Mac OS X 10_15_7) AppleWebKit/537.36"
192.168.1.100 - - [09/Jun/2025:22:17:00 +0000] "DELETE /images/logo.png HTTP/1.1" 301 782 "https://example.com/admin" "Mozilla/5.0 (Windows NT 10.0; Win64; x64) AppleWebKit/537.36"
192.168.1.100 - - [15/Jun/2025:02:05:32 +0000] "POST /images/logo.png HTTP/1.1" 200 14675 "https://example.com/" "Mozilla/5.0 (iPhone; CPU iPhone OS 14_0 like Mac OS X)"
10.0.0.15 - - [19/Jun/2025:04:27:19 +0000] "GET /api/users HTTP/1.1" 400 956 "-" "Mozilla/5.0 (Windows NT 10.0; Win64; x64) AppleWebKit/537.36"
198.51.100.23 - - [06/Jun/2025:04:12:07 +0000] "PUT /api/users HTTP/1.1" 201 358 "-" "Mozilla/5.0 (iPhone; CPU iPhone OS 14_0 like Mac OS X)"
10.0.0.15 - - [11/Jun/2025:13:14:17 +0000] "POST /logout HTTP/1.1" 302 328 "https://example.com/admin" "Mozilla/5.0 (iPhone; CPU iPhone OS 14_0 like Mac OS X)"
172.16.0.88 - - [09/Jun/2025:03:19:02 +0000] "POST /admin HTTP/1.1" 201 90 "https://example.com/products" "Mozilla/5.0 (Macintosh; Intel Mac OS X 10_15_7) AppleWebKit/537.36"
203.0.113.45 - - [26/May/2025:09:57:14 +0000] "DELETE /images/logo.png HTTP/1.1" 403 607 "-" "Mozilla/5.0 (Macintosh; Intel Mac OS X 10_15_7) AppleWebKit/537.36"
172.16.0.88 - - [03/Jun/2025:20:17:07 +0000] "PUT /products HTTP/1.1" 502 776 "https://example.com/admin" "Mozilla/5.0 (Windows NT 10.0; Win64; x64) AppleWebKit/537.36"
203.0.113.45 - - [09/Jun/2025:19:43:59 +0000] "POST /login HTTP/1.1" 404 1000 "https://example.com/products" "Mozilla/5.0 (X11; Linux x86_64) AppleWebKit/537.36"
192.168.1.100 - - [01/Jun/2025:12:24:26 +0000] "PUT /?id=600&page=3 HTTP/1.1" 404 171 "https://example.com/login" "Mozilla/5.0 (Windows NT 10.0; Win64; x64) AppleWebKit/537.36"
203.0.113.45 - - [02/Jun/2025:19:31:11 +0000] "DELETE /login HTTP/1.1" 401 434 "https://example.com/products" "Mozilla/5.0 (iPhone; CPU iPhone OS 14_0 like Mac OS X)"
198.51.100.23 - - [06/Jun/2025:04:14:47 +0000] "PUT / HTTP/1.1" 302 456 "https://example.com/login" "curl/7.68.0"
203.0.113.45 - - [12/Jun/2025:01:31:26 +0000] "DELETE /login HTTP/1.1" 302 958 "https://example.com/" "Mozilla/5.0 (iPhone; CPU iPhone OS 14_0 like Mac OS X)"
192.168.1.100 - - [19/Jun/2025:14:49:33 +0000] "GET /login HTTP/1.1" 500 107 "https://example.com/" "curl/7.68.0"
203.0.113.45 - - [22/May/2025:19:19:39 +0000] "GET / HTTP/1.1" 201 464 "https://example.com/api/users" "curl/7.68.0"
192.168.1.100 - - [14/Jun/2025:13:03:05 +0000] "PUT /admin HTTP/1.1" 500 953 "https://example.com/" "curl/7.68.0"
10.0.0.15 - - [01/Jun/2025:05:43:01 +0000] "PUT /login HTTP/1.1" 401 55 "-" "Mozilla/5.0 (Macintosh; Intel Mac OS X 10_15_7) AppleWebKit/537.36"
172.16.0.88 - - [04/Jun/2025:07:24:40 +0000] "GET /login HTTP/1.1" 200 22972 "https://example.com/css/style.css" "Mozilla/5.0 (iPhone; CPU iPhone OS 14_0 like Mac OS X)"
192.168.1.100 - - [29/May/2025:07:43:15 +0000] "DELETE /products HTTP/1.1" 404 493 "https://example.com/login" "Mozilla/5.0 (Windows NT 10.0; Win64; x64) AppleWebKit/537.36"
203.0.113.45 - - [26/May/2025:07:19:05 +0000] "POST /css/style.css HTTP/1.1" 200 21642 "-" "Mozilla/5.0 (Macintosh; Intel Mac OS X 10_15_7) AppleWebKit/537.36"
203.0.113.45 - - [17/Jun/2025:21:22:20 +0000] "POST /images/logo.png HTTP/1.1" 200 40737 "-" "Mozilla/5.0 (iPhone; CPU iPhone OS 14_0 like Mac OS X)"
198.51.100.23 - - [14/Jun/2025:19:53:02 +0000] "POST /login HTTP/1.1" 201 95 "-" "Mozilla/5.0 (Macintosh; Intel Mac OS X 10_15_7) AppleWebKit/537.36"
172.16.0.88 - - [18/Jun/2025:10:55:10 +0000] "PUT / HTTP/1.1" 302 992 "https://example.com/api/users" "curl/7.68.0"
203.0.113.45 - - [29/May/2025:06:55:30 +0000] "GET /products HTTP/1.1" 403 400 "https://example.com/css/style.css" "Mozilla/5.0 (Macintosh; Intel Mac OS X 10_15_7) AppleWebKit/537.36"
203.0.113.45 - - [07/Jun/2025:23:25:41 +0000] "PUT /api/users HTTP/1.1" 404 878 "https://example.com/login" "Mozilla/5.0 (iPhone; CPU iPhone OS 14_0 like Mac OS X)"
172.16.0.88 - - [11/Jun/2025:12:54:30 +0000] "GET /login HTTP/1.1" 500 545 "https://example.com/" "Mozilla/5.0 (Windows NT 10.0; Win64; x64) AppleWebKit/537.36"
192.168.1.100 - - [19/Jun/2025:08:55:14 +0000] "PUT /images/logo.png HTTP/1.1" 500 494 "-" "Mozilla/5.0 (X11; Linux x86_64) AppleWebKit/537.36"
10.0.0.15 - - [13/Jun/2025:15:55:25 +0000] "GET /?id=490&page=7 HTTP/1.1" 404 152 "https://example.com/api/users" "Mozilla/5.0 (Macintosh; Intel Mac OS X 10_15_7) AppleWebKit/537.36"
198.51.100.23 - - [20/Jun/2025:09:14:03 +0000] "PUT /products HTTP/1.1" 403 524 "-" "Mozilla/5.0 (X11; Linux x86_64) AppleWebKit/537.36"
192.168.1.100 - - [18/Jun/2025:01:02:35 +0000] "GET /logout HTTP/1.1" 400 3 "-" "Mozilla/5.0 (Windows NT 10.0; Win64; x64) AppleWebKit/537.36"
10.0.0.15 - - [18/Jun/2025:01:06:42 +0000] "PUT /admin HTTP/1.1" 301 63 "https://example.com/api/users" "Mozilla/5.0 (Macintosh; Intel Mac OS X 10_15_7) AppleWebKit/537.36"
192.168.1.100 - - [04/Jun/2025:13:48:17 +0000] "POST /images/logo.png HTTP/1.1" 401 3 "https://example.com/css/style.css" "Mozilla/5.0 (Macintosh; Intel Mac OS X 10_15_7) AppleWebKit/537.36"
192.168.1.100 - - [02/Jun/2025:04:46:54 +0000] "GET /products HTTP/1.1" 201 622 "https://example.com/admin" "Mozilla/5.0 (iPhone; CPU iPhone OS 14_0 like Mac OS X)"
172.16.0.88 - - [11/Jun/2025:21:24:05 +0000] "POST /products?id=887&page=9 HTTP/1.1" 401 920 "https://example.com/api/users" "curl/7.68.0"
172.16.0.88 - - [10/Jun/2025:06:36:11 +0000] "POST /api/users HTTP/1.1" 401 358 "https://example.com/" "Mozilla/5.0 (iPhone; CPU iPhone OS 14_0 like Mac OS X)"
192.168.1.100 - - [04/Jun/2025:00:41:16 +0000] "DELETE /products HTTP/1.1" 301 265 "https://example.com/api/users" "curl/7.68.0"
203.0.113.45 - - [19/Jun/2025:03:02:43 +0000] "POST /logout HTTP/1.1" 403 981 "https://example.com/" "Mozilla/5.0 (Macintosh; Intel Mac OS X 10_15_7) AppleWebKit/537.36"
198.51.100.23 - - [14/Jun/2025:11:07:43 +0000] "PUT /images/logo.png HTTP/1.1" 301 222 "-" "Mozilla/5.0 (Macintosh; Intel Mac OS X 10_15_7) AppleWebKit/537.36"
172.16.0.88 - - [18/Jun/2025:01:11:32 +0000] "DELETE /css/style.css HTTP/1.1" 401 8 "https://example.com/api/users" "Mozilla/5.0 (Windows NT 10.0; Win64; x64) AppleWebKit/537.36"
203.0.113.45 - - [30/May/2025:12:04:52 +0000] "DELETE /products HTTP/1.1" 404 355 "https://example.com/login" "Mozilla/5.0 (Windows NT 10.0; Win64; x64) AppleWebKit/537.36"
10.0.0.15 - - [28/May/2025:17:27:58 +0000] "DELETE /products HTTP/1.1" 302 169 "-" "curl/7.68.0"
10.0.0.15 - - [26/May/2025:04:12:52 +0000] "DELETE /admin HTTP/1.1" 403 715 "https://example.com/products" "Mozilla/5.0 (Windows NT 10.0; Win64; x64) AppleWebKit/537.36"
172.16.0.88 - - [29/May/2025:05:37:29 +0000] "POST /products HTTP/1.1" 404 204 "https://example.com/images/logo.png" "curl/7.68.0"
192.168.1.100 - - [20/Jun/2025:02:59:39 +0000] "GET /admin?id=709&page=5 HTTP/1.1" 200 31977 "https://example.com/logout" "Mozilla/5.0 (X11; Linux x86_64) AppleWebKit/537.36"
172.16.0.88 - - [16/Jun/2025:05:34:02 +0000] "GET /images/logo.png HTTP/1.1" 404 190 "https://example.com/images/logo.png" "Mozilla/5.0 (iPhone; CPU iPhone OS 14_0 like Mac OS X)"
198.51.100.23 - - [02/Jun/2025:03:18:20 +0000] "PUT /logout HTTP/1.1" 301 819 "https://example.com/" "Mozilla/5.0 (Macintosh; Intel Mac OS X 10_15_7) AppleWebKit/537.36"
10.0.0.15 - - [03/Jun/2025:21:20:06 +0000] "DELETE /logout HTTP/1.1" 404 361 "-" "Mozilla/5.0 (Windows NT 10.0; Win64; x64) AppleWebKit/537.36"
203.0.113.45 - - [21/May/2025:22:26:47 +0000] "PUT /css/style.css HTTP/1.1" 404 152 "https://example.com/images/logo.png" "Mozilla/5.0 (X11; Linux x86_64) AppleWebKit/537.36"
172.16.0.88 - - [19/Jun/2025:00:58:41 +0000] "DELETE /css/style.css HTTP/1.1" 500 52 "https://example.com/products" "Mozilla/5.0 (X11; Linux x86_64) AppleWebKit/537.36"
203.0.113.45 - - [27/May/2025:06:01:38 +0000] "POST /products HTTP/1.1" 302 711 "https://example.com/images/logo.png" "Mozilla/5.0 (Windows NT 10.0; Win64; x64) AppleWebKit/537.36"
198.51.100.23 - - [07/Jun/2025:00:21:59 +0000] "GET / HTTP/1.1" 200 46503 "-" "Mozilla/5.0 (iPhone; CPU iPhone OS 14_0 like Mac OS X)"
172.16.0.88 - - [05/Jun/2025:02:50:36 +0000] "DELETE /logout?id=76&page=5 HTTP/1.1" 200 35572 "https://example.com/logout" "Mozilla/5.0 (iPhone; CPU iPhone OS 14_0 like Mac OS X)"
203.0.113.45 - - [31/May/2025:20:36:21 +0000] "PUT /products HTTP/1.1" 201 692 "-" "Mozilla/5.0 (Macintosh; Intel Mac OS X 10_15_7) AppleWebKit/537.36"
192.168.1.100 - - [31/May/2025:23:19:08 +0000] "POST /products HTTP/1.1" 403 593 "-" "Mozilla/5.0 (Macintosh; Intel Mac OS X 10_15_7) AppleWebKit/537.36"
192.168.1.100 - - [28/May/2025:16:57:36 +0000] "GET / HTTP/1.1" 200 5870 "https://example.com/products" "Mozilla/5.0 (X11; Linux x86_64) AppleWebKit/537.36"
203.0.113.45 - - [15/Jun/2025:06:58:23 +0000] "DELETE / HTTP/1.1" 400 978 "-" "Mozilla/5.0 (iPhone; CPU iPhone OS 14_0 like Mac OS X)"
198.51.100.23 - - [17/Jun/2025:17:02:08 +0000] "GET /css/style.css?id=68&page=7 HTTP/1.1" 401 463 "https://example.com/admin" "Mozilla/5.0 (Macintosh; Intel Mac OS X 10_15_7) AppleWebKit/537.36"
192.168.1.100 - - [03/Jun/2025:19:39:57 +0000] "POST /images/logo.png HTTP/1.1" 301 343 "https://example.com/css/style.css" "curl/7.68.0"
198.51.100.23 - - [11/Jun/2025:21:05:35 +0000] "GET /api/users HTTP/1.1" 404 331 "https://example.com/css/style.css" "curl/7.68.0"
203.0.113.45 - - [24/May/2025:22:10:03 +0000] "POST / HTTP/1.1" 403 795 "https://example.com/products" "Mozilla/5.0 (X11; Linux x86_64) AppleWebKit/537.36"
203.0.113.45 - - [15/Jun/2025:16:19:57 +0000] "DELETE /products HTTP/1.1" 400 224 "https://example.com/images/logo.png" "Mozilla/5.0 (Windows NT 10.0; Win64; x64) AppleWebKit/537.36"
10.0.0.15 - - [18/Jun/2025:00:31:55 +0000] "GET /images/logo.png HTTP/1.1" 301 994 "https://example.com/products" "curl/7.68.0"
10.0.0.15 - - [23/May/2025:21:28:27 +0000] "DELETE /products HTTP/1.1" 302 110 "https://example.com/css/style.css" "Mozilla/5.0 (Windows NT 10.0; Win64; x64) AppleWebKit/537.36"
192.168.1.100 - - [02/Jun/2025:07:20:44 +0000] "GET /api/users HTTP/1.1" 400 871 "https://example.com/images/logo.png" "curl/7.68.0"
203.0.113.45 - - [13/Jun/2025:20:28:57 +0000] "POST /images/logo.png?id=333&page=3 HTTP/1.1" 400 255 "https://example.com/api/users" "curl/7.68.0"
203.0.113.45 - - [02/Jun/2025:19:44:17 +0000] "PUT /images/logo.png HTTP/1.1" 200 9692 "-" "curl/7.68.0"
198.51.100.23 - - [06/Jun/2025:17:45:38 +0000] "PUT /products?id=342&page=7 HTTP/1.1" 400 639 "https://example.com/login" "curl/7.68.0"
192.168.1.100 - - [16/Jun/2025:00:03:50 +0000] "PUT /products HTTP/1.1" 302 229 "https://example.com/" "Mozilla/5.0 (Macintosh; Intel Mac OS X 10_15_7) AppleWebKit/537.36"
172.16.0.88 - - [03/Jun/2025:09:19:14 +0000] "POST /products HTTP/1.1" 201 927 "-" "Mozilla/5.0 (Windows NT 10.0; Win64; x64) AppleWebKit/537.36"
203.0.113.45 - - [18/Jun/2025:04:22:18 +0000] "PUT /api/users HTTP/1.1" 201 278 "https://example.com/api/users" "Mozilla/5.0 (Windows NT 10.0; Win64; x64) AppleWebKit/537.36"
192.168.1.100 - - [06/Jun/2025:13:33:25 +0000] "PUT /login HTTP/1.1" 500 177 "https://example.com/images/logo.png" "curl/7.68.0"
10.0.0.15 - - [25/May/2025:11:53:23 +0000] "POST / HTTP/1.1" 400 66 "https://example.com/" "Mozilla/5.0 (X11; Linux x86_64) AppleWebKit/537.36"
198.51.100.23 - - [20/Jun/2025:01:37:11 +0000] "DELETE /css/style.css HTTP/1.1" 500 856 "https://example.com/css/style.css" "Mozilla/5.0 (Macintosh; Intel Mac OS X 10_15_7) AppleWebKit/537.36"
192.168.1.100 - - [31/May/2025:01:26:01 +0000] "PUT /css/style.css HTTP/1.1" 403 511 "https://example.com/api/users" "curl/7.68.0"
203.0.113.45 - - [15/Jun/2025:16:41:16 +0000] "PUT / HTTP/1.1" 500 789 "https://example.com/css/style.css" "Mozilla/5.0 (iPhone; CPU iPhone OS 14_0 like Mac OS X)"
10.0.0.15 - - [08/Jun/2025:05:34:10 +0000] "DELETE /css/style.css HTTP/1.1" 400 648 "https://example.com/logout" "curl/7.68.0"
172.16.0.88 - - [01/Jun/2025:17:11:47 +0000] "POST /products HTTP/1.1" 201 632 "-" "Mozilla/5.0 (Windows NT 10.0; Win64; x64) AppleWebKit/537.36"
10.0.0.15 - - [02/Jun/2025:20:28:26 +0000] "POST /api/users?id=672&page=3 HTTP/1.1" 401 756 "https://example.com/admin" "Mozilla/5.0 (Macintosh; Intel Mac OS X 10_15_7) AppleWebKit/537.36"
198.51.100.23 - - [09/Jun/2025:19:46:20 +0000] "GET /api/users HTTP/1.1" 500 37 "https://example.com/logout" "curl/7.68.0"
198.51.100.23 - - [13/Jun/2025:09:59:22 +0000] "GET / HTTP/1.1" 302 956 "https://example.com/" "Mozilla/5.0 (Windows NT 10.0; Win64; x64) AppleWebKit/537.36"
192.168.1.100 - - [29/May/2025:18:35:10 +0000] "GET /images/logo.png HTTP/1.1" 301 484 "-" "curl/7.68.0"
198.51.100.23 - - [22/May/2025:09:29:41 +0000] "DELETE /api/users HTTP/1.1" 502 631 "-" "Mozilla/5.0 (iPhone; CPU iPhone OS 14_0 like Mac OS X)"
172.16.0.88 - - [31/May/2025:07:06:45 +0000] "PUT /api/users HTTP/1.1" 301 302 "https://example.com/css/style.css" "Mozilla/5.0 (iPhone; CPU iPhone OS 14_0 like Mac OS X)"
172.16.0.88 - - [14/Jun/2025:09:30:24 +0000] "GET /api/users HTTP/1.1" 403 373 "https://example.com/api/users" "Mozilla/5.0 (X11; Linux x86_64) AppleWebKit/537.36"
192.168.1.100 - - [08/Jun/2025:16:32:06 +0000] "PUT /products HTTP/1.1" 301 934 "https://example.com/login" "Mozilla/5.0 (iPhone; CPU iPhone OS 14_0 like Mac OS X)"
192.168.1.100 - - [20/Jun/2025:11:01:07 +0000] "POST /products HTTP/1.1" 201 408 "https://example.com/admin" "Mozilla/5.0 (Windows NT 10.0; Win64; x64) AppleWebKit/537.36"
172.16.0.88 - - [24/May/2025:08:27:58 +0000] "POST /products HTTP/1.1" 201 234 "https://example.com/css/style.css" "Mozilla/5.0 (iPhone; CPU iPhone OS 14_0 like Mac OS X)"
192.168.1.100 - - [03/Jun/2025:05:04:41 +0000] "PUT /api/users HTTP/1.1" 301 84 "-" "curl/7.68.0"
172.16.0.88 - - [07/Jun/2025:11:23:17 +0000] "POST /api/users HTTP/1.1" 302 313 "-" "Mozilla/5.0 (Windows NT 10.0; Win64; x64) AppleWebKit/537.36"
10.0.0.15 - - [05/Jun/2025:13:24:29 +0000] "PUT /admin HTTP/1.1" 403 843 "https://example.com/" "Mozilla/5.0 (iPhone; CPU iPhone OS 14_0 like Mac OS X)"
172.16.0.88 - - [21/May/2025:19:08:30 +0000] "GET /products?id=955&page=5 HTTP/1.1" 201 496 "https://example.com/admin" "Mozilla/5.0 (Windows NT 10.0; Win64; x64) AppleWebKit/537.36"
203.0.113.45 - - [22/May/2025:17:03:10 +0000] "POST /login HTTP/1.1" 201 520 "https://example.com/products" "Mozilla/5.0 (iPhone; CPU iPhone OS 14_0 like Mac OS X)"
203.0.113.45 - - [03/Jun/2025:10:21:46 +0000] "PUT /css/style.css HTTP/1.1" 401 836 "https://example.com/images/logo.png" "Mozilla/5.0 (X11; Linux x86_64) AppleWebKit/537.36"
10.0.0.15 - - [03/Jun/2025:09:41:19 +0000] "PUT /admin?id=173&page=3 HTTP/1.1" 404 99 "https://example.com/admin" "curl/7.68.0"
10.0.0.15 - - [22/May/2025:23:48:44 +0000] "PUT /css/style.css HTTP/1.1" 500 239 "-" "Mozilla/5.0 (Windows NT 10.0; Win64; x64) AppleWebKit/537.36"
192.168.1.100 - - [18/Jun/2025:08:49:18 +0000] "PUT /logout HTTP/1.1" 404 567 "-" "Mozilla/5.0 (iPhone; CPU iPhone OS 14_0 like Mac OS X)"
192.168.1.100 - - [31/May/2025:12:37:24 +0000] "GET /css/style.css HTTP/1.1" 301 723 "https://example.com/images/logo.png" "Mozilla/5.0 (Macintosh; Intel Mac OS X 10_15_7) AppleWebKit/537.36"
192.168.1.100 - - [13/Jun/2025:05:28:56 +0000] "POST /products?id=115&page=2 HTTP/1.1" 404 393 "https://example.com/products" "Mozilla/5.0 (Macintosh; Intel Mac OS X 10_15_7) AppleWebKit/537.36"
203.0.113.45 - - [28/May/2025:07:22:55 +0000] "PUT /products HTTP/1.1" 301 637 "https://example.com/css/style.css" "Mozilla/5.0 (X11; Linux x86_64) AppleWebKit/537.36"
172.16.0.88 - - [02/Jun/2025:19:27:47 +0000] "PUT /login HTTP/1.1" 401 963 "-" "curl/7.68.0"
10.0.0.15 - - [06/Jun/2025:01:51:34 +0000] "POST /products HTTP/1.1" 502 227 "-" "Mozilla/5.0 (X11; Linux x86_64) AppleWebKit/537.36"
10.0.0.15 - - [04/Jun/2025:14:52:29 +0000] "POST /images/logo.png HTTP/1.1" 301 239 "-" "Mozilla/5.0 (iPhone; CPU iPhone OS 14_0 like Mac OS X)"
203.0.113.45 - - [02/Jun/2025:13:10:39 +0000] "POST /login HTTP/1.1" 200 43362 "https://example.com/images/logo.png" "Mozilla/5.0 (X11; Linux x86_64) AppleWebKit/537.36"
172.16.0.88 - - [28/May/2025:04:17:33 +0000] "DELETE /products HTTP/1.1" 302 376 "https://example.com/css/style.css" "Mozilla/5.0 (Macintosh; Intel Mac OS X 10_15_7) AppleWebKit/537.36"
203.0.113.45 - - [08/Jun/2025:07:55:47 +0000] "POST /api/users HTTP/1.1" 502 973 "https://example.com/logout" "Mozilla/5.0 (Macintosh; Intel Mac OS X 10_15_7) AppleWebKit/537.36"
10.0.0.15 - - [13/Jun/2025:07:25:02 +0000] "POST /images/logo.png HTTP/1.1" 200 17235 "https://example.com/login" "Mozilla/5.0 (Macintosh; Intel Mac OS X 10_15_7) AppleWebKit/537.36"
172.16.0.88 - - [09/Jun/2025:17:53:50 +0000] "DELETE /logout?id=184&page=1 HTTP/1.1" 500 93 "https://example.com/admin" "Mozilla/5.0 (iPhone; CPU iPhone OS 14_0 like Mac OS X)"
172.16.0.88 - - [24/May/2025:06:47:41 +0000] "GET /api/users HTTP/1.1" 500 551 "https://example.com/products" "curl/7.68.0"
10.0.0.15 - - [09/Jun/2025:08:41:14 +0000] "GET /admin HTTP/1.1" 500 816 "https://example.com/logout" "Mozilla/5.0 (X11; Linux x86_64) AppleWebKit/537.36"
192.168.1.100 - - [29/May/2025:18:38:30 +0000] "PUT /css/style.css HTTP/1.1" 302 625 "https://example.com/images/logo.png" "Mozilla/5.0 (Windows NT 10.0; Win64; x64) AppleWebKit/537.36"
198.51.100.23 - - [22/May/2025:07:50:21 +0000] "DELETE /images/logo.png HTTP/1.1" 500 145 "https://example.com/" "Mozilla/5.0 (Windows NT 10.0; Win64; x64) AppleWebKit/537.36"
10.0.0.15 - - [28/May/2025:10:22:26 +0000] "DELETE /login HTTP/1.1" 201 908 "-" "curl/7.68.0"
10.0.0.15 - - [16/Jun/2025:01:03:30 +0000] "PUT /api/users HTTP/1.1" 201 564 "https://example.com/css/style.css" "curl/7.68.0"
198.51.100.23 - - [19/Jun/2025:14:12:16 +0000] "POST /login HTTP/1.1" 500 618 "https://example.com/" "curl/7.68.0"
172.16.0.88 - - [28/May/2025:19:26:08 +0000] "DELETE /login HTTP/1.1" 403 993 "https://example.com/admin" "Mozilla/5.0 (X11; Linux x86_64) AppleWebKit/537.36"
10.0.0.15 - - [07/Jun/2025:23:46:39 +0000] "PUT /images/logo.png HTTP/1.1" 400 899 "https://example.com/logout" "Mozilla/5.0 (Windows NT 10.0; Win64; x64) AppleWebKit/537.36"
172.16.0.88 - - [07/Jun/2025:09:00:29 +0000] "PUT /logout?id=758&page=5 HTTP/1.1" 404 121 "https://example.com/products" "Mozilla/5.0 (Macintosh; Intel Mac OS X 10_15_7) AppleWebKit/537.36"
203.0.113.45 - - [10/Jun/2025:10:50:33 +0000] "POST /login HTTP/1.1" 400 950 "-" "Mozilla/5.0 (Windows NT 10.0; Win64; x64) AppleWebKit/537.36"
10.0.0.15 - - [22/May/2025:15:10:45 +0000] "DELETE / HTTP/1.1" 200 3307 "https://example.com/login" "curl/7.68.0"
203.0.113.45 - - [28/May/2025:06:45:32 +0000] "PUT /login HTTP/1.1" 400 646 "https://example.com/logout" "Mozilla/5.0 (Windows NT 10.0; Win64; x64) AppleWebKit/537.36"
203.0.113.45 - - [07/Jun/2025:13:31:38 +0000] "DELETE /admin HTTP/1.1" 400 554 "https://example.com/" "Mozilla/5.0 (Macintosh; Intel Mac OS X 10_15_7) AppleWebKit/537.36"
198.51.100.23 - - [31/May/2025:10:52:24 +0000] "DELETE /login HTTP/1.1" 401 477 "-" "Mozilla/5.0 (X11; Linux x86_64) AppleWebKit/537.36"
192.168.1.100 - - [05/Jun/2025:18:42:08 +0000] "PUT /admin HTTP/1.1" 404 261 "https://example.com/products" "curl/7.68.0"
198.51.100.23 - - [15/Jun/2025:10:19:21 +0000] "GET /css/style.css HTTP/1.1" 400 377 "https://example.com/images/logo.png" "curl/7.68.0"
172.16.0.88 - - [28/May/2025:09:13:55 +0000] "DELETE /logout HTTP/1.1" 500 652 "https://example.com/logout" "Mozilla/5.0 (iPhone; CPU iPhone OS 14_0 like Mac OS X)"
192.168.1.100 - - [31/May/2025:06:20:53 +0000] "POST /products HTTP/1.1" 200 49181 "-" "Mozilla/5.0 (Windows NT 10.0; Win64; x64) AppleWebKit/537.36"
10.0.0.15 - - [10/Jun/2025:11:41:04 +0000] "POST /login HTTP/1.1" 302 41 "https://example.com/logout" "Mozilla/5.0 (X11; Linux x86_64) AppleWebKit/537.36"
10.0.0.15 - - [06/Jun/2025:04:24:33 +0000] "DELETE /products HTTP/1.1" 404 902 "-" "curl/7.68.0"
10.0.0.15 - - [21/May/2025:13:44:39 +0000] "GET /css/style.css HTTP/1.1" 401 625 "https://example.com/admin" "Mozilla/5.0 (Windows NT 10.0; Win64; x64) AppleWebKit/537.36"
172.16.0.88 - - [13/Jun/2025:08:24:41 +0000] "PUT /images/logo.png HTTP/1.1" 404 443 "-" "curl/7.68.0"
203.0.113.45 - - [22/May/2025:18:43:26 +0000] "DELETE / HTTP/1.1" 500 769 "-" "Mozilla/5.0 (iPhone; CPU iPhone OS 14_0 like Mac OS X)"
172.16.0.88 - - [19/Jun/2025:17:34:15 +0000] "POST /images/logo.png HTTP/1.1" 502 751 "https://example.com/" "Mozilla/5.0 (iPhone; CPU iPhone OS 14_0 like Mac OS X)"
192.168.1.100 - - [17/Jun/2025:03:40:24 +0000] "PUT /api/users HTTP/1.1" 500 1 "https://example.com/products" "Mozilla/5.0 (Windows NT 10.0; Win64; x64) AppleWebKit/537.36"
172.16.0.88 - - [05/Jun/2025:21:08:22 +0000] "POST /login HTTP/1.1" 401 832 "https://example.com/css/style.css" "Mozilla/5.0 (X11; Linux x86_64) AppleWebKit/537.36"
203.0.113.45 - - [18/Jun/2025:08:47:15 +0000] "DELETE / HTTP/1.1" 401 604 "https://example.com/admin" "curl/7.68.0"
198.51.100.23 - - [21/May/2025:22:59:09 +0000] "PUT /css/style.css HTTP/1.1" 201 421 "https://example.com/images/logo.png" "Mozilla/5.0 (X11; Linux x86_64) AppleWebKit/537.36"
203.0.113.45 - - [10/Jun/2025:12:57:14 +0000] "PUT / HTTP/1.1" 302 904 "https://example.com/images/logo.png" "Mozilla/5.0 (Macintosh; Intel Mac OS X 10_15_7) AppleWebKit/537.36"
198.51.100.23 - - [18/Jun/2025:15:10:17 +0000] "PUT / HTTP/1.1" 404 882 "https://example.com/css/style.css" "Mozilla/5.0 (iPhone; CPU iPhone OS 14_0 like Mac OS X)"
10.0.0.15 - - [19/Jun/2025:04:54:15 +0000] "PUT / HTTP/1.1" 500 470 "https://example.com/login" "Mozilla/5.0 (Windows NT 10.0; Win64; x64) AppleWebKit/537.36"
10.0.0.15 - - [20/Jun/2025:11:32:03 +0000] "DELETE /admin HTTP/1.1" 301 236 "https://example.com/products" "Mozilla/5.0 (X11; Linux x86_64) AppleWebKit/537.36"
198.51.100.23 - - [22/May/2025:09:10:49 +0000] "GET /css/style.css HTTP/1.1" 403 64 "https://example.com/admin" "Mozilla/5.0 (Macintosh; Intel Mac OS X 10_15_7) AppleWebKit/537.36"
172.16.0.88 - - [01/Jun/2025:23:57:57 +0000] "POST /images/logo.png HTTP/1.1" 404 808 "-" "Mozilla/5.0 (Macintosh; Intel Mac OS X 10_15_7) AppleWebKit/537.36"
10.0.0.15 - - [03/Jun/2025:20:12:44 +0000] "POST /admin HTTP/1.1" 302 619 "https://example.com/admin" "curl/7.68.0"
198.51.100.23 - - [24/May/2025:12:49:44 +0000] "GET /logout HTTP/1.1" 502 857 "https://example.com/css/style.css" "Mozilla/5.0 (X11; Linux x86_64) AppleWebKit/537.36"
172.16.0.88 - - [29/May/2025:19:46:41 +0000] "DELETE /logout HTTP/1.1" 403 716 "https://example.com/logout" "curl/7.68.0"
10.0.0.15 - - [04/Jun/2025:17:30:45 +0000] "GET /css/style.css HTTP/1.1" 500 724 "-" "Mozilla/5.0 (Windows NT 10.0; Win64; x64) AppleWebKit/537.36"
192.168.1.100 - - [09/Jun/2025:10:37:13 +0000] "GET /api/users HTTP/1.1" 201 336 "https://example.com/logout" "Mozilla/5.0 (X11; Linux x86_64) AppleWebKit/537.36"
198.51.100.23 - - [15/Jun/2025:20:48:00 +0000] "DELETE /logout?id=374&page=10 HTTP/1.1" 400 667 "https://example.com/images/logo.png" "curl/7.68.0"
203.0.113.45 - - [31/May/2025:12:29:14 +0000] "PUT / HTTP/1.1" 301 922 "https://example.com/logout" "Mozilla/5.0 (X11; Linux x86_64) AppleWebKit/537.36"
192.168.1.100 - - [18/Jun/2025:02:07:26 +0000] "POST /logout HTTP/1.1" 401 817 "-" "Mozilla/5.0 (X11; Linux x86_64) AppleWebKit/537.36"
203.0.113.45 - - [29/May/2025:16:01:24 +0000] "PUT /images/logo.png?id=266&page=10 HTTP/1.1" 200 41884 "-" "Mozilla/5.0 (Windows NT 10.0; Win64; x64) AppleWebKit/537.36"
198.51.100.23 - - [17/Jun/2025:03:58:55 +0000] "PUT /logout?id=162&page=5 HTTP/1.1" 200 25556 "https://example.com/" "Mozilla/5.0 (X11; Linux x86_64) AppleWebKit/537.36"
198.51.100.23 - - [08/Jun/2025:20:05:28 +0000] "POST /api/users HTTP/1.1" 403 422 "https://example.com/admin" "Mozilla/5.0 (Macintosh; Intel Mac OS X 10_15_7) AppleWebKit/537.36"
172.16.0.88 - - [06/Jun/2025:17:24:34 +0000] "POST /logout HTTP/1.1" 404 397 "https://example.com/admin" "curl/7.68.0"
192.168.1.100 - - [29/May/2025:20:01:51 +0000] "PUT /login HTTP/1.1" 302 758 "https://example.com/api/users" "Mozilla/5.0 (X11; Linux x86_64) AppleWebKit/537.36"
198.51.100.23 - - [30/May/2025:05:00:38 +0000] "PUT /login HTTP/1.1" 302 407 "https://example.com/images/logo.png" "Mozilla/5.0 (Windows NT 10.0; Win64; x64) AppleWebKit/537.36"
198.51.100.23 - - [22/May/2025:04:36:28 +0000] "POST /products HTTP/1.1" 302 707 "https://example.com/products" "Mozilla/5.0 (Windows NT 10.0; Win64; x64) AppleWebKit/537.36"
10.0.0.15 - - [28/May/2025:18:47:47 +0000] "PUT /images/logo.png HTTP/1.1" 200 4329 "https://example.com/logout" "Mozilla/5.0 (Windows NT 10.0; Win64; x64) AppleWebKit/537.36"
198.51.100.23 - - [01/Jun/2025:21:18:47 +0000] "DELETE /api/users HTTP/1.1" 400 220 "https://example.com/api/users" "curl/7.68.0"
192.168.1.100 - - [04/Jun/2025:19:57:46 +0000] "DELETE /admin HTTP/1.1" 403 409 "-" "Mozilla/5.0 (X11; Linux x86_64) AppleWebKit/537.36"
203.0.113.45 - - [02/Jun/2025:09:51:53 +0000] "PUT /css/style.css?id=930&page=2 HTTP/1.1" 401 711 "https://example.com/login" "Mozilla/5.0 (Macintosh; Intel Mac OS X 10_15_7) AppleWebKit/537.36"
192.168.1.100 - - [16/Jun/2025:00:05:51 +0000] "POST /products HTTP/1.1" 502 5 "https://example.com/" "curl/7.68.0"
198.51.100.23 - - [17/Jun/2025:13:44:44 +0000] "PUT /logout HTTP/1.1" 301 858 "-" "Mozilla/5.0 (Windows NT 10.0; Win64; x64) AppleWebKit/537.36"
10.0.0.15 - - [21/May/2025:14:15:12 +0000] "PUT / HTTP/1.1" 200 46335 "https://example.com/admin" "curl/7.68.0"
10.0.0.15 - - [23/May/2025:02:41:48 +0000] "GET /?id=444&page=6 HTTP/1.1" 400 534 "-" "Mozilla/5.0 (Windows NT 10.0; Win64; x64) AppleWebKit/537.36"
203.0.113.45 - - [22/May/2025:05:49:09 +0000] "POST /api/users HTTP/1.1" 200 20300 "https://example.com/admin" "Mozilla/5.0 (Macintosh; Intel Mac OS X 10_15_7) AppleWebKit/537.36"
172.16.0.88 - - [25/May/2025:15:17:00 +0000] "PUT /css/style.css HTTP/1.1" 302 123 "https://example.com/css/style.css" "curl/7.68.0"
198.51.100.23 - - [24/May/2025:08:31:10 +0000] "GET /login HTTP/1.1" 500 409 "-" "Mozilla/5.0 (X11; Linux x86_64) AppleWebKit/537.36"
192.168.1.100 - - [20/Jun/2025:02:19:32 +0000] "POST /logout HTTP/1.1" 200 47628 "https://example.com/products" "Mozilla/5.0 (iPhone; CPU iPhone OS 14_0 like Mac OS X)"
192.168.1.100 - - [27/May/2025:12:23:57 +0000] "POST / HTTP/1.1" 502 826 "https://example.com/images/logo.png" "Mozilla/5.0 (X11; Linux x86_64) AppleWebKit/537.36"
172.16.0.88 - - [28/May/2025:23:31:11 +0000] "POST /admin HTTP/1.1" 301 604 "https://example.com/logout" "Mozilla/5.0 (Windows NT 10.0; Win64; x64) AppleWebKit/537.36"
10.0.0.15 - - [11/Jun/2025:20:03:14 +0000] "PUT /css/style.css?id=371&page=1 HTTP/1.1" 404 293 "https://example.com/admin" "Mozilla/5.0 (iPhone; CPU iPhone OS 14_0 like Mac OS X)"
192.168.1.100 - - [04/Jun/2025:13:24:29 +0000] "DELETE /css/style.css HTTP/1.1" 404 679 "-" "Mozilla/5.0 (Macintosh; Intel Mac OS X 10_15_7) AppleWebKit/537.36"
203.0.113.45 - - [10/Jun/2025:17:40:11 +0000] "DELETE / HTTP/1.1" 502 89 "https://example.com/images/logo.png" "Mozilla/5.0 (iPhone; CPU iPhone OS 14_0 like Mac OS X)"
172.16.0.88 - - [29/May/2025:19:33:59 +0000] "POST /api/users HTTP/1.1" 301 178 "https://example.com/css/style.css" "Mozilla/5.0 (X11; Linux x86_64) AppleWebKit/537.36"
172.16.0.88 - - [15/Jun/2025:23:03:00 +0000] "PUT /login HTTP/1.1" 502 482 "-" "Mozilla/5.0 (X11; Linux x86_64) AppleWebKit/537.36"
10.0.0.15 - - [19/Jun/2025:22:55:59 +0000] "DELETE /api/users HTTP/1.1" 302 397 "https://example.com/products" "curl/7.68.0"
10.0.0.15 - - [14/Jun/2025:05:20:45 +0000] "DELETE /logout HTTP/1.1" 502 443 "https://example.com/admin" "Mozilla/5.0 (Macintosh; Intel Mac OS X 10_15_7) AppleWebKit/537.36"
192.168.1.100 - - [13/Jun/2025:12:25:59 +0000] "PUT /admin HTTP/1.1" 403 468 "https://example.com/images/logo.png" "Mozilla/5.0 (Macintosh; Intel Mac OS X 10_15_7) AppleWebKit/537.36"
192.168.1.100 - - [18/Jun/2025:18:41:56 +0000] "POST /login HTTP/1.1" 302 401 "https://example.com/css/style.css" "Mozilla/5.0 (X11; Linux x86_64) AppleWebKit/537.36"
192.168.1.100 - - [31/May/2025:19:42:08 +0000] "GET /api/users HTTP/1.1" 201 978 "-" "Mozilla/5.0 (Windows NT 10.0; Win64; x64) AppleWebKit/537.36"
172.16.0.88 - - [21/May/2025:20:05:47 +0000] "GET /login HTTP/1.1" 502 793 "-" "Mozilla/5.0 (Macintosh; Intel Mac OS X 10_15_7) AppleWebKit/537.36"
198.51.100.23 - - [22/May/2025:16:06:03 +0000] "PUT /login HTTP/1.1" 403 289 "https://example.com/css/style.css" "Mozilla/5.0 (Macintosh; Intel Mac OS X 10_15_7) AppleWebKit/537.36"
172.16.0.88 - - [26/May/2025:06:07:43 +0000] "DELETE /login HTTP/1.1" 302 427 "https://example.com/api/users" "Mozilla/5.0 (X11; Linux x86_64) AppleWebKit/537.36"
198.51.100.23 - - [12/Jun/2025:12:51:28 +0000] "POST /api/users HTTP/1.1" 302 110 "-" "Mozilla/5.0 (iPhone; CPU iPhone OS 14_0 like Mac OS X)"
192.168.1.100 - - [19/Jun/2025:02:53:23 +0000] "PUT /login HTTP/1.1" 201 554 "https://example.com/css/style.css" "Mozilla/5.0 (iPhone; CPU iPhone OS 14_0 like Mac OS X)"
10.0.0.15 - - [09/Jun/2025:08:24:08 +0000] "PUT /login HTTP/1.1" 201 321 "https://example.com/css/style.css" "Mozilla/5.0 (Macintosh; Intel Mac OS X 10_15_7) AppleWebKit/537.36"
198.51.100.23 - - [27/May/2025:14:42:23 +0000] "POST /logout HTTP/1.1" 201 964 "-" "curl/7.68.0"
198.51.100.23 - - [03/Jun/2025:10:01:31 +0000] "DELETE /images/logo.png HTTP/1.1" 302 754 "https://example.com/" "Mozilla/5.0 (iPhone; CPU iPhone OS 14_0 like Mac OS X)"
198.51.100.23 - - [18/Jun/2025:04:49:40 +0000] "DELETE / HTTP/1.1" 301 439 "-" "curl/7.68.0"
192.168.1.100 - - [19/Jun/2025:11:46:45 +0000] "PUT /products HTTP/1.1" 201 651 "https://example.com/admin" "Mozilla/5.0 (Macintosh; Intel Mac OS X 10_15_7) AppleWebKit/537.36"
172.16.0.88 - - [06/Jun/2025:19:13:10 +0000] "PUT /images/logo.png HTTP/1.1" 403 419 "https://example.com/logout" "Mozilla/5.0 (Windows NT 10.0; Win64; x64) AppleWebKit/537.36"
203.0.113.45 - - [01/Jun/2025:08:00:09 +0000] "PUT /products?id=495&page=8 HTTP/1.1" 500 74 "https://example.com/api/users" "curl/7.68.0"
192.168.1.100 - - [30/May/2025:17:50:53 +0000] "POST /api/users HTTP/1.1" 301 39 "-" "curl/7.68.0"
198.51.100.23 - - [01/Jun/2025:02:46:34 +0000] "PUT /images/logo.png HTTP/1.1" 201 171 "https://example.com/css/style.css" "Mozilla/5.0 (Macintosh; Intel Mac OS X 10_15_7) AppleWebKit/537.36"
10.0.0.15 - - [18/Jun/2025:11:59:44 +0000] "PUT /login HTTP/1.1" 302 36 "https://example.com/css/style.css" "Mozilla/5.0 (Macintosh; Intel Mac OS X 10_15_7) AppleWebKit/537.36"
192.168.1.100 - - [31/May/2025:21:18:20 +0000] "GET /?id=317&page=3 HTTP/1.1" 502 143 "https://example.com/images/logo.png" "Mozilla/5.0 (iPhone; CPU iPhone OS 14_0 like Mac OS X)"
10.0.0.15 - - [27/May/2025:02:23:29 +0000] "PUT /admin HTTP/1.1" 200 22272 "https://example.com/" "curl/7.68.0"
10.0.0.15 - - [15/Jun/2025:11:06:37 +0000] "GET /admin HTTP/1.1" 400 127 "https://example.com/products" "Mozilla/5.0 (Macintosh; Intel Mac OS X 10_15_7) AppleWebKit/537.36"
198.51.100.23 - - [25/May/2025:09:45:49 +0000] "POST /products HTTP/1.1" 403 532 "https://example.com/css/style.css" "Mozilla/5.0 (iPhone; CPU iPhone OS 14_0 like Mac OS X)"
10.0.0.15 - - [06/Jun/2025:10:33:30 +0000] "GET /css/style.css HTTP/1.1" 500 863 "https://example.com/login" "curl/7.68.0"
10.0.0.15 - - [08/Jun/2025:14:16:57 +0000] "DELETE / HTTP/1.1" 401 868 "-" "curl/7.68.0"
172.16.0.88 - - [14/Jun/2025:09:11:50 +0000] "DELETE /api/users HTTP/1.1" 500 506 "https://example.com/admin" "Mozilla/5.0 (Macintosh; Intel Mac OS X 10_15_7) AppleWebKit/537.36"
192.168.1.100 - - [20/Jun/2025:02:24:05 +0000] "POST /admin HTTP/1.1" 502 487 "https://example.com/login" "Mozilla/5.0 (Windows NT 10.0; Win64; x64) AppleWebKit/537.36"
198.51.100.23 - - [09/Jun/2025:05:00:49 +0000] "PUT / HTTP/1.1" 201 29 "https://example.com/products" "Mozilla/5.0 (X11; Linux x86_64) AppleWebKit/537.36"
192.168.1.100 - - [29/May/2025:03:22:46 +0000] "GET /login HTTP/1.1" 500 752 "-" "Mozilla/5.0 (iPhone; CPU iPhone OS 14_0 like Mac OS X)"
192.168.1.100 - - [26/May/2025:01:06:23 +0000] "GET /admin HTTP/1.1" 502 428 "-" "Mozilla/5.0 (Macintosh; Intel Mac OS X 10_15_7) AppleWebKit/537.36"
203.0.113.45 - - [09/Jun/2025:01:02:42 +0000] "PUT /admin HTTP/1.1" 502 534 "https://example.com/css/style.css" "curl/7.68.0"
172.16.0.88 - - [21/May/2025:14:02:31 +0000] "POST /admin HTTP/1.1" 301 282 "https://example.com/products" "Mozilla/5.0 (X11; Linux x86_64) AppleWebKit/537.36"
198.51.100.23 - - [17/Jun/2025:12:24:38 +0000] "DELETE /images/logo.png HTTP/1.1" 502 450 "https://example.com/" "Mozilla/5.0 (Macintosh; Intel Mac OS X 10_15_7) AppleWebKit/537.36"
10.0.0.15 - - [03/Jun/2025:12:42:56 +0000] "PUT /css/style.css HTTP/1.1" 500 619 "https://example.com/css/style.css" "curl/7.68.0"
198.51.100.23 - - [02/Jun/2025:19:46:19 +0000] "DELETE /login HTTP/1.1" 400 769 "-" "Mozilla/5.0 (X11; Linux x86_64) AppleWebKit/537.36"
198.51.100.23 - - [05/Jun/2025:16:57:31 +0000] "GET /products HTTP/1.1" 302 155 "https://example.com/images/logo.png" "Mozilla/5.0 (X11; Linux x86_64) AppleWebKit/537.36"
172.16.0.88 - - [12/Jun/2025:10:02:57 +0000] "DELETE /logout HTTP/1.1" 502 698 "https://example.com/products" "curl/7.68.0"
192.168.1.100 - - [14/Jun/2025:06:01:48 +0000] "GET /logout HTTP/1.1" 404 76 "https://example.com/css/style.css" "curl/7.68.0"
172.16.0.88 - - [28/May/2025:19:58:46 +0000] "POST /products HTTP/1.1" 500 523 "https://example.com/" "Mozilla/5.0 (Windows NT 10.0; Win64; x64) AppleWebKit/537.36"
192.168.1.100 - - [16/Jun/2025:18:01:22 +0000] "GET /admin HTTP/1.1" 401 67 "https://example.com/logout" "Mozilla/5.0 (iPhone; CPU iPhone OS 14_0 like Mac OS X)"
10.0.0.15 - - [20/Jun/2025:05:49:15 +0000] "POST /images/logo.png HTTP/1.1" 403 471 "https://example.com/login" "Mozilla/5.0 (iPhone; CPU iPhone OS 14_0 like Mac OS X)"
172.16.0.88 - - [05/Jun/2025:04:51:25 +0000] "DELETE /logout HTTP/1.1" 201 120 "https://example.com/login" "Mozilla/5.0 (Windows NT 10.0; Win64; x64) AppleWebKit/537.36"
172.16.0.88 - - [27/May/2025:19:02:07 +0000] "PUT /admin HTTP/1.1" 400 640 "https://example.com/" "Mozilla/5.0 (X11; Linux x86_64) AppleWebKit/537.36"
172.16.0.88 - - [15/Jun/2025:02:47:51 +0000] "GET /products HTTP/1.1" 400 16 "-" "Mozilla/5.0 (iPhone; CPU iPhone OS 14_0 like Mac OS X)"
198.51.100.23 - - [29/May/2025:06:24:23 +0000] "POST /admin HTTP/1.1" 301 732 "-" "Mozilla/5.0 (Windows NT 10.0; Win64; x64) AppleWebKit/537.36"
192.168.1.100 - - [31/May/2025:16:42:09 +0000] "POST /logout HTTP/1.1" 301 444 "-" "Mozilla/5.0 (Windows NT 10.0; Win64; x64) AppleWebKit/537.36"
10.0.0.15 - - [09/Jun/2025:15:41:22 +0000] "PUT /login HTTP/1.1" 500 57 "-" "Mozilla/5.0 (X11; Linux x86_64) AppleWebKit/537.36"
203.0.113.45 - - [23/May/2025:22:19:10 +0000] "GET /login HTTP/1.1" 404 663 "https://example.com/products" "Mozilla/5.0 (X11; Linux x86_64) AppleWebKit/537.36"
172.16.0.88 - - [19/Jun/2025:02:46:12 +0000] "GET /logout HTTP/1.1" 302 953 "https://example.com/" "Mozilla/5.0 (X11; Linux x86_64) AppleWebKit/537.36"
