198.51.100.23 - - [03/Jun/2025:04:59:37 +0000] "DELETE /products HTTP/1.1" 500 130 "-" "Mozilla/5.0 (iPhone; CPU iPhone OS 14_0 like Mac OS X)"
198.51.100.23 - - [23/May/2025:06:16:20 +0000] "DELETE /css/style.css HTTP/1.1" 302 907 "https://example.com/images/logo.png" "curl/7.68.0"
172.16.0.88 - - [03/Jun/2025:21:13:56 +0000] "GET /products HTTP/1.1" 500 555 "-" "Mozilla/5.0 (iPhone; CPU iPhone OS 14_0 like Mac OS X)"
10.0.0.15 - - [27/May/2025:16:53:18 +0000] "DELETE /css/style.css?id=584&page=9 HTTP/1.1" 500 599 "-" "Mozilla/5.0 (iPhone; CPU iPhone OS 14_0 like Mac OS X)"
172.16.0.88 - - [25/May/2025:06:16:57 +0000] "POST /css/style.css HTTP/1.1" 301 450 "-" "Mozilla/5.0 (Macintosh; Intel Mac OS X 10_15_7) AppleWebKit/537.36"
198.51.100.23 - - [05/Jun/2025:09:17:49 +0000] "POST /css/style.css HTTP/1.1" 403 227 "https://example.com/api/users" "Mozilla/5.0 (iPhone; CPU iPhone OS 14_0 like Mac OS X)"
198.51.100.23 - - [06/Jun/2025:03:49:44 +0000] "PUT /images/logo.png HTTP/1.1" 201 160 "-" "Mozilla/5.0 (X11; Linux x86_64) AppleWebKit/537.36"
172.16.0.88 - - [29/May/2025:01:40:32 +0000] "GET /css/style.css HTTP/1.1" 400 622 "https://example.com/" "Mozilla/5.0 (X11; Linux x86_64) AppleWebKit/537.36"
198.51.100.23 - - [19/Jun/2025:15:43:58 +0000] "PUT /admin HTTP/1.1" 500 972 "https://example.com/logout" "Mozilla/5.0 (X11; Linux x86_64) AppleWebKit/537.36"
198.51.100.23 - - [31/May/2025:17:49:08 +0000] "PUT /admin HTTP/1.1" 400 150 "https://example.com/admin" "Mozilla/5.0 (iPhone; CPU iPhone OS 14_0 like Mac OS X)"
198.51.100.23 - - [02/Jun/2025:14:16:06 +0000] "GET /products HTTP/1.1" 200 27534 "-" "curl/7.68.0"
172.16.0.88 - - [19/Jun/2025:10:22:28 +0000] "DELETE /css/style.css HTTP/1.1" 201 352 "https://example.com/images/logo.png" "Mozilla/5.0 (iPhone; CPU iPhone OS 14_0 like Mac OS X)"
10.0.0.15 - - [04/Jun/2025:01:56:57 +0000] "POST /api/users HTTP/1.1" 500 266 "-" "curl/7.68.0"
172.16.0.88 - - [22/May/2025:08:55:29 +0000] "POST /css/style.css HTTP/1.1" 301 757 "https://example.com/images/logo.png" "Mozilla/5.0 (X11; Linux x86_64) AppleWebKit/537.36"
198.51.100.23 - - [28/May/2025:20:19:27 +0000] "DELETE /css/style.css HTTP/1.1" 404 185 "https://example.com/admin" "Mozilla/5.0 (iPhone; CPU iPhone OS 14_0 like Mac OS X)"
172.16.0.88 - - [04/Jun/2025:14:12:15 +0000] "DELETE /api/users HTTP/1.1" 500 554 "https://example.com/api/users" "curl/7.68.0"
203.0.113.45 - - [12/Jun/2025:17:50:38 +0000] "DELETE /logout HTTP/1.1" 201 617 "https://example.com/products" "curl/7.68.0"
198.51.100.23 - - [05/Jun/2025:10:22:09 +0000] "DELETE /login HTTP/1.1" 201 258 "-" "Mozilla/5.0 (Macintosh; Intel Mac OS X 10_15_7) AppleWebKit/537.36"
203.0.113.45 - - [04/Jun/2025:13:32:38 +0000] "DELETE / HTTP/1.1" 500 515 "https://example.com/products" "Mozilla/5.0 (X11; Linux x86_64) AppleWebKit/537.36"
10.0.0.15 - - [27/May/2025:23:42:29 +0000] "PUT / HTTP/1.1" 500 20 "https://example.com/logout" "Mozilla/5.0 (X11; Linux x86_64) AppleWebKit/537.36"
10.0.0.15 - - [23/May/2025:18:35:48 +0000] "GET /css/style.css HTTP/1.1" 404 61 "-" "Mozilla/5.0 (X11; Linux x86_64) AppleWebKit/537.36"
198.51.100.23 - - [14/Jun/2025:04:04:38 +0000] "GET /css/style.css HTTP/1.1" 302 702 "https://example.com/logout" "curl/7.68.0"
172.16.0.88 - - [13/Jun/2025:20:28:15 +0000] "DELETE /logout?id=666&page=10 HTTP/1.1" 301 864 "-" "Mozilla/5.0 (Macintosh; Intel Mac OS X 10_15_7) AppleWebKit/537.36"
203.0.113.45 - - [01/Jun/2025:22:04:12 +0000] "POST /images/logo.png HTTP/1.1" 200 17367 "-" "curl/7.68.0"
203.0.113.45 - - [08/Jun/2025:16:50:39 +0000] "DELETE /admin HTTP/1.1" 302 921 "https://example.com/" "Mozilla/5.0 (Windows NT 10.0; Win64; x64) AppleWebKit/537.36"
203.0.113.45 - - [15/Jun/2025:17:56:33 +0000] "POST /login HTTP/1.1" 201 15 "https://example.com/api/users" "Mozilla/5.0 (X11; Linux x86_64) AppleWebKit/537.36"
10.0.0.15 - - [27/May/2025:21:39:54 +0000] "PUT /api/users HTTP/1.1" 200 27418 "https://example.com/css/style.css" "Mozilla/5.0 (Macintosh; Intel Mac OS X 10_15_7) AppleWebKit/537.36"
10.0.0.15 - - [17/Jun/2025:14:35:32 +0000] "PUT /login HTTP/1.1" 201 147 "https://example.com/products" "Mozilla/5.0 (iPhone; CPU iPhone OS 14_0 like Mac OS X)"
198.51.100.23 - - [21/May/2025:21:01:46 +0000] "GET /logout HTTP/1.1" 302 421 "https://example.com/" "Mozilla/5.0 (Macintosh; Intel Mac OS X 10_15_7) AppleWebKit/537.36"
10.0.0.15 - - [13/Jun/2025:02:56:44 +0000] "GET /images/logo.png HTTP/1.1" 401 587 "https://example.com/admin" "Mozilla/5.0 (Macintosh; Intel Mac OS X 10_15_7) AppleWebKit/537.36"
172.16.0.88 - - [06/Jun/2025:18:36:09 +0000] "DELETE /css/style.css HTTP/1.1" 404 476 "https://example.com/images/logo.png" "Mozilla/5.0 (X11; Linux x86_64) AppleWebKit/537.36"
192.168.1.100 - - [03/Jun/2025:05:10:14 +0000] "GET /?id=58&page=2 HTTP/1.1" 400 506 "https://example.com/images/logo.png" "curl/7.68.0"
203.0.113.45 - - [19/Jun/2025:20:02:51 +0000] "PUT /admin HTTP/1.1" 404 816 "https://example.com/" "Mozilla/5.0 (Windows NT 10.0; Win64; x64) AppleWebKit/537.36"
203.0.113.45 - - [17/Jun/2025:01:47:40 +0000] "POST /login HTTP/1.1" 201 234 "https://example.com/" "Mozilla/5.0 (Windows NT 10.0; Win64; x64) AppleWebKit/537.36"
192.168.1.100 - - [01/Jun/2025:02:18:04 +0000] "PUT /api/users HTTP/1.1" 400 757 "-" "Mozilla/5.0 (Macintosh; Intel Mac OS X 10_15_7) AppleWebKit/537.36"
198.51.100.23 - - [08/Jun/2025:01:14:18 +0000] "POST /login HTTP/1.1" 500 231 "https://example.com/products" "Mozilla/5.0 (Windows NT 10.0; Win64; x64) AppleWebKit/537.36"
203.0.113.45 - - [06/Jun/2025:02:55:05 +0000] "POST /images/logo.png HTTP/1.1" 301 987 "https://example.com/login" "Mozilla/5.0 (Macintosh; Intel Mac OS X 10_15_7) AppleWebKit/537.36"
10.0.0.15 - - [02/Jun/2025:11:35:03 +0000] "POST /products HTTP/1.1" 201 868 "https://example.com/images/logo.png" "Mozilla/5.0 (Windows NT 10.0; Win64; x64) AppleWebKit/537.36"
192.168.1.100 - - [13/Jun/2025:01:35:40 +0000] "DELETE / HTTP/1.1" 302 537 "https://example.com/" "curl/7.68.0"
192.168.1.100 - - [22/May/2025:00:55:04 +0000] "PUT /login?id=448&page=3 HTTP/1.1" 500 437 "https://example.com/api/users" "Mozilla/5.0 (Macintosh; Intel Mac OS X 10_15_7) AppleWebKit/537.36"
198.51.100.23 - - [30/May/2025:13:18:55 +0000] "DELETE / HTTP/1.1" 403 296 "https://example.com/" "Mozilla/5.0 (X11; Linux x86_64) AppleWebKit/537.36"
203.0.113.45 - - [20/Jun/2025:08:00:11 +0000] "POST / HTTP/1.1" 301 857 "https://example.com/api/users" "curl/7.68.0"
10.0.0.15 - - [23/May/2025:20:10:54 +0000] "GET /login HTTP/1.1" 401 808 "-" "curl/7.68.0"
10.0.0.15 - - [24/May/2025:09:40:05 +0000] "DELETE /login HTTP/1.1" 403 992 "https://example.com/admin" "Mozilla/5.0 (Macintosh; Intel Mac OS X 10_15_7) AppleWebKit/537.36"
203.0.113.45 - - [14/Jun/2025:13:41:20 +0000] "PUT /api/users HTTP/1.1" 400 363 "-" "Mozilla/5.0 (X11; Linux x86_64) AppleWebKit/537.36"
10.0.0.15 - - [23/May/2025:14:49:15 +0000] "DELETE /logout?id=342&page=1 HTTP/1.1" 401 358 "-" "Mozilla/5.0 (iPhone; CPU iPhone OS 14_0 like Mac OS X)"
172.16.0.88 - - [23/May/2025:04:32:48 +0000] "PUT /admin HTTP/1.1" 500 458 "https://example.com/css/style.css" "curl/7.68.0"
203.0.113.45 - - [14/Jun/2025:08:07:24 +0000] "DELETE / HTTP/1.1" 502 201 "https://example.com/admin" "Mozilla/5.0 (Windows NT 10.0; Win64; x64) AppleWebKit/537.36"
10.0.0.15 - - [16/Jun/2025:18:43:36 +0000] "POST /products HTTP/1.1" 401 713 "https://example.com/login" "Mozilla/5.0 (Macintosh; Intel Mac OS X 10_15_7) AppleWebKit/537.36"
10.0.0.15 - - [28/May/2025:05:27:43 +0000] "GET /login HTTP/1.1" 200 24049 "-" "Mozilla/5.0 (Windows NT 10.0; Win64; x64) AppleWebKit/537.36"
203.0.113.45 - - [31/May/2025:17:46:49 +0000] "GET /login HTTP/1.1" 400 775 "https://example.com/images/logo.png" "Mozilla/5.0 (Windows NT 10.0; Win64; x64) AppleWebKit/537.36"
198.51.100.23 - - [28/May/2025:12:55:07 +0000] "POST /products HTTP/1.1" 401 837 "https://example.com/images/logo.png" "Mozilla/5.0 (Windows NT 10.0; Win64; x64) AppleWebKit/537.36"
10.0.0.15 - - [04/Jun/2025:06:33:25 +0000] "DELETE /images/logo.png HTTP/1.1" 400 800 "-" "curl/7.68.0"
198.51.100.23 - - [24/May/2025:15:40:08 +0000] "POST /api/users HTTP/1.1" 401 333 "https://example.com/logout" "curl/7.68.0"
172.16.0.88 - - [01/Jun/2025:08:14:42 +0000] "GET /css/style.css HTTP/1.1" 400 289 "-" "Mozilla/5.0 (Windows NT 10.0; Win64; x64) AppleWebKit/537.36"
172.16.0.88 - - [25/May/2025:16:15:26 +0000] "DELETE / HTTP/1.1" 403 435 "-" "Mozilla/5.0 (X11; Linux x86_64) AppleWebKit/537.36"
172.16.0.88 - - [31/May/2025:01:07:35 +0000] "DELETE /css/style.css HTTP/1.1" 201 599 "https://example.com/" "Mozilla/5.0 (iPhone; CPU iPhone OS 14_0 like Mac OS X)"
203.0.113.45 - - [05/Jun/2025:06:57:38 +0000] "GET /images/logo.png HTTP/1.1" 404 414 "-" "Mozilla/5.0 (iPhone; CPU iPhone OS 14_0 like Mac OS X)"
10.0.0.15 - - [18/Jun/2025:19:38:05 +0000] "GET /products HTTP/1.1" 404 766 "https://example.com/images/logo.png" "Mozilla/5.0 (Macintosh; Intel Mac OS X 10_15_7) AppleWebKit/537.36"
192.168.1.100 - - [26/May/2025:19:59:46 +0000] "PUT /products HTTP/1.1" 502 960 "https://example.com/login" "Mozilla/5.0 (iPhone; CPU iPhone OS 14_0 like Mac OS X)"
10.0.0.15 - - [23/May/2025:09:54:26 +0000] "POST /images/logo.png HTTP/1.1" 404 91 "-" "Mozilla/5.0 (X11; Linux x86_64) AppleWebKit/537.36"
192.168.1.100 - - [19/Jun/2025:23:02:02 +0000] "GET /admin HTTP/1.1" 302 280 "-" "curl/7.68.0"
198.51.100.23 - - [03/Jun/2025:06:37:47 +0000] "GET /products HTTP/1.1" 403 296 "https://example.com/api/users" "Mozilla/5.0 (iPhone; CPU iPhone OS 14_0 like Mac OS X)"
203.0.113.45 - - [29/May/2025:02:14:01 +0000] "PUT /images/logo.png HTTP/1.1" 404 843 "https://example.com/" "Mozilla/5.0 (Windows NT 10.0; Win64; x64) AppleWebKit/537.36"
10.0.0.15 - - [23/May/2025:04:28:24 +0000] "DELETE /admin HTTP/1.1" 403 679 "https://example.com/css/style.css" "Mozilla/5.0 (Windows NT 10.0; Win64; x64) AppleWebKit/537.36"
172.16.0.88 - - [23/May/2025:09:15:01 +0000] "POST /?id=209&page=6 HTTP/1.1" 400 175 "https://example.com/logout" "curl/7.68.0"
203.0.113.45 - - [16/Jun/2025:07:48:40 +0000] "DELETE /admin HTTP/1.1" 400 799 "https://example.com/products" "curl/7.68.0"
203.0.113.45 - - [25/May/2025:13:47:24 +0000] "POST / HTTP/1.1" 400 479 "https://example.com/logout" "Mozilla/5.0 (Windows NT 10.0; Win64; x64) AppleWebKit/537.36"
203.0.113.45 - - [10/Jun/2025:15:28:47 +0000] "PUT /admin HTTP/1.1" 403 307 "https://example.com/css/style.css" "Mozilla/5.0 (Macintosh; Intel Mac OS X 10_15_7) AppleWebKit/537.36"
192.168.1.100 - - [24/May/2025:04:18:27 +0000] "DELETE /products HTTP/1.1" 201 780 "https://example.com/logout" "Mozilla/5.0 (Windows NT 10.0; Win64; x64) AppleWebKit/537.36"
203.0.113.45 - - [16/Jun/2025:04:16:34 +0000] "DELETE /logout HTTP/1.1" 200 7703 "https://example.com/" "Mozilla/5.0 (iPhone; CPU iPhone OS 14_0 like Mac OS X)"
203.0.113.45 - - [01/Jun/2025:19:35:46 +0000] "GET /admin HTTP/1.1" 302 538 "https://example.com/products" "Mozilla/5.0 (Windows NT 10.0; Win64; x64) AppleWebKit/537.36"
10.0.0.15 - - [30/May/2025:22:54:27 +0000] "DELETE / HTTP/1.1" 500 647 "-" "Mozilla/5.0 (Macintosh; Intel Mac OS X 10_15_7) AppleWebKit/537.36"
192.168.1.100 - - [15/Jun/2025:14:10:07 +0000] "GET /login HTTP/1.1" 302 601 "https://example.com/admin" "Mozilla/5.0 (Windows NT 10.0; Win64; x64) AppleWebKit/537.36"
192.168.1.100 - - [03/Jun/2025:06:40:03 +0000] "POST /products HTTP/1.1" 403 810 "https://example.com/api/users" "curl/7.68.0"
203.0.113.45 - - [31/May/2025:14:14:19 +0000] "DELETE /products HTTP/1.1" 401 852 "https://example.com/images/logo.png" "Mozilla/5.0 (iPhone; CPU iPhone OS 14_0 like Mac OS X)"
203.0.113.45 - - [17/Jun/2025:11:15:59 +0000] "PUT / HTTP/1.1" 201 433 "https://example.com/images/logo.png" "Mozilla/5.0 (iPhone; CPU iPhone OS 14_0 like Mac OS X)"
203.0.113.45 - - [17/Jun/2025:21:50:27 +0000] "POST /images/logo.png HTTP/1.1" 502 207 "https://example.com/admin" "Mozilla/5.0 (Macintosh; Intel Mac OS X 10_15_7) AppleWebKit/537.36"
172.16.0.88 - - [03/Jun/2025:14:47:30 +0000] "GET /admin HTTP/1.1" 500 272 "https://example.com/css/style.css" "curl/7.68.0"
192.168.1.100 - - [27/May/2025:01:18:44 +0000] "GET /api/users HTTP/1.1" 403 496 "https://example.com/admin" "Mozilla/5.0 (Macintosh; Intel Mac OS X 10_15_7) AppleWebKit/537.36"
10.0.0.15 - - [31/May/2025:00:58:37 +0000] "GET /logout HTTP/1.1" 200 18202 "https://example.com/products" "Mozilla/5.0 (iPhone; CPU iPhone OS 14_0 like Mac OS X)"
192.168.1.100 - - [03/Jun/2025:16:08:22 +0000] "PUT / HTTP/1.1" 500 386 "https://example.com/admin" "Mozilla/5.0 (Macintosh; Intel Mac OS X 10_15_7) AppleWebKit/537.36"
198.51.100.23 - - [15/Jun/2025:14:14:19 +0000] "PUT /css/style.css HTTP/1.1" 201 448 "https://example.com/products" "Mozilla/5.0 (iPhone; CPU iPhone OS 14_0 like Mac OS X)"
172.16.0.88 - - [17/Jun/2025:00:56:09 +0000] "GET /admin HTTP/1.1" 401 122 "-" "Mozilla/5.0 (iPhone; CPU iPhone OS 14_0 like Mac OS X)"
10.0.0.15 - - [31/May/2025:18:07:28 +0000] "DELETE /css/style.css HTTP/1.1" 502 255 "-" "Mozilla/5.0 (Macintosh; Intel Mac OS X 10_15_7) AppleWebKit/537.36"
172.16.0.88 - - [07/Jun/2025:17:27:59 +0000] "PUT /api/users HTTP/1.1" 502 164 "https://example.com/images/logo.png" "Mozilla/5.0 (X11; Linux x86_64) AppleWebKit/537.36"
192.168.1.100 - - [29/May/2025:05:31:59 +0000] "DELETE /products HTTP/1.1" 400 287 "https://example.com/images/logo.png" "Mozilla/5.0 (iPhone; CPU iPhone OS 14_0 like Mac OS X)"
198.51.100.23 - - [15/Jun/2025:08:41:39 +0000] "GET /logout?id=103&page=2 HTTP/1.1" 404 911 "https://example.com/login" "Mozilla/5.0 (X11; Linux x86_64) AppleWebKit/537.36"
192.168.1.100 - - [04/Jun/2025:18:28:58 +0000] "PUT /logout HTTP/1.1" 401 983 "https://example.com/images/logo.png" "Mozilla/5.0 (iPhone; CPU iPhone OS 14_0 like Mac OS X)"
10.0.0.15 - - [25/May/2025:01:36:28 +0000] "DELETE /login HTTP/1.1" 502 540 "https://example.com/api/users" "Mozilla/5.0 (Macintosh; Intel Mac OS X 10_15_7) AppleWebKit/537.36"
203.0.113.45 - - [21/May/2025:20:34:01 +0000] "DELETE /css/style.css HTTP/1.1" 200 7836 "-" "Mozilla/5.0 (Macintosh; Intel Mac OS X 10_15_7) AppleWebKit/537.36"
172.16.0.88 - - [30/May/2025:11:09:23 +0000] "PUT / HTTP/1.1" 500 366 "https://example.com/login" "curl/7.68.0"
172.16.0.88 - - [07/Jun/2025:18:32:23 +0000] "DELETE /images/logo.png HTTP/1.1" 403 407 "https://example.com/" "Mozilla/5.0 (X11; Linux x86_64) AppleWebKit/537.36"
203.0.113.45 - - [29/May/2025:20:48:38 +0000] "GET /api/users HTTP/1.1" 403 236 "https://example.com/" "Mozilla/5.0 (iPhone; CPU iPhone OS 14_0 like Mac OS X)"
203.0.113.45 - - [29/May/2025:13:23:52 +0000] "DELETE /admin?id=406&page=9 HTTP/1.1" 400 525 "https://example.com/images/logo.png" "Mozilla/5.0 (Windows NT 10.0; Win64; x64) AppleWebKit/537.36"
192.168.1.100 - - [14/Jun/2025:15:50:42 +0000] "DELETE /?id=506&page=10 HTTP/1.1" 302 101 "-" "Mozilla/5.0 (Macintosh; Intel Mac OS X 10_15_7) AppleWebKit/537.36"
10.0.0.15 - - [08/Jun/2025:02:32:59 +0000] "PUT /logout HTTP/1.1" 400 929 "-" "Mozilla/5.0 (Macintosh; Intel Mac OS X 10_15_7) AppleWebKit/537.36"
203.0.113.45 - - [17/Jun/2025:00:57:13 +0000] "PUT /images/logo.png?id=380&page=4 HTTP/1.1" 301 89 "-" "curl/7.68.0"
192.168.1.100 - - [06/Jun/2025:05:37:47 +0000] "DELETE /images/logo.png HTTP/1.1" 302 29 "https://example.com/products" "Mozilla/5.0 (X11; Linux x86_64) AppleWebKit/537.36"
198.51.100.23 - - [08/Jun/2025:04:02:17 +0000] "DELETE / HTTP/1.1" 401 924 "https://example.com/css/style.css" "Mozilla/5.0 (X11; Linux x86_64) AppleWebKit/537.36"
203.0.113.45 - - [14/Jun/2025:16:29:32 +0000] "PUT /login HTTP/1.1" 400 355 "https://example.com/images/logo.png" "Mozilla/5.0 (Windows NT 10.0; Win64; x64) AppleWebKit/537.36"
203.0.113.45 - - [31/May/2025:21:37:28 +0000] "PUT /images/logo.png?id=870&page=2 HTTP/1.1" 404 771 "https://example.com/api/users" "Mozilla/5.0 (X11; Linux x86_64) AppleWebKit/537.36"
192.168.1.100 - - [07/Jun/2025:06:46:28 +0000] "GET /css/style.css HTTP/1.1" 500 797 "-" "Mozilla/5.0 (Windows NT 10.0; Win64; x64) AppleWebKit/537.36"
172.16.0.88 - - [07/Jun/2025:05:09:50 +0000] "PUT /admin HTTP/1.1" 404 852 "https://example.com/css/style.css" "Mozilla/5.0 (iPhone; CPU iPhone OS 14_0 like Mac OS X)"
172.16.0.88 - - [30/May/2025:21:58:00 +0000] "GET /logout HTTP/1.1" 401 338 "https://example.com/admin" "curl/7.68.0"
172.16.0.88 - - [16/Jun/2025:06:57:18 +0000] "DELETE /login?id=331&page=10 HTTP/1.1" 404 262 "https://example.com/" "curl/7.68.0"
10.0.0.15 - - [05/Jun/2025:07:12:07 +0000] "DELETE / HTTP/1.1" 401 641 "https://example.com/" "Mozilla/5.0 (Macintosh; Intel Mac OS X 10_15_7) AppleWebKit/537.36"
192.168.1.100 - - [26/May/2025:03:42:22 +0000] "GET /admin HTTP/1.1" 404 830 "https://example.com/login" "curl/7.68.0"
203.0.113.45 - - [03/Jun/2025:05:44:09 +0000] "PUT /admin HTTP/1.1" 403 910 "https://example.com/logout" "Mozilla/5.0 (iPhone; CPU iPhone OS 14_0 like Mac OS X)"
10.0.0.15 - - [03/Jun/2025:07:39:23 +0000] "PUT /login HTTP/1.1" 400 597 "-" "Mozilla/5.0 (Macintosh; Intel Mac OS X 10_15_7) AppleWebKit/537.36"
198.51.100.23 - - [02/Jun/2025:21:11:00 +0000] "POST /products HTTP/1.1" 403 101 "-" "Mozilla/5.0 (iPhone; CPU iPhone OS 14_0 like Mac OS X)"
198.51.100.23 - - [05/Jun/2025:20:51:59 +0000] "DELETE /products HTTP/1.1" 502 302 "https://example.com/api/users" "Mozilla/5.0 (X11; Linux x86_64) AppleWebKit/537.36"
172.16.0.88 - - [22/May/2025:05:38:38 +0000] "GET /products HTTP/1.1" 500 442 "-" "curl/7.68.0"
172.16.0.88 - - [09/Jun/2025:19:06:10 +0000] "PUT /products HTTP/1.1" 500 623 "-" "curl/7.68.0"
192.168.1.100 - - [03/Jun/2025:10:58:56 +0000] "GET /products HTTP/1.1" 401 121 "https://example.com/products" "Mozilla/5.0 (X11; Linux x86_64) AppleWebKit/537.36"
203.0.113.45 - - [10/Jun/2025:18:58:58 +0000] "DELETE /css/style.css HTTP/1.1" 200 23728 "-" "Mozilla/5.0 (X11; Linux x86_64) AppleWebKit/537.36"
172.16.0.88 - - [11/Jun/2025:19:47:32 +0000] "DELETE / HTTP/1.1" 201 166 "https://example.com/admin" "curl/7.68.0"
203.0.113.45 - - [15/Jun/2025:15:36:37 +0000] "DELETE /images/logo.png HTTP/1.1" 201 586 "https://example.com/admin" "Mozilla/5.0 (iPhone; CPU iPhone OS 14_0 like Mac OS X)"
192.168.1.100 - - [02/Jun/2025:17:48:39 +0000] "DELETE / HTTP/1.1" 302 902 "https://example.com/admin" "Mozilla/5.0 (X11; Linux x86_64) AppleWebKit/537.36"
192.168.1.100 - - [04/Jun/2025:02:07:10 +0000] "GET /images/logo.png HTTP/1.1" 302 389 "https://example.com/logout" "Mozilla/5.0 (iPhone; CPU iPhone OS 14_0 like Mac OS X)"
198.51.100.23 - - [01/Jun/2025:08:28:58 +0000] "DELETE /css/style.css HTTP/1.1" 401 268 "-" "Mozilla/5.0 (iPhone; CPU iPhone OS 14_0 like Mac OS X)"
192.168.1.100 - - [31/May/2025:06:52:28 +0000] "PUT /logout HTTP/1.1" 201 700 "https://example.com/" "Mozilla/5.0 (X11; Linux x86_64) AppleWebKit/537.36"
172.16.0.88 - - [16/Jun/2025:23:55:23 +0000] "POST /images/logo.png HTTP/1.1" 404 970 "https://example.com/" "Mozilla/5.0 (Macintosh; Intel Mac OS X 10_15_7) AppleWebKit/537.36"
10.0.0.15 - - [25/May/2025:10:37:26 +0000] "POST /login HTTP/1.1" 200 28062 "https://example.com/css/style.css" "Mozilla/5.0 (iPhone; CPU iPhone OS 14_0 like Mac OS X)"
203.0.113.45 - - [03/Jun/2025:17:54:51 +0000] "POST /images/logo.png HTTP/1.1" 400 927 "https://example.com/login" "Mozilla/5.0 (X11; Linux x86_64) AppleWebKit/537.36"
203.0.113.45 - - [03/Jun/2025:15:57:16 +0000] "PUT /logout?id=814&page=5 HTTP/1.1" 400 860 "https://example.com/admin" "Mozilla/5.0 (iPhone; CPU iPhone OS 14_0 like Mac OS X)"
192.168.1.100 - - [13/Jun/2025:08:34:46 +0000] "POST /login HTTP/1.1" 302 894 "-" "Mozilla/5.0 (Macintosh; Intel Mac OS X 10_15_7) AppleWebKit/537.36"
203.0.113.45 - - [07/Jun/2025:18:49:51 +0000] "POST /products?id=806&page=3 HTTP/1.1" 401 980 "-" "Mozilla/5.0 (Macintosh; Intel Mac OS X 10_15_7) AppleWebKit/537.36"
198.51.100.23 - - [20/Jun/2025:08:18:26 +0000] "PUT / HTTP/1.1" 201 692 "https://example.com/logout" "Mozilla/5.0 (X11; Linux x86_64) AppleWebKit/537.36"
172.16.0.88 - - [13/Jun/2025:09:58:01 +0000] "GET /admin HTTP/1.1" 502 342 "-" "Mozilla/5.0 (Windows NT 10.0; Win64; x64) AppleWebKit/537.36"
172.16.0.88 - - [28/May/2025:16:11:22 +0000] "PUT /api/users HTTP/1.1" 301 703 "-" "curl/7.68.0"
172.16.0.88 - - [19/Jun/2025:04:38:32 +0000] "GET /images/logo.png?id=248&page=8 HTTP/1.1" 403 560 "https://example.com/images/logo.png" "Mozilla/5.0 (X11; Linux x86_64) AppleWebKit/537.36"
192.168.1.100 - - [21/May/2025:17:01:57 +0000] "GET /login HTTP/1.1" 500 198 "-" "curl/7.68.0"
203.0.113.45 - - [17/Jun/2025:04:39:57 +0000] "GET / HTTP/1.1" 400 960 "https://example.com/admin" "curl/7.68.0"
203.0.113.45 - - [17/Jun/2025:22:40:49 +0000] "POST /api/users HTTP/1.1" 201 265 "https://example.com/images/logo.png" "Mozilla/5.0 (iPhone; CPU iPhone OS 14_0 like Mac OS X)"
198.51.100.23 - - [09/Jun/2025:19:26:18 +0000] "GET /login HTTP/1.1" 301 137 "https://example.com/products" "Mozilla/5.0 (iPhone; CPU iPhone OS 14_0 like Mac OS X)"
198.51.100.23 - - [10/Jun/2025:14:58:11 +0000] "DELETE / HTTP/1.1" 502 284 "https://example.com/css/style.css" "Mozilla/5.0 (iPhone; CPU iPhone OS 14_0 like Mac OS X)"
10.0.0.15 - - [16/Jun/2025:02:28:36 +0000] "PUT /admin HTTP/1.1" 500 926 "https://example.com/api/users" "curl/7.68.0"
192.168.1.100 - - [01/Jun/2025:20:50:10 +0000] "PUT /logout HTTP/1.1" 400 254 "-" "Mozilla/5.0 (Macintosh; Intel Mac OS X 10_15_7) AppleWebKit/537.36"
192.168.1.100 - - [31/May/2025:07:05:42 +0000] "GET /logout HTTP/1.1" 500 558 "-" "Mozilla/5.0 (X11; Linux x86_64) AppleWebKit/537.36"
192.168.1.100 - - [26/May/2025:23:40:11 +0000] "DELETE /products HTTP/1.1" 403 696 "https://example.com/api/users" "curl/7.68.0"
172.16.0.88 - - [19/Jun/2025:06:10:34 +0000] "DELETE /images/logo.png HTTP/1.1" 401 712 "https://example.com/css/style.css" "curl/7.68.0"
192.168.1.100 - - [22/May/2025:01:16:50 +0000] "PUT /logout HTTP/1.1" 301 423 "https://example.com/" "Mozilla/5.0 (X11; Linux x86_64) AppleWebKit/537.36"
203.0.113.45 - - [17/Jun/2025:19:35:48 +0000] "DELETE /admin?id=548&page=4 HTTP/1.1" 200 20577 "-" "Mozilla/5.0 (X11; Linux x86_64) AppleWebKit/537.36"
203.0.113.45 - - [01/Jun/2025:23:33:09 +0000] "GET / HTTP/1.1" 200 24982 "-" "Mozilla/5.0 (Macintosh; Intel Mac OS X 10_15_7) AppleWebKit/537.36"
198.51.100.23 - - [26/May/2025:22:53:08 +0000] "PUT /login HTTP/1.1" 400 219 "-" "Mozilla/5.0 (Macintosh; Intel Mac OS X 10_15_7) AppleWebKit/537.36"
172.16.0.88 - - [20/Jun/2025:04:22:08 +0000] "GET /api/users HTTP/1.1" 200 15816 "-" "curl/7.68.0"
10.0.0.15 - - [06/Jun/2025:07:11:25 +0000] "GET /logout HTTP/1.1" 502 234 "https://example.com/" "Mozilla/5.0 (X11; Linux x86_64) AppleWebKit/537.36"
172.16.0.88 - - [21/May/2025:17:22:42 +0000] "DELETE /login HTTP/1.1" 400 706 "https://example.com/logout" "curl/7.68.0"
203.0.113.45 - - [10/Jun/2025:09:58:07 +0000] "DELETE / HTTP/1.1" 500 762 "-" "Mozilla/5.0 (Macintosh; Intel Mac OS X 10_15_7) AppleWebKit/537.36"
172.16.0.88 - - [13/Jun/2025:11:53:45 +0000] "POST /css/style.css HTTP/1.1" 403 723 "-" "curl/7.68.0"
172.16.0.88 - - [18/Jun/2025:10:29:35 +0000] "GET /css/style.css HTTP/1.1" 403 613 "https://example.com/login" "Mozilla/5.0 (iPhone; CPU iPhone OS 14_0 like Mac OS X)"
172.16.0.88 - - [08/Jun/2025:16:54:36 +0000] "DELETE /api/users HTTP/1.1" 400 153 "-" "Mozilla/5.0 (X11; Linux x86_64) AppleWebKit/537.36"
203.0.113.45 - - [06/Jun/2025:23:43:12 +0000] "POST /api/users HTTP/1.1" 404 972 "https://example.com/admin" "Mozilla/5.0 (Macintosh; Intel Mac OS X 10_15_7) AppleWebKit/537.36"
203.0.113.45 - - [26/May/2025:04:34:53 +0000] "GET / HTTP/1.1" 500 659 "https://example.com/css/style.css" "Mozilla/5.0 (Windows NT 10.0; Win64; x64) AppleWebKit/537.36"
198.51.100.23 - - [26/May/2025:20:19:37 +0000] "POST / HTTP/1.1" 403 629 "-" "Mozilla/5.0 (Macintosh; Intel Mac OS X 10_15_7) AppleWebKit/537.36"
198.51.100.23 - - [09/Jun/2025:23:44:41 +0000] "PUT /login HTTP/1.1" 403 192 "https://example.com/api/users" "Mozilla/5.0 (Windows NT 10.0; Win64; x64) AppleWebKit/537.36"
172.16.0.88 - - [03/Jun/2025:21:29:45 +0000] "GET /logout HTTP/1.1" 201 308 "https://example.com/products" "curl/7.68.0"
10.0.0.15 - - [14/Jun/2025:09:13:58 +0000] "GET / HTTP/1.1" 403 543 "-" "Mozilla/5.0 (Macintosh; Intel Mac OS X 10_15_7) AppleWebKit/537.36"
10.0.0.15 - - [19/Jun/2025:21:28:36 +0000] "GET /api/users HTTP/1.1" 502 895 "https://example.com/products" "Mozilla/5.0 (X11; Linux x86_64) AppleWebKit/537.36"
203.0.113.45 - - [22/May/2025:18:58:57 +0000] "PUT /css/style.css HTTP/1.1" 404 292 "-" "Mozilla/5.0 (Windows NT 10.0; Win64; x64) AppleWebKit/537.36"
10.0.0.15 - - [22/May/2025:09:18:24 +0000] "DELETE /products HTTP/1.1" 201 446 "-" "Mozilla/5.0 (iPhone; CPU iPhone OS 14_0 like Mac OS X)"
198.51.100.23 - - [05/Jun/2025:16:29:11 +0000] "POST /logout HTTP/1.1" 401 784 "https://example.com/" "Mozilla/5.0 (X11; Linux x86_64) AppleWebKit/537.36"
10.0.0.15 - - [25/May/2025:03:15:07 +0000] "POST /api/users HTTP/1.1" 401 540 "-" "Mozilla/5.0 (X11; Linux x86_64) AppleWebKit/537.36"
198.51.100.23 - - [26/May/2025:08:47:38 +0000] "GET / HTTP/1.1" 201 661 "https://example.com/login" "Mozilla/5.0 (Windows NT 10.0; Win64; x64) AppleWebKit/537.36"
203.0.113.45 - - [22/May/2025:05:13:39 +0000] "GET /css/style.css HTTP/1.1" 400 633 "https://example.com/" "Mozilla/5.0 (iPhone; CPU iPhone OS 14_0 like Mac OS X)"
172.16.0.88 - - [22/May/2025:17:47:32 +0000] "GET /logout HTTP/1.1" 302 441 "-" "Mozilla/5.0 (Macintosh; Intel Mac OS X 10_15_7) AppleWebKit/537.36"
203.0.113.45 - - [17/Jun/2025:23:38:03 +0000] "DELETE /admin HTTP/1.1" 302 868 "-" "Mozilla/5.0 (Windows NT 10.0; Win64; x64) AppleWebKit/537.36"
172.16.0.88 - - [14/Jun/2025:09:04:39 +0000] "GET /images/logo.png HTTP/1.1" 400 238 "https://example.com/products" "curl/7.68.0"
192.168.1.100 - - [03/Jun/2025:06:39:49 +0000] "DELETE /logout?id=651&page=1 HTTP/1.1" 403 81 "https://example.com/images/logo.png" "Mozilla/5.0 (Macintosh; Intel Mac OS X 10_15_7) AppleWebKit/537.36"
203.0.113.45 - - [19/Jun/2025:22:54:23 +0000] "GET / HTTP/1.1" 500 752 "https://example.com/css/style.css" "Mozilla/5.0 (Windows NT 10.0; Win64; x64) AppleWebKit/537.36"
198.51.100.23 - - [12/Jun/2025:21:47:03 +0000] "GET /login HTTP/1.1" 403 131 "https://example.com/css/style.css" "Mozilla/5.0 (Macintosh; Intel Mac OS X 10_15_7) AppleWebKit/537.36"
203.0.113.45 - - [11/Jun/2025:19:13:20 +0000] "DELETE /api/users HTTP/1.1" 200 7237 "https://example.com/api/users" "Mozilla/5.0 (Windows NT 10.0; Win64; x64) AppleWebKit/537.36"
172.16.0.88 - - [01/Jun/2025:15:59:32 +0000] "DELETE /logout HTTP/1.1" 201 838 "https://example.com/products" "curl/7.68.0"
10.0.0.15 - - [22/May/2025:14:09:09 +0000] "POST /admin HTTP/1.1" 500 499 "https://example.com/admin" "Mozilla/5.0 (X11; Linux x86_64) AppleWebKit/537.36"
192.168.1.100 - - [17/Jun/2025:17:43:16 +0000] "GET /images/logo.png HTTP/1.1" 500 58 "-" "Mozilla/5.0 (X11; Linux x86_64) AppleWebKit/537.36"
172.16.0.88 - - [27/May/2025:11:36:39 +0000] "GET /images/logo.png HTTP/1.1" 500 486 "https://example.com/css/style.css" "Mozilla/5.0 (Macintosh; Intel Mac OS X 10_15_7) AppleWebKit/537.36"
172.16.0.88 - - [15/Jun/2025:20:00:12 +0000] "GET / HTTP/1.1" 404 337 "https://example.com/admin" "Mozilla/5.0 (Windows NT 10.0; Win64; x64) AppleWebKit/537.36"
192.168.1.100 - - [19/Jun/2025:16:58:06 +0000] "GET /products HTTP/1.1" 403 657 "https://example.com/" "Mozilla/5.0 (Macintosh; Intel Mac OS X 10_15_7) AppleWebKit/537.36"
203.0.113.45 - - [05/Jun/2025:10:25:29 +0000] "DELETE /css/style.css HTTP/1.1" 301 172 "https://example.com/products" "Mozilla/5.0 (Macintosh; Intel Mac OS X 10_15_7) AppleWebKit/537.36"
198.51.100.23 - - [26/May/2025:15:49:54 +0000] "DELETE /admin?id=895&page=6 HTTP/1.1" 404 105 "-" "curl/7.68.0"
203.0.113.45 - - [23/May/2025:02:04:33 +0000] "PUT /css/style.css HTTP/1.1" 201 580 "https://example.com/login" "Mozilla/5.0 (Windows NT 10.0; Win64; x64) AppleWebKit/537.36"
172.16.0.88 - - [09/Jun/2025:03:16:17 +0000] "POST /products HTTP/1.1" 502 806 "https://example.com/admin" "curl/7.68.0"
10.0.0.15 - - [02/Jun/2025:10:03:31 +0000] "PUT /products HTTP/1.1" 500 798 "https://example.com/" "Mozilla/5.0 (Windows NT 10.0; Win64; x64) AppleWebKit/537.36"
203.0.113.45 - - [10/Jun/2025:00:34:48 +0000] "DELETE /login HTTP/1.1" 500 11 "https://example.com/" "Mozilla/5.0 (iPhone; CPU iPhone OS 14_0 like Mac OS X)"
10.0.0.15 - - [07/Jun/2025:23:51:42 +0000] "DELETE /products HTTP/1.1" 401 193 "https://example.com/css/style.css" "Mozilla/5.0 (Macintosh; Intel Mac OS X 10_15_7) AppleWebKit/537.36"
192.168.1.100 - - [23/May/2025:10:35:53 +0000] "DELETE /login?id=942&page=10 HTTP/1.1" 403 881 "https://example.com/images/logo.png" "Mozilla/5.0 (Macintosh; Intel Mac OS X 10_15_7) AppleWebKit/537.36"
203.0.113.45 - - [31/May/2025:16:41:58 +0000] "POST /images/logo.png HTTP/1.1" 404 462 "https://example.com/login" "Mozilla/5.0 (iPhone; CPU iPhone OS 14_0 like Mac OS X)"
172.16.0.88 - - [05/Jun/2025:16:29:45 +0000] "PUT /css/style.css HTTP/1.1" 302 41 "https://example.com/api/users" "Mozilla/5.0 (Macintosh; Intel Mac OS X 10_15_7) AppleWebKit/537.36"
10.0.0.15 - - [05/Jun/2025:06:44:40 +0000] "POST /api/users HTTP/1.1" 403 670 "-" "Mozilla/5.0 (X11; Linux x86_64) AppleWebKit/537.36"
203.0.113.45 - - [16/Jun/2025:08:24:03 +0000] "PUT /products HTTP/1.1" 404 52 "https://example.com/products" "Mozilla/5.0 (iPhone; CPU iPhone OS 14_0 like Mac OS X)"
198.51.100.23 - - [20/Jun/2025:00:18:23 +0000] "POST /login?id=52&page=1 HTTP/1.1" 500 496 "-" "Mozilla/5.0 (Macintosh; Intel Mac OS X 10_15_7) AppleWebKit/537.36"
198.51.100.23 - - [30/May/2025:16:41:47 +0000] "POST /login HTTP/1.1" 301 964 "https://example.com/" "Mozilla/5.0 (X11; Linux x86_64) AppleWebKit/537.36"
203.0.113.45 - - [19/Jun/2025:02:56:05 +0000] "GET /images/logo.png HTTP/1.1" 500 895 "https://example.com/css/style.css" "Mozilla/5.0 (iPhone; CPU iPhone OS 14_0 like Mac OS X)"
172.16.0.88 - - [08/Jun/2025:20:47:13 +0000] "POST /images/logo.png HTTP/1.1" 301 871 "https://example.com/images/logo.png" "Mozilla/5.0 (X11; Linux x86_64) AppleWebKit/537.36"
192.168.1.100 - - [13/Jun/2025:18:18:43 +0000] "GET / HTTP/1.1" 301 361 "-" "Mozilla/5.0 (iPhone; CPU iPhone OS 14_0 like Mac OS X)"
198.51.100.23 - - [29/May/2025:04:17:45 +0000] "POST /login HTTP/1.1" 403 638 "https://example.com/login" "Mozilla/5.0 (Macintosh; Intel Mac OS X 10_15_7) AppleWebKit/537.36"
203.0.113.45 - - [02/Jun/2025:17:55:51 +0000] "POST /admin HTTP/1.1" 301 484 "https://example.com/admin" "Mozilla/5.0 (X11; Linux x86_64) AppleWebKit/537.36"
172.16.0.88 - - [01/Jun/2025:18:45:16 +0000] "POST /css/style.css HTTP/1.1" 401 581 "https://example.com/css/style.css" "Mozilla/5.0 (X11; Linux x86_64) AppleWebKit/537.36"
10.0.0.15 - - [23/May/2025:03:20:45 +0000] "GET /images/logo.png HTTP/1.1" 302 181 "https://example.com/images/logo.png" "Mozilla/5.0 (X11; Linux x86_64) AppleWebKit/537.36"
10.0.0.15 - - [04/Jun/2025:23:39:52 +0000] "GET /api/users HTTP/1.1" 301 785 "https://example.com/admin" "Mozilla/5.0 (Macintosh; Intel Mac OS X 10_15_7) AppleWebKit/537.36"
203.0.113.45 - - [19/Jun/2025:12:23:49 +0000] "GET /css/style.css HTTP/1.1" 404 838 "https://example.com/logout" "Mozilla/5.0 (iPhone; CPU iPhone OS 14_0 like Mac OS X)"
10.0.0.15 - - [20/Jun/2025:00:07:38 +0000] "PUT /images/logo.png HTTP/1.1" 302 574 "-" "Mozilla/5.0 (iPhone; CPU iPhone OS 14_0 like Mac OS X)"
10.0.0.15 - - [13/Jun/2025:05:20:16 +0000] "POST /admin HTTP/1.1" 302 924 "-" "Mozilla/5.0 (Macintosh; Intel Mac OS X 10_15_7) AppleWebKit/537.36"
198.51.100.23 - - [09/Jun/2025:21:14:27 +0000] "DELETE /css/style.css HTTP/1.1" 500 937 "https://example.com/logout" "curl/7.68.0"
10.0.0.15 - - [22/May/2025:05:44:46 +0000] "PUT /api/users HTTP/1.1" 404 828 "https://example.com/login" "Mozilla/5.0 (Macintosh; Intel Mac OS X 10_15_7) AppleWebKit/537.36"
192.168.1.100 - - [27/May/2025:19:23:06 +0000] "PUT /logout HTTP/1.1" 201 172 "https://example.com/login" "Mozilla/5.0 (Windows NT 10.0; Win64; x64) AppleWebKit/537.36"
203.0.113.45 - - [12/Jun/2025:09:21:13 +0000] "GET /css/style.css?id=381&page=2 HTTP/1.1" 401 619 "-" "curl/7.68.0"
203.0.113.45 - - [25/May/2025:01:20:29 +0000] "DELETE / HTTP/1.1" 502 532 "https://example.com/css/style.css" "Mozilla/5.0 (Macintosh; Intel Mac OS X 10_15_7) AppleWebKit/537.36"
192.168.1.100 - - [19/Jun/2025:20:08:01 +0000] "PUT /products HTTP/1.1" 404 735 "-" "curl/7.68.0"
172.16.0.88 - - [25/May/2025:04:43:59 +0000] "PUT /products HTTP/1.1" 200 48830 "https://example.com/products" "Mozilla/5.0 (iPhone; CPU iPhone OS 14_0 like Mac OS X)"
198.51.100.23 - - [22/May/2025:20:06:07 +0000] "POST /admin?id=632&page=6 HTTP/1.1" 200 10683 "https://example.com/admin" "curl/7.68.0"
198.51.100.23 - - [01/Jun/2025:16:27:31 +0000] "DELETE / HTTP/1.1" 500 49 "https://example.com/login" "Mozilla/5.0 (Windows NT 10.0; Win64; x64) AppleWebKit/537.36"
192.168.1.100 - - [26/May/2025:21:08:56 +0000] "POST /admin?id=59&page=7 HTTP/1.1" 302 469 "https://example.com/" "Mozilla/5.0 (Windows NT 10.0; Win64; x64) AppleWebKit/537.36"
203.0.113.45 - - [30/May/2025:05:17:05 +0000] "POST /admin HTTP/1.1" 400 329 "https://example.com/" "Mozilla/5.0 (Windows NT 10.0; Win64; x64) AppleWebKit/537.36"
192.168.1.100 - - [01/Jun/2025:05:25:59 +0000] "DELETE /login HTTP/1.1" 201 997 "-" "Mozilla/5.0 (Macintosh; Intel Mac OS X 10_15_7) AppleWebKit/537.36"
198.51.100.23 - - [02/Jun/2025:06:29:13 +0000] "POST /logout HTTP/1.1" 302 983 "https://example.com/api/users" "curl/7.68.0"
203.0.113.45 - - [22/May/2025:08:57:21 +0000] "DELETE /logout HTTP/1.1" 302 66 "https://example.com/products" "Mozilla/5.0 (iPhone; CPU iPhone OS 14_0 like Mac OS X)"
198.51.100.23 - - [04/Jun/2025:00:34:12 +0000] "PUT /admin HTTP/1.1" 500 293 "-" "Mozilla/5.0 (Windows NT 10.0; Win64; x64) AppleWebKit/537.36"
172.16.0.88 - - [21/May/2025:19:30:24 +0000] "GET /login HTTP/1.1" 301 124 "https://example.com/images/logo.png" "Mozilla/5.0 (Windows NT 10.0; Win64; x64) AppleWebKit/537.36"
192.168.1.100 - - [17/Jun/2025:04:49:12 +0000] "DELETE /products HTTP/1.1" 403 629 "https://example.com/admin" "Mozilla/5.0 (Windows NT 10.0; Win64; x64) AppleWebKit/537.36"
192.168.1.100 - - [24/May/2025:02:47:36 +0000] "PUT /admin HTTP/1.1" 200 36779 "https://example.com/admin" "Mozilla/5.0 (Windows NT 10.0; Win64; x64) AppleWebKit/537.36"
198.51.100.23 - - [26/May/2025:14:08:54 +0000] "PUT /api/users HTTP/1.1" 401 850 "-" "curl/7.68.0"
192.168.1.100 - - [25/May/2025:12:45:04 +0000] "POST /images/logo.png HTTP/1.1" 500 265 "https://example.com/admin" "curl/7.68.0"
10.0.0.15 - - [16/Jun/2025:06:51:22 +0000] "PUT /images/logo.png HTTP/1.1" 500 811 "https://example.com/logout" "Mozilla/5.0 (Macintosh; Intel Mac OS X 10_15_7) AppleWebKit/537.36"
198.51.100.23 - - [31/May/2025:04:03:36 +0000] "GET /products HTTP/1.1" 500 438 "-" "Mozilla/5.0 (Macintosh; Intel Mac OS X 10_15_7) AppleWebKit/537.36"
192.168.1.100 - - [06/Jun/2025:10:24:10 +0000] "POST /css/style.css HTTP/1.1" 201 658 "https://example.com/products" "Mozilla/5.0 (X11; Linux x86_64) AppleWebKit/537.36"
198.51.100.23 - - [07/Jun/2025:21:00:21 +0000] "POST / HTTP/1.1" 201 60 "-" "Mozilla/5.0 (Windows NT 10.0; Win64; x64) AppleWebKit/537.36"
172.16.0.88 - - [25/May/2025:04:07:03 +0000] "DELETE /logout HTTP/1.1" 200 36410 "https://example.com/admin" "curl/7.68.0"
10.0.0.15 - - [18/Jun/2025:07:41:16 +0000] "PUT /login HTTP/1.1" 403 425 "https://example.com/logout" "curl/7.68.0"
172.16.0.88 - - [09/Jun/2025:05:45:42 +0000] "POST /css/style.css HTTP/1.1" 302 757 "https://example.com/api/users" "Mozilla/5.0 (X11; Linux x86_64) AppleWebKit/537.36"
192.168.1.100 - - [05/Jun/2025:23:56:26 +0000] "POST /login HTTP/1.1" 400 180 "https://example.com/css/style.css" "curl/7.68.0"
192.168.1.100 - - [10/Jun/2025:13:01:36 +0000] "PUT / HTTP/1.1" 403 322 "https://example.com/css/style.css" "curl/7.68.0"
10.0.0.15 - - [11/Jun/2025:20:02:52 +0000] "DELETE /logout HTTP/1.1" 401 672 "https://example.com/logout" "Mozilla/5.0 (iPhone; CPU iPhone OS 14_0 like Mac OS X)"
203.0.113.45 - - [01/Jun/2025:16:23:59 +0000] "DELETE /images/logo.png HTTP/1.1" 200 31951 "https://example.com/api/users" "Mozilla/5.0 (X11; Linux x86_64) AppleWebKit/537.36"
192.168.1.100 - - [14/Jun/2025:23:04:56 +0000] "PUT /logout HTTP/1.1" 502 955 "https://example.com/" "Mozilla/5.0 (X11; Linux x86_64) AppleWebKit/537.36"
10.0.0.15 - - [07/Jun/2025:19:33:36 +0000] "GET /products HTTP/1.1" 400 648 "https://example.com/" "Mozilla/5.0 (X11; Linux x86_64) AppleWebKit/537.36"
203.0.113.45 - - [05/Jun/2025:00:15:36 +0000] "GET /admin HTTP/1.1" 301 499 "https://example.com/css/style.css" "Mozilla/5.0 (Windows NT 10.0; Win64; x64) AppleWebKit/537.36"
172.16.0.88 - - [24/May/2025:00:19:12 +0000] "PUT /products HTTP/1.1" 502 371 "https://example.com/api/users" "Mozilla/5.0 (iPhone; CPU iPhone OS 14_0 like Mac OS X)"
203.0.113.45 - - [01/Jun/2025:08:34:13 +0000] "PUT /logout HTTP/1.1" 500 813 "https://example.com/" "Mozilla/5.0 (Macintosh; Intel Mac OS X 10_15_7) AppleWebKit/537.36"
192.168.1.100 - - [02/Jun/2025:06:17:55 +0000] "PUT /admin HTTP/1.1" 500 186 "https://example.com/logout" "Mozilla/5.0 (iPhone; CPU iPhone OS 14_0 like Mac OS X)"
192.168.1.100 - - [17/Jun/2025:21:48:04 +0000] "POST /products HTTP/1.1" 401 551 "https://example.com/admin" "Mozilla/5.0 (X11; Linux x86_64) AppleWebKit/537.36"
203.0.113.45 - - [03/Jun/2025:09:15:33 +0000] "GET /api/users HTTP/1.1" 302 825 "https://example.com/css/style.css" "Mozilla/5.0 (X11; Linux x86_64) AppleWebKit/537.36"
203.0.113.45 - - [14/Jun/2025:12:57:39 +0000] "GET / HTTP/1.1" 201 931 "-" "curl/7.68.0"
203.0.113.45 - - [26/May/2025:09:31:00 +0000] "PUT /api/users HTTP/1.1" 500 24 "https://example.com/logout" "Mozilla/5.0 (Macintosh; Intel Mac OS X 10_15_7) AppleWebKit/537.36"
192.168.1.100 - - [30/May/2025:09:00:42 +0000] "PUT /images/logo.png HTTP/1.1" 403 769 "-" "Mozilla/5.0 (X11; Linux x86_64) AppleWebKit/537.36"
172.16.0.88 - - [20/Jun/2025:12:57:47 +0000] "PUT /logout HTTP/1.1" 200 31287 "https://example.com/admin" "Mozilla/5.0 (Windows NT 10.0; Win64; x64) AppleWebKit/537.36"
192.168.1.100 - - [05/Jun/2025:07:24:01 +0000] "PUT /products HTTP/1.1" 200 4071 "https://example.com/css/style.css" "Mozilla/5.0 (iPhone; CPU iPhone OS 14_0 like Mac OS X)"
172.16.0.88 - - [11/Jun/2025:05:44:36 +0000] "DELETE /?id=487&page=2 HTTP/1.1" 404 697 "https://example.com/products" "Mozilla/5.0 (Windows NT 10.0; Win64; x64) AppleWebKit/537.36"
203.0.113.45 - - [21/May/2025:19:05:20 +0000] "DELETE /admin HTTP/1.1" 200 12476 "-" "Mozilla/5.0 (X11; Linux x86_64) AppleWebKit/537.36"
203.0.113.45 - - [16/Jun/2025:18:43:23 +0000] "POST /api/users HTTP/1.1" 302 319 "https://example.com/admin" "curl/7.68.0"
192.168.1.100 - - [22/May/2025:20:20:01 +0000] "PUT /logout HTTP/1.1" 500 781 "https://example.com/css/style.css" "Mozilla/5.0 (iPhone; CPU iPhone OS 14_0 like Mac OS X)"
172.16.0.88 - - [12/Jun/2025:02:24:01 +0000] "POST / HTTP/1.1" 403 962 "-" "curl/7.68.0"
172.16.0.88 - - [14/Jun/2025:18:47:03 +0000] "PUT /products HTTP/1.1" 301 721 "https://example.com/images/logo.png" "Mozilla/5.0 (Windows NT 10.0; Win64; x64) AppleWebKit/537.36"
10.0.0.15 - - [11/Jun/2025:05:04:55 +0000] "GET /admin?id=655&page=7 HTTP/1.1" 400 639 "-" "Mozilla/5.0 (Macintosh; Intel Mac OS X 10_15_7) AppleWebKit/537.36"
172.16.0.88 - - [07/Jun/2025:11:18:25 +0000] "GET /logout HTTP/1.1" 302 442 "-" "Mozilla/5.0 (iPhone; CPU iPhone OS 14_0 like Mac OS X)"
198.51.100.23 - - [23/May/2025:07:54:06 +0000] "PUT /images/logo.png HTTP/1.1" 301 881 "https://example.com/login" "Mozilla/5.0 (iPhone; CPU iPhone OS 14_0 like Mac OS X)"
198.51.100.23 - - [05/Jun/2025:12:46:56 +0000] "GET / HTTP/1.1" 400 535 "https://example.com/api/users" "curl/7.68.0"
198.51.100.23 - - [09/Jun/2025:20:41:14 +0000] "GET /products HTTP/1.1" 403 815 "https://example.com/css/style.css" "Mozilla/5.0 (iPhone; CPU iPhone OS 14_0 like Mac OS X)"
198.51.100.23 - - [29/May/2025:15:42:44 +0000] "GET /admin HTTP/1.1" 400 614 "https://example.com/admin" "curl/7.68.0"
203.0.113.45 - - [12/Jun/2025:18:24:01 +0000] "GET / HTTP/1.1" 200 44267 "https://example.com/api/users" "curl/7.68.0"
172.16.0.88 - - [23/May/2025:05:27:03 +0000] "DELETE /logout HTTP/1.1" 403 640 "https://example.com/logout" "Mozilla/5.0 (iPhone; CPU iPhone OS 14_0 like Mac OS X)"
172.16.0.88 - - [23/May/2025:15:32:45 +0000] "PUT /images/logo.png HTTP/1.1" 500 440 "https://example.com/api/users" "Mozilla/5.0 (Windows NT 10.0; Win64; x64) AppleWebKit/537.36"
10.0.0.15 - - [11/Jun/2025:14:18:38 +0000] "POST / HTTP/1.1" 502 6 "https://example.com/admin" "curl/7.68.0"
192.168.1.100 - - [24/May/2025:01:06:25 +0000] "GET /images/logo.png HTTP/1.1" 500 956 "https://example.com/logout" "Mozilla/5.0 (X11; Linux x86_64) AppleWebKit/537.36"
10.0.0.15 - - [23/May/2025:23:47:09 +0000] "GET / HTTP/1.1" 403 979 "https://example.com/products" "Mozilla/5.0 (iPhone; CPU iPhone OS 14_0 like Mac OS X)"
10.0.0.15 - - [02/Jun/2025:06:04:41 +0000] "DELETE /images/logo.png HTTP/1.1" 302 618 "https://example.com/login" "Mozilla/5.0 (iPhone; CPU iPhone OS 14_0 like Mac OS X)"
172.16.0.88 - - [18/Jun/2025:22:38:45 +0000] "PUT /login HTTP/1.1" 301 734 "https://example.com/css/style.css" "curl/7.68.0"
172.16.0.88 - - [02/Jun/2025:23:35:47 +0000] "GET /products HTTP/1.1" 403 940 "https://example.com/login" "curl/7.68.0"
203.0.113.45 - - [07/Jun/2025:20:35:00 +0000] "GET /products HTTP/1.1" 200 36811 "https://example.com/images/logo.png" "Mozilla/5.0 (X11; Linux x86_64) AppleWebKit/537.36"
192.168.1.100 - - [11/Jun/2025:00:58:54 +0000] "GET / HTTP/1.1" 500 407 "https://example.com/" "Mozilla/5.0 (X11; Linux x86_64) AppleWebKit/537.36"
198.51.100.23 - - [06/Jun/2025:23:04:03 +0000] "POST /products HTTP/1.1" 401 86 "-" "Mozilla/5.0 (Macintosh; Intel Mac OS X 10_15_7) AppleWebKit/537.36"
198.51.100.23 - - [13/Jun/2025:00:11:36 +0000] "GET /products HTTP/1.1" 502 291 "https://example.com/login" "Mozilla/5.0 (Windows NT 10.0; Win64; x64) AppleWebKit/537.36"
198.51.100.23 - - [27/May/2025:16:17:45 +0000] "POST /api/users HTTP/1.1" 302 219 "https://example.com/products" "Mozilla/5.0 (X11; Linux x86_64) AppleWebKit/537.36"
192.168.1.100 - - [27/May/2025:01:33:53 +0000] "GET /css/style.css HTTP/1.1" 201 857 "https://example.com/css/style.css" "Mozilla/5.0 (Macintosh; Intel Mac OS X 10_15_7) AppleWebKit/537.36"
203.0.113.45 - - [02/Jun/2025:23:35:28 +0000] "GET /admin HTTP/1.1" 400 684 "-" "curl/7.68.0"
172.16.0.88 - - [04/Jun/2025:20:41:43 +0000] "POST /login HTTP/1.1" 500 594 "https://example.com/" "curl/7.68.0"
10.0.0.15 - - [19/Jun/2025:12:59:44 +0000] "POST /images/logo.png HTTP/1.1" 301 984 "-" "Mozilla/5.0 (iPhone; CPU iPhone OS 14_0 like Mac OS X)"
172.16.0.88 - - [27/May/2025:23:06:40 +0000] "PUT / HTTP/1.1" 400 781 "-" "Mozilla/5.0 (Windows NT 10.0; Win64; x64) AppleWebKit/537.36"
192.168.1.100 - - [24/May/2025:14:07:45 +0000] "PUT /api/users HTTP/1.1" 301 149 "https://example.com/login" "Mozilla/5.0 (Macintosh; Intel Mac OS X 10_15_7) AppleWebKit/537.36"
10.0.0.15 - - [07/Jun/2025:17:08:09 +0000] "PUT /admin HTTP/1.1" 301 669 "-" "Mozilla/5.0 (X11; Linux x86_64) AppleWebKit/537.36"
192.168.1.100 - - [26/May/2025:23:07:23 +0000] "DELETE / HTTP/1.1" 301 343 "https://example.com/images/logo.png" "Mozilla/5.0 (X11; Linux x86_64) AppleWebKit/537.36"
10.0.0.15 - - [08/Jun/2025:15:00:46 +0000] "GET /api/users HTTP/1.1" 404 420 "https://example.com/logout" "Mozilla/5.0 (iPhone; CPU iPhone OS 14_0 like Mac OS X)"
203.0.113.45 - - [11/Jun/2025:19:21:33 +0000] "POST /css/style.css HTTP/1.1" 401 613 "https://example.com/logout" "curl/7.68.0"
192.168.1.100 - - [05/Jun/2025:21:20:26 +0000] "POST /admin?id=896&page=2 HTTP/1.1" 401 266 "https://example.com/" "Mozilla/5.0 (Windows NT 10.0; Win64; x64) AppleWebKit/537.36"
203.0.113.45 - - [27/May/2025:08:10:51 +0000] "POST /images/logo.png HTTP/1.1" 301 427 "-" "Mozilla/5.0 (X11; Linux x86_64) AppleWebKit/537.36"
198.51.100.23 - - [14/Jun/2025:08:26:25 +0000] "POST /products HTTP/1.1" 403 318 "-" "Mozilla/5.0 (Macintosh; Intel Mac OS X 10_15_7) AppleWebKit/537.36"
198.51.100.23 - - [06/Jun/2025:08:12:11 +0000] "POST /css/style.css HTTP/1.1" 500 927 "-" "Mozilla/5.0 (X11; Linux x86_64) AppleWebKit/537.36"
198.51.100.23 - - [27/May/2025:00:14:49 +0000] "GET /login HTTP/1.1" 404 506 "https://example.com/admin" "Mozilla/5.0 (X11; Linux x86_64) AppleWebKit/537.36"
203.0.113.45 - - [29/May/2025:07:46:04 +0000] "PUT /images/logo.png HTTP/1.1" 401 16 "-" "curl/7.68.0"
203.0.113.45 - - [28/May/2025:01:41:30 +0000] "GET /logout HTTP/1.1" 500 383 "https://example.com/login" "Mozilla/5.0 (iPhone; CPU iPhone OS 14_0 like Mac OS X)"
198.51.100.23 - - [02/Jun/2025:18:15:13 +0000] "PUT /products HTTP/1.1" 201 784 "https://example.com/" "curl/7.68.0"
172.16.0.88 - - [25/May/2025:12:28:54 +0000] "POST /login HTTP/1.1" 200 36107 "-" "Mozilla/5.0 (Windows NT 10.0; Win64; x64) AppleWebKit/537.36"
203.0.113.45 - - [10/Jun/2025:07:22:46 +0000] "DELETE /logout HTTP/1.1" 201 471 "https://example.com/login" "curl/7.68.0"
10.0.0.15 - - [23/May/2025:06:15:23 +0000] "DELETE / HTTP/1.1" 302 160 "-" "Mozilla/5.0 (Windows NT 10.0; Win64; x64) AppleWebKit/537.36"
198.51.100.23 - - [16/Jun/2025:20:45:24 +0000] "GET /css/style.css HTTP/1.1" 500 757 "-" "Mozilla/5.0 (X11; Linux x86_64) AppleWebKit/537.36"
192.168.1.100 - - [17/Jun/2025:09:44:52 +0000] "POST /css/style.css HTTP/1.1" 301 383 "https://example.com/api/users" "Mozilla/5.0 (iPhone; CPU iPhone OS 14_0 like Mac OS X)"
203.0.113.45 - - [13/Jun/2025:04:38:25 +0000] "GET /images/logo.png HTTP/1.1" 200 13094 "https://example.com/login" "Mozilla/5.0 (X11; Linux x86_64) AppleWebKit/537.36"
203.0.113.45 - - [29/May/2025:08:38:57 +0000] "DELETE /login HTTP/1.1" 301 772 "https://example.com/logout" "Mozilla/5.0 (Windows NT 10.0; Win64; x64) AppleWebKit/537.36"
192.168.1.100 - - [10/Jun/2025:01:57:12 +0000] "PUT /admin?id=811&page=4 HTTP/1.1" 200 30279 "https://example.com/logout" "Mozilla/5.0 (Windows NT 10.0; Win64; x64) AppleWebKit/537.36"
10.0.0.15 - - [18/Jun/2025:08:26:47 +0000] "PUT /products HTTP/1.1" 200 31047 "https://example.com/css/style.css" "Mozilla/5.0 (Macintosh; Intel Mac OS X 10_15_7) AppleWebKit/537.36"
203.0.113.45 - - [31/May/2025:19:09:49 +0000] "DELETE / HTTP/1.1" 400 748 "https://example.com/css/style.css" "Mozilla/5.0 (Windows NT 10.0; Win64; x64) AppleWebKit/537.36"
172.16.0.88 - - [17/Jun/2025:20:27:58 +0000] "DELETE /logout HTTP/1.1" 400 669 "https://example.com/images/logo.png" "curl/7.68.0"
198.51.100.23 - - [14/Jun/2025:10:44:00 +0000] "PUT /css/style.css?id=319&page=1 HTTP/1.1" 301 965 "https://example.com/api/users" "Mozilla/5.0 (X11; Linux x86_64) AppleWebKit/537.36"
192.168.1.100 - - [18/Jun/2025:18:23:57 +0000] "POST /api/users HTTP/1.1" 403 101 "https://example.com/" "Mozilla/5.0 (Macintosh; Intel Mac OS X 10_15_7) AppleWebKit/537.36"
10.0.0.15 - - [03/Jun/2025:05:31:17 +0000] "PUT /images/logo.png?id=487&page=6 HTTP/1.1" 301 440 "https://example.com/api/users" "Mozilla/5.0 (Macintosh; Intel Mac OS X 10_15_7) AppleWebKit/537.36"
192.168.1.100 - - [25/May/2025:11:56:17 +0000] "DELETE /?id=70&page=10 HTTP/1.1" 400 53 "https://example.com/products" "Mozilla/5.0 (Windows NT 10.0; Win64; x64) AppleWebKit/537.36"
203.0.113.45 - - [22/May/2025:09:38:09 +0000] "POST / HTTP/1.1" 201 896 "https://example.com/admin" "curl/7.68.0"
10.0.0.15 - - [10/Jun/2025:23:59:37 +0000] "GET /login HTTP/1.1" 500 591 "-" "Mozilla/5.0 (iPhone; CPU iPhone OS 14_0 like Mac OS X)"
203.0.113.45 - - [24/May/2025:17:53:12 +0000] "GET /css/style.css HTTP/1.1" 400 935 "-" "Mozilla/5.0 (X11; Linux x86_64) AppleWebKit/537.36"
172.16.0.88 - - [04/Jun/2025:06:06:10 +0000] "GET /admin HTTP/1.1" 401 408 "https://example.com/login" "Mozilla/5.0 (X11; Linux x86_64) AppleWebKit/537.36"
192.168.1.100 - - [22/May/2025:06:12:38 +0000] "PUT /admin HTTP/1.1" 400 4 "https://example.com/css/style.css" "curl/7.68.0"
198.51.100.23 - - [02/Jun/2025:15:44:35 +0000] "PUT /login HTTP/1.1" 301 524 "-" "Mozilla/5.0 (X11; Linux x86_64) AppleWebKit/537.36"
198.51.100.23 - - [04/Jun/2025:13:14:33 +0000] "DELETE /logout HTTP/1.1" 404 297 "https://example.com/products" "Mozilla/5.0 (X11; Linux x86_64) AppleWebKit/537.36"
203.0.113.45 - - [12/Jun/2025:19:12:51 +0000] "GET /admin HTTP/1.1" 400 901 "https://example.com/images/logo.png" "Mozilla/5.0 (Macintosh; Intel Mac OS X 10_15_7) AppleWebKit/537.36"
172.16.0.88 - - [05/Jun/2025:04:48:10 +0000] "DELETE /logout HTTP/1.1" 301 81 "https://example.com/" "curl/7.68.0"
172.16.0.88 - - [24/May/2025:02:16:39 +0000] "POST /admin HTTP/1.1" 403 562 "https://example.com/" "Mozilla/5.0 (X11; Linux x86_64) AppleWebKit/537.36"
198.51.100.23 - - [14/Jun/2025:23:28:28 +0000] "PUT / HTTP/1.1" 400 484 "https://example.com/admin" "Mozilla/5.0 (iPhone; CPU iPhone OS 14_0 like Mac OS X)"
192.168.1.100 - - [16/Jun/2025:17:53:41 +0000] "PUT /images/logo.png HTTP/1.1" 404 990 "-" "curl/7.68.0"
198.51.100.23 - - [16/Jun/2025:08:19:32 +0000] "GET /css/style.css HTTP/1.1" 400 924 "https://example.com/" "Mozilla/5.0 (X11; Linux x86_64) AppleWebKit/537.36"
192.168.1.100 - - [23/May/2025:11:01:01 +0000] "GET /login?id=549&page=6 HTTP/1.1" 404 481 "https://example.com/products" "Mozilla/5.0 (Windows NT 10.0; Win64; x64) AppleWebKit/537.36"
203.0.113.45 - - [29/May/2025:00:43:45 +0000] "POST /images/logo.png?id=461&page=9 HTTP/1.1" 301 621 "https://example.com/api/users" "Mozilla/5.0 (iPhone; CPU iPhone OS 14_0 like Mac OS X)"
203.0.113.45 - - [10/Jun/2025:16:56:59 +0000] "GET /api/users HTTP/1.1" 403 678 "https://example.com/products" "Mozilla/5.0 (Macintosh; Intel Mac OS X 10_15_7) AppleWebKit/537.36"
203.0.113.45 - - [05/Jun/2025:14:39:01 +0000] "DELETE / HTTP/1.1" 401 471 "https://example.com/css/style.css" "curl/7.68.0"
203.0.113.45 - - [13/Jun/2025:14:37:55 +0000] "POST /logout HTTP/1.1" 403 278 "https://example.com/api/users" "Mozilla/5.0 (iPhone; CPU iPhone OS 14_0 like Mac OS X)"
192.168.1.100 - - [07/Jun/2025:04:07:21 +0000] "DELETE /api/users?id=193&page=10 HTTP/1.1" 301 414 "https://example.com/css/style.css" "Mozilla/5.0 (Windows NT 10.0; Win64; x64) AppleWebKit/537.36"
