203.0.113.45 - - [04/Jun/2025:05:15:41 +0000] "PUT /products HTTP/1.1" 404 63 "-" "Mozilla/5.0 (Macintosh; Intel Mac OS X 10_15_7) AppleWebKit/537.36"
203.0.113.45 - - [14/Jun/2025:07:46:50 +0000] "POST /images/logo.png HTTP/1.1" 201 648 "https://example.com/login" "curl/7.68.0"
192.168.1.100 - - [12/Jun/2025:17:26:34 +0000] "GET /css/style.css HTTP/1.1" 500 138 "https://example.com/api/users" "Mozilla/5.0 (iPhone; CPU iPhone OS 14_0 like Mac OS X)"
172.16.0.88 - - [15/Jun/2025:04:11:23 +0000] "POST /logout HTTP/1.1" 403 87 "-" "curl/7.68.0"
172.16.0.88 - - [27/May/2025:02:14:03 +0000] "PUT /css/style.css HTTP/1.1" 200 46889 "-" "Mozilla/5.0 (X11; Linux x86_64) AppleWebKit/537.36"
203.0.113.45 - - [29/May/2025:07:34:29 +0000] "POST / HTTP/1.1" 502 291 "https://example.com/admin" "curl/7.68.0"
192.168.1.100 - - [02/Jun/2025:05:15:26 +0000] "DELETE /logout HTTP/1.1" 500 207 "https://example.com/" "curl/7.68.0"
172.16.0.88 - - [28/May/2025:03:51:47 +0000] "PUT /css/style.css?id=253&page=1 HTTP/1.1" 502 33 "-" "Mozilla/5.0 (iPhone; CPU iPhone OS 14_0 like Mac OS X)"
198.51.100.23 - - [10/Jun/2025:05:27:37 +0000] "GET /images/logo.png HTTP/1.1" 404 871 "-" "Mozilla/5.0 (iPhone; CPU iPhone OS 14_0 like Mac OS X)"
192.168.1.100 - - [06/Jun/2025:19:34:07 +0000] "PUT /admin HTTP/1.1" 301 965 "https://example.com/products" "Mozilla/5.0 (Windows NT 10.0; Win64; x64) AppleWebKit/537.36"
10.0.0.15 - - [13/Jun/2025:16:20:45 +0000] "PUT /login HTTP/1.1" 502 133 "-" "Mozilla/5.0 (Macintosh; Intel Mac OS X 10_15_7) AppleWebKit/537.36"
10.0.0.15 - - [29/May/2025:15:45:13 +0000] "PUT /images/logo.png HTTP/1.1" 500 428 "https://example.com/" "Mozilla/5.0 (iPhone; CPU iPhone OS 14_0 like Mac OS X)"
172.16.0.88 - - [28/May/2025:07:53:44 +0000] "GET /admin HTTP/1.1" 403 633 "https://example.com/" "Mozilla/5.0 (X11; Linux x86_64) AppleWebKit/537.36"
172.16.0.88 - - [05/Jun/2025:22:32:00 +0000] "POST /logout HTTP/1.1" 403 733 "-" "Mozilla/5.0 (iPhone; CPU iPhone OS 14_0 like Mac OS X)"
10.0.0.15 - - [11/Jun/2025:21:19:54 +0000] "POST /api/users HTTP/1.1" 302 185 "-" "Mozilla/5.0 (Windows NT 10.0; Win64; x64) AppleWebKit/537.36"
10.0.0.15 - - [04/Jun/2025:05:47:01 +0000] "POST / HTTP/1.1" 502 367 "https://example.com/images/logo.png" "Mozilla/5.0 (iPhone; CPU iPhone OS 14_0 like Mac OS X)"
198.51.100.23 - - [31/May/2025:18:00:31 +0000] "PUT /images/logo.png HTTP/1.1" 400 340 "https://example.com/" "Mozilla/5.0 (iPhone; CPU iPhone OS 14_0 like Mac OS X)"
198.51.100.23 - - [24/May/2025:01:25:04 +0000] "PUT /admin HTTP/1.1" 404 810 "https://example.com/login" "Mozilla/5.0 (iPhone; CPU iPhone OS 14_0 like Mac OS X)"
10.0.0.15 - - [10/Jun/2025:03:05:57 +0000] "POST /logout?id=420&page=4 HTTP/1.1" 403 54 "https://example.com/login" "Mozilla/5.0 (Macintosh; Intel Mac OS X 10_15_7) AppleWebKit/537.36"
203.0.113.45 - - [26/May/2025:12:25:56 +0000] "POST /logout HTTP/1.1" 400 811 "-" "curl/7.68.0"
10.0.0.15 - - [01/Jun/2025:12:27:51 +0000] "PUT /logout HTTP/1.1" 404 209 "-" "curl/7.68.0"
172.16.0.88 - - [22/May/2025:12:53:29 +0000] "POST / HTTP/1.1" 403 49 "https://example.com/logout" "Mozilla/5.0 (Macintosh; Intel Mac OS X 10_15_7) AppleWebKit/537.36"
172.16.0.88 - - [27/May/2025:15:07:33 +0000] "POST /admin HTTP/1.1" 502 237 "https://example.com/css/style.css" "Mozilla/5.0 (iPhone; CPU iPhone OS 14_0 like Mac OS X)"
172.16.0.88 - - [12/Jun/2025:15:39:00 +0000] "PUT / HTTP/1.1" 400 460 "https://example.com/admin" "curl/7.68.0"
203.0.113.45 - - [28/May/2025:17:03:41 +0000] "POST /css/style.css HTTP/1.1" 502 964 "-" "curl/7.68.0"
198.51.100.23 - - [17/Jun/2025:10:40:36 +0000] "PUT /admin HTTP/1.1" 401 951 "https://example.com/" "Mozilla/5.0 (X11; Linux x86_64) AppleWebKit/537.36"
203.0.113.45 - - [09/Jun/2025:05:34:32 +0000] "GET /login HTTP/1.1" 502 222 "-" "Mozilla/5.0 (iPhone; CPU iPhone OS 14_0 like Mac OS X)"
203.0.113.45 - - [24/May/2025:00:47:09 +0000] "POST /products HTTP/1.1" 502 243 "https://example.com/admin" "Mozilla/5.0 (iPhone; CPU iPhone OS 14_0 like Mac OS X)"
10.0.0.15 - - [28/May/2025:23:56:29 +0000] "DELETE /products HTTP/1.1" 400 862 "https://example.com/images/logo.png" "curl/7.68.0"
10.0.0.15 - - [20/Jun/2025:04:16:31 +0000] "DELETE / HTTP/1.1" 404 8 "-" "Mozilla/5.0 (iPhone; CPU iPhone OS 14_0 like Mac OS X)"
198.51.100.23 - - [01/Jun/2025:10:10:37 +0000] "GET / HTTP/1.1" 502 406 "-" "curl/7.68.0"
198.51.100.23 - - [04/Jun/2025:09:34:41 +0000] "POST /products?id=834&page=2 HTTP/1.1" 401 737 "https://example.com/products" "Mozilla/5.0 (X11; Linux x86_64) AppleWebKit/537.36"
198.51.100.23 - - [02/Jun/2025:05:44:53 +0000] "DELETE /products HTTP/1.1" 301 205 "-" "curl/7.68.0"
192.168.1.100 - - [25/May/2025:21:36:37 +0000] "DELETE / HTTP/1.1" 500 974 "-" "Mozilla/5.0 (X11; Linux x86_64) AppleWebKit/537.36"
10.0.0.15 - - [05/Jun/2025:02:50:32 +0000] "GET / HTTP/1.1" 201 923 "-" "Mozilla/5.0 (Windows NT 10.0; Win64; x64) AppleWebKit/537.36"
198.51.100.23 - - [26/May/2025:13:40:33 +0000] "POST /images/logo.png HTTP/1.1" 200 8831 "https://example.com/api/users" "curl/7.68.0"
203.0.113.45 - - [05/Jun/2025:11:09:15 +0000] "DELETE /images/logo.png HTTP/1.1" 502 215 "-" "Mozilla/5.0 (Windows NT 10.0; Win64; x64) AppleWebKit/537.36"
192.168.1.100 - - [28/May/2025:05:06:51 +0000] "GET /logout HTTP/1.1" 200 26315 "https://example.com/css/style.css" "Mozilla/5.0 (iPhone; CPU iPhone OS 14_0 like Mac OS X)"
192.168.1.100 - - [20/Jun/2025:04:23:01 +0000] "DELETE /login HTTP/1.1" 201 606 "https://example.com/css/style.css" "Mozilla/5.0 (X11; Linux x86_64) AppleWebKit/537.36"
172.16.0.88 - - [04/Jun/2025:16:00:47 +0000] "POST /login?id=4&page=1 HTTP/1.1" 301 188 "https://example.com/login" "Mozilla/5.0 (X11; Linux x86_64) AppleWebKit/537.36"
172.16.0.88 - - [06/Jun/2025:07:02:39 +0000] "DELETE /admin HTTP/1.1" 201 624 "https://example.com/login" "curl/7.68.0"
192.168.1.100 - - [15/Jun/2025:21:45:10 +0000] "POST /login HTTP/1.1" 404 816 "https://example.com/admin" "curl/7.68.0"
203.0.113.45 - - [23/May/2025:06:03:47 +0000] "PUT /api/users HTTP/1.1" 200 15196 "https://example.com/products" "Mozilla/5.0 (Windows NT 10.0; Win64; x64) AppleWebKit/537.36"
203.0.113.45 - - [23/May/2025:07:41:06 +0000] "DELETE /logout HTTP/1.1" 500 827 "https://example.com/admin" "Mozilla/5.0 (X11; Linux x86_64) AppleWebKit/537.36"
203.0.113.45 - - [04/Jun/2025:04:28:16 +0000] "GET /logout HTTP/1.1" 401 741 "https://example.com/products" "Mozilla/5.0 (iPhone; CPU iPhone OS 14_0 like Mac OS X)"
172.16.0.88 - - [28/May/2025:20:58:47 +0000] "PUT /api/users HTTP/1.1" 302 89 "https://example.com/login" "Mozilla/5.0 (Windows NT 10.0; Win64; x64) AppleWebKit/537.36"
192.168.1.100 - - [28/May/2025:02:15:08 +0000] "PUT / HTTP/1.1" 404 812 "https://example.com/" "Mozilla/5.0 (X11; Linux x86_64) AppleWebKit/537.36"
10.0.0.15 - - [28/May/2025:02:56:17 +0000] "PUT /admin HTTP/1.1" 403 318 "-" "Mozilla/5.0 (X11; Linux x86_64) AppleWebKit/537.36"
172.16.0.88 - - [22/May/2025:01:14:59 +0000] "PUT / HTTP/1.1" 404 612 "https://example.com/products" "curl/7.68.0"
203.0.113.45 - - [20/Jun/2025:05:13:39 +0000] "POST / HTTP/1.1" 200 45024 "https://example.com/logout" "Mozilla/5.0 (Windows NT 10.0; Win64; x64) AppleWebKit/537.36"
10.0.0.15 - - [14/Jun/2025:22:57:03 +0000] "POST /logout HTTP/1.1" 500 379 "https://example.com/api/users" "curl/7.68.0"
198.51.100.23 - - [14/Jun/2025:05:58:27 +0000] "PUT /admin HTTP/1.1" 301 891 "-" "curl/7.68.0"
172.16.0.88 - - [18/Jun/2025:20:23:07 +0000] "POST /login HTTP/1.1" 201 893 "-" "Mozilla/5.0 (iPhone; CPU iPhone OS 14_0 like Mac OS X)"
172.16.0.88 - - [07/Jun/2025:11:35:57 +0000] "GET /login HTTP/1.1" 404 92 "-" "curl/7.68.0"
192.168.1.100 - - [18/Jun/2025:07:33:37 +0000] "GET /css/style.css HTTP/1.1" 500 588 "https://example.com/css/style.css" "Mozilla/5.0 (Macintosh; Intel Mac OS X 10_15_7) AppleWebKit/537.36"
10.0.0.15 - - [13/Jun/2025:02:49:29 +0000] "POST / HTTP/1.1" 200 5330 "-" "Mozilla/5.0 (Windows NT 10.0; Win64; x64) AppleWebKit/537.36"
198.51.100.23 - - [04/Jun/2025:22:36:48 +0000] "POST /login HTTP/1.1" 401 391 "https://example.com/api/users" "curl/7.68.0"
192.168.1.100 - - [12/Jun/2025:11:50:20 +0000] "GET /products HTTP/1.1" 400 863 "https://example.com/admin" "curl/7.68.0"
203.0.113.45 - - [20/Jun/2025:06:17:48 +0000] "PUT /login HTTP/1.1" 302 522 "https://example.com/images/logo.png" "curl/7.68.0"
203.0.113.45 - - [20/Jun/2025:10:57:04 +0000] "POST / HTTP/1.1" 200 13109 "https://example.com/login" "curl/7.68.0"
203.0.113.45 - - [16/Jun/2025:22:08:26 +0000] "DELETE / HTTP/1.1" 401 699 "https://example.com/logout" "Mozilla/5.0 (X11; Linux x86_64) AppleWebKit/537.36"
198.51.100.23 - - [06/Jun/2025:07:55:02 +0000] "DELETE /login HTTP/1.1" 500 272 "https://example.com/login" "curl/7.68.0"
10.0.0.15 - - [31/May/2025:14:35:43 +0000] "PUT /images/logo.png HTTP/1.1" 302 715 "https://example.com/images/logo.png" "Mozilla/5.0 (Macintosh; Intel Mac OS X 10_15_7) AppleWebKit/537.36"
10.0.0.15 - - [18/Jun/2025:15:03:56 +0000] "PUT /api/users HTTP/1.1" 301 593 "https://example.com/css/style.css" "Mozilla/5.0 (Macintosh; Intel Mac OS X 10_15_7) AppleWebKit/537.36"
198.51.100.23 - - [19/Jun/2025:08:56:35 +0000] "POST /login HTTP/1.1" 201 261 "https://example.com/logout" "Mozilla/5.0 (Macintosh; Intel Mac OS X 10_15_7) AppleWebKit/537.36"
172.16.0.88 - - [01/Jun/2025:13:30:03 +0000] "GET /api/users HTTP/1.1" 201 979 "https://example.com/products" "Mozilla/5.0 (X11; Linux x86_64) AppleWebKit/537.36"
198.51.100.23 - - [19/Jun/2025:04:26:54 +0000] "PUT /products?id=172&page=5 HTTP/1.1" 500 525 "https://example.com/" "Mozilla/5.0 (Windows NT 10.0; Win64; x64) AppleWebKit/537.36"
172.16.0.88 - - [12/Jun/2025:19:29:53 +0000] "DELETE /products HTTP/1.1" 400 423 "https://example.com/admin" "curl/7.68.0"
198.51.100.23 - - [16/Jun/2025:03:48:52 +0000] "DELETE / HTTP/1.1" 201 187 "-" "Mozilla/5.0 (Windows NT 10.0; Win64; x64) AppleWebKit/537.36"
10.0.0.15 - - [18/Jun/2025:22:07:32 +0000] "DELETE /products HTTP/1.1" 301 603 "https://example.com/login" "Mozilla/5.0 (iPhone; CPU iPhone OS 14_0 like Mac OS X)"
172.16.0.88 - - [28/May/2025:02:37:52 +0000] "GET /login HTTP/1.1" 500 636 "-" "Mozilla/5.0 (X11; Linux x86_64) AppleWebKit/537.36"
172.16.0.88 - - [31/May/2025:01:04:50 +0000] "POST /api/users?id=701&page=8 HTTP/1.1" 400 890 "https://example.com/products" "Mozilla/5.0 (Macintosh; Intel Mac OS X 10_15_7) AppleWebKit/537.36"
10.0.0.15 - - [30/May/2025:06:25:34 +0000] "POST /products HTTP/1.1" 201 550 "https://example.com/admin" "Mozilla/5.0 (Macintosh; Intel Mac OS X 10_15_7) AppleWebKit/537.36"
10.0.0.15 - - [15/Jun/2025:10:18:15 +0000] "POST / HTTP/1.1" 500 529 "https://example.com/logout" "Mozilla/5.0 (iPhone; CPU iPhone OS 14_0 like Mac OS X)"
172.16.0.88 - - [30/May/2025:05:04:07 +0000] "POST / HTTP/1.1" 200 31013 "https://example.com/admin" "Mozilla/5.0 (Windows NT 10.0; Win64; x64) AppleWebKit/537.36"
10.0.0.15 - - [27/May/2025:14:35:55 +0000] "PUT / HTTP/1.1" 403 832 "https://example.com/logout" "Mozilla/5.0 (Macintosh; Intel Mac OS X 10_15_7) AppleWebKit/537.36"
192.168.1.100 - - [14/Jun/2025:14:51:15 +0000] "DELETE /products HTTP/1.1" 302 379 "https://example.com/logout" "Mozilla/5.0 (X11; Linux x86_64) AppleWebKit/537.36"
172.16.0.88 - - [09/Jun/2025:06:11:39 +0000] "GET / HTTP/1.1" 401 351 "https://example.com/api/users" "Mozilla/5.0 (X11; Linux x86_64) AppleWebKit/537.36"
198.51.100.23 - - [03/Jun/2025:15:56:54 +0000] "PUT /api/users?id=690&page=5 HTTP/1.1" 500 141 "-" "Mozilla/5.0 (Macintosh; Intel Mac OS X 10_15_7) AppleWebKit/537.36"
203.0.113.45 - - [19/Jun/2025:19:42:38 +0000] "GET /api/users HTTP/1.1" 502 825 "-" "Mozilla/5.0 (X11; Linux x86_64) AppleWebKit/537.36"
198.51.100.23 - - [05/Jun/2025:23:51:28 +0000] "POST / HTTP/1.1" 302 77 "https://example.com/products" "Mozilla/5.0 (Windows NT 10.0; Win64; x64) AppleWebKit/537.36"
203.0.113.45 - - [06/Jun/2025:01:51:20 +0000] "GET / HTTP/1.1" 200 22572 "https://example.com/logout" "Mozilla/5.0 (iPhone; CPU iPhone OS 14_0 like Mac OS X)"
192.168.1.100 - - [16/Jun/2025:01:32:42 +0000] "POST /admin HTTP/1.1" 500 988 "https://example.com/images/logo.png" "Mozilla/5.0 (X11; Linux x86_64) AppleWebKit/537.36"
198.51.100.23 - - [14/Jun/2025:03:56:23 +0000] "DELETE /products HTTP/1.1" 201 574 "-" "Mozilla/5.0 (X11; Linux x86_64) AppleWebKit/537.36"
203.0.113.45 - - [14/Jun/2025:20:48:49 +0000] "POST /admin HTTP/1.1" 401 792 "https://example.com/login" "Mozilla/5.0 (Windows NT 10.0; Win64; x64) AppleWebKit/537.36"
192.168.1.100 - - [07/Jun/2025:19:30:44 +0000] "POST /logout HTTP/1.1" 404 447 "https://example.com/" "Mozilla/5.0 (iPhone; CPU iPhone OS 14_0 like Mac OS X)"
198.51.100.23 - - [14/Jun/2025:23:41:40 +0000] "GET /admin HTTP/1.1" 500 194 "https://example.com/" "curl/7.68.0"
203.0.113.45 - - [01/Jun/2025:20:50:20 +0000] "POST /admin?id=869&page=8 HTTP/1.1" 404 376 "https://example.com/logout" "curl/7.68.0"
192.168.1.100 - - [28/May/2025:14:05:27 +0000] "DELETE /admin HTTP/1.1" 403 419 "-" "Mozilla/5.0 (iPhone; CPU iPhone OS 14_0 like Mac OS X)"
10.0.0.15 - - [08/Jun/2025:19:03:56 +0000] "DELETE /images/logo.png HTTP/1.1" 502 64 "https://example.com/images/logo.png" "Mozilla/5.0 (Macintosh; Intel Mac OS X 10_15_7) AppleWebKit/537.36"
198.51.100.23 - - [26/May/2025:06:27:16 +0000] "PUT / HTTP/1.1" 401 117 "https://example.com/admin" "curl/7.68.0"
192.168.1.100 - - [22/May/2025:03:00:58 +0000] "PUT /logout?id=673&page=2 HTTP/1.1" 400 251 "https://example.com/products" "curl/7.68.0"
198.51.100.23 - - [01/Jun/2025:14:06:04 +0000] "GET /login HTTP/1.1" 201 676 "https://example.com/" "Mozilla/5.0 (Windows NT 10.0; Win64; x64) AppleWebKit/537.36"
10.0.0.15 - - [30/May/2025:02:18:23 +0000] "GET /login HTTP/1.1" 400 216 "-" "Mozilla/5.0 (X11; Linux x86_64) AppleWebKit/537.36"
10.0.0.15 - - [05/Jun/2025:15:50:42 +0000] "POST /admin HTTP/1.1" 302 286 "https://example.com/images/logo.png" "curl/7.68.0"
192.168.1.100 - - [29/May/2025:23:14:15 +0000] "GET /logout HTTP/1.1" 404 299 "https://example.com/" "Mozilla/5.0 (Windows NT 10.0; Win64; x64) AppleWebKit/537.36"
172.16.0.88 - - [25/May/2025:00:56:20 +0000] "PUT /css/style.css HTTP/1.1" 401 398 "-" "Mozilla/5.0 (iPhone; CPU iPhone OS 14_0 like Mac OS X)"
198.51.100.23 - - [26/May/2025:07:44:21 +0000] "GET /images/logo.png HTTP/1.1" 302 617 "https://example.com/logout" "curl/7.68.0"
203.0.113.45 - - [03/Jun/2025:09:20:48 +0000] "GET /products HTTP/1.1" 301 463 "-" "curl/7.68.0"
172.16.0.88 - - [01/Jun/2025:17:31:26 +0000] "POST /images/logo.png HTTP/1.1" 404 167 "https://example.com/api/users" "Mozilla/5.0 (Windows NT 10.0; Win64; x64) AppleWebKit/537.36"
172.16.0.88 - - [18/Jun/2025:21:10:54 +0000] "GET /api/users HTTP/1.1" 400 74 "-" "curl/7.68.0"
192.168.1.100 - - [12/Jun/2025:08:43:18 +0000] "GET / HTTP/1.1" 200 934 "https://example.com/login" "curl/7.68.0"
172.16.0.88 - - [26/May/2025:09:32:47 +0000] "PUT /logout HTTP/1.1" 401 925 "https://example.com/admin" "Mozilla/5.0 (iPhone; CPU iPhone OS 14_0 like Mac OS X)"
10.0.0.15 - - [12/Jun/2025:18:05:35 +0000] "DELETE /css/style.css HTTP/1.1" 403 156 "https://example.com/css/style.css" "curl/7.68.0"
203.0.113.45 - - [23/May/2025:01:27:48 +0000] "PUT /css/style.css HTTP/1.1" 403 69 "https://example.com/admin" "Mozilla/5.0 (Windows NT 10.0; Win64; x64) AppleWebKit/537.36"
10.0.0.15 - - [19/Jun/2025:04:44:56 +0000] "POST /images/logo.png HTTP/1.1" 404 893 "https://example.com/" "Mozilla/5.0 (Windows NT 10.0; Win64; x64) AppleWebKit/537.36"
10.0.0.15 - - [30/May/2025:19:03:51 +0000] "POST /admin HTTP/1.1" 500 8 "https://example.com/logout" "Mozilla/5.0 (Macintosh; Intel Mac OS X 10_15_7) AppleWebKit/537.36"
203.0.113.45 - - [27/May/2025:02:33:39 +0000] "PUT /login HTTP/1.1" 201 488 "https://example.com/" "Mozilla/5.0 (iPhone; CPU iPhone OS 14_0 like Mac OS X)"
172.16.0.88 - - [15/Jun/2025:19:11:41 +0000] "PUT /logout HTTP/1.1" 200 46267 "https://example.com/logout" "Mozilla/5.0 (iPhone; CPU iPhone OS 14_0 like Mac OS X)"
10.0.0.15 - - [03/Jun/2025:10:32:40 +0000] "PUT /css/style.css HTTP/1.1" 401 634 "https://example.com/api/users" "Mozilla/5.0 (Windows NT 10.0; Win64; x64) AppleWebKit/537.36"
172.16.0.88 - - [14/Jun/2025:10:11:43 +0000] "PUT /api/users HTTP/1.1" 401 590 "-" "curl/7.68.0"
192.168.1.100 - - [16/Jun/2025:05:49:11 +0000] "PUT /images/logo.png HTTP/1.1" 500 366 "https://example.com/css/style.css" "Mozilla/5.0 (Windows NT 10.0; Win64; x64) AppleWebKit/537.36"
203.0.113.45 - - [22/May/2025:02:09:05 +0000] "DELETE /images/logo.png HTTP/1.1" 404 345 "https://example.com/logout" "Mozilla/5.0 (iPhone; CPU iPhone OS 14_0 like Mac OS X)"
198.51.100.23 - - [16/Jun/2025:12:24:50 +0000] "DELETE /admin HTTP/1.1" 201 953 "-" "Mozilla/5.0 (Windows NT 10.0; Win64; x64) AppleWebKit/537.36"
172.16.0.88 - - [20/Jun/2025:10:51:12 +0000] "DELETE /products HTTP/1.1" 403 403 "-" "Mozilla/5.0 (Macintosh; Intel Mac OS X 10_15_7) AppleWebKit/537.36"
198.51.100.23 - - [31/May/2025:13:16:38 +0000] "PUT /products HTTP/1.1" 500 641 "https://example.com/logout" "Mozilla/5.0 (X11; Linux x86_64) AppleWebKit/537.36"
198.51.100.23 - - [29/May/2025:14:20:46 +0000] "DELETE /login HTTP/1.1" 502 1 "https://example.com/products" "Mozilla/5.0 (Macintosh; Intel Mac OS X 10_15_7) AppleWebKit/537.36"
203.0.113.45 - - [12/Jun/2025:06:32:53 +0000] "DELETE /logout HTTP/1.1" 302 59 "-" "curl/7.68.0"
172.16.0.88 - - [11/Jun/2025:21:21:28 +0000] "POST /css/style.css HTTP/1.1" 502 666 "https://example.com/api/users" "curl/7.68.0"
192.168.1.100 - - [07/Jun/2025:02:41:25 +0000] "POST /admin HTTP/1.1" 500 770 "https://example.com/admin" "Mozilla/5.0 (iPhone; CPU iPhone OS 14_0 like Mac OS X)"
192.168.1.100 - - [18/Jun/2025:23:54:03 +0000] "PUT /login HTTP/1.1" 502 254 "https://example.com/images/logo.png" "Mozilla/5.0 (iPhone; CPU iPhone OS 14_0 like Mac OS X)"
203.0.113.45 - - [26/May/2025:10:52:15 +0000] "DELETE /api/users?id=765&page=9 HTTP/1.1" 302 248 "-" "Mozilla/5.0 (X11; Linux x86_64) AppleWebKit/537.36"
192.168.1.100 - - [21/May/2025:22:21:20 +0000] "GET /images/logo.png HTTP/1.1" 400 67 "-" "Mozilla/5.0 (iPhone; CPU iPhone OS 14_0 like Mac OS X)"
172.16.0.88 - - [25/May/2025:02:27:27 +0000] "DELETE / HTTP/1.1" 201 56 "https://example.com/logout" "Mozilla/5.0 (Windows NT 10.0; Win64; x64) AppleWebKit/537.36"
203.0.113.45 - - [15/Jun/2025:16:06:27 +0000] "PUT / HTTP/1.1" 502 102 "https://example.com/login" "curl/7.68.0"
198.51.100.23 - - [28/May/2025:02:48:44 +0000] "PUT /api/users HTTP/1.1" 500 906 "https://example.com/login" "Mozilla/5.0 (iPhone; CPU iPhone OS 14_0 like Mac OS X)"
192.168.1.100 - - [26/May/2025:17:08:55 +0000] "PUT /admin HTTP/1.1" 400 150 "https://example.com/logout" "Mozilla/5.0 (iPhone; CPU iPhone OS 14_0 like Mac OS X)"
10.0.0.15 - - [09/Jun/2025:01:31:25 +0000] "DELETE /images/logo.png HTTP/1.1" 200 3470 "https://example.com/" "Mozilla/5.0 (X11; Linux x86_64) AppleWebKit/537.36"
172.16.0.88 - - [10/Jun/2025:04:06:27 +0000] "POST /admin HTTP/1.1" 401 755 "https://example.com/" "Mozilla/5.0 (Windows NT 10.0; Win64; x64) AppleWebKit/537.36"
192.168.1.100 - - [12/Jun/2025:23:55:05 +0000] "GET /?id=409&page=8 HTTP/1.1" 200 23993 "-" "Mozilla/5.0 (X11; Linux x86_64) AppleWebKit/537.36"
198.51.100.23 - - [07/Jun/2025:11:54:22 +0000] "DELETE /login HTTP/1.1" 201 61 "https://example.com/admin" "Mozilla/5.0 (Windows NT 10.0; Win64; x64) AppleWebKit/537.36"
192.168.1.100 - - [07/Jun/2025:15:48:03 +0000] "PUT /login HTTP/1.1" 302 352 "-" "Mozilla/5.0 (Macintosh; Intel Mac OS X 10_15_7) AppleWebKit/537.36"
198.51.100.23 - - [28/May/2025:19:05:03 +0000] "DELETE /admin HTTP/1.1" 403 278 "-" "Mozilla/5.0 (Windows NT 10.0; Win64; x64) AppleWebKit/537.36"
192.168.1.100 - - [18/Jun/2025:10:16:16 +0000] "POST /css/style.css HTTP/1.1" 502 655 "https://example.com/api/users" "Mozilla/5.0 (X11; Linux x86_64) AppleWebKit/537.36"
203.0.113.45 - - [04/Jun/2025:16:48:25 +0000] "PUT /api/users HTTP/1.1" 404 340 "https://example.com/products" "Mozilla/5.0 (iPhone; CPU iPhone OS 14_0 like Mac OS X)"
198.51.100.23 - - [12/Jun/2025:01:35:33 +0000] "POST /images/logo.png HTTP/1.1" 400 888 "https://example.com/api/users" "Mozilla/5.0 (X11; Linux x86_64) AppleWebKit/537.36"
192.168.1.100 - - [31/May/2025:06:57:50 +0000] "PUT /admin HTTP/1.1" 500 696 "https://example.com/products" "curl/7.68.0"
203.0.113.45 - - [10/Jun/2025:13:42:37 +0000] "GET /images/logo.png HTTP/1.1" 404 241 "https://example.com/" "Mozilla/5.0 (Macintosh; Intel Mac OS X 10_15_7) AppleWebKit/537.36"
172.16.0.88 - - [08/Jun/2025:03:03:58 +0000] "PUT /login HTTP/1.1" 302 630 "-" "curl/7.68.0"
203.0.113.45 - - [12/Jun/2025:15:30:41 +0000] "POST /images/logo.png HTTP/1.1" 404 589 "https://example.com/products" "Mozilla/5.0 (Macintosh; Intel Mac OS X 10_15_7) AppleWebKit/537.36"
198.51.100.23 - - [13/Jun/2025:21:24:41 +0000] "POST /products HTTP/1.1" 401 466 "https://example.com/admin" "curl/7.68.0"
203.0.113.45 - - [07/Jun/2025:00:17:34 +0000] "GET / HTTP/1.1" 302 954 "-" "Mozilla/5.0 (Macintosh; Intel Mac OS X 10_15_7) AppleWebKit/537.36"
172.16.0.88 - - [29/May/2025:09:55:03 +0000] "DELETE /css/style.css HTTP/1.1" 500 88 "-" "Mozilla/5.0 (X11; Linux x86_64) AppleWebKit/537.36"
192.168.1.100 - - [09/Jun/2025:03:45:28 +0000] "GET /login HTTP/1.1" 301 988 "https://example.com/api/users" "Mozilla/5.0 (Macintosh; Intel Mac OS X 10_15_7) AppleWebKit/537.36"
203.0.113.45 - - [16/Jun/2025:08:49:18 +0000] "PUT /admin HTTP/1.1" 400 290 "https://example.com/login" "Mozilla/5.0 (Windows NT 10.0; Win64; x64) AppleWebKit/537.36"
10.0.0.15 - - [08/Jun/2025:04:41:46 +0000] "POST /images/logo.png HTTP/1.1" 302 510 "https://example.com/" "Mozilla/5.0 (Windows NT 10.0; Win64; x64) AppleWebKit/537.36"
172.16.0.88 - - [22/May/2025:00:16:21 +0000] "GET /css/style.css HTTP/1.1" 201 275 "https://example.com/products" "Mozilla/5.0 (Macintosh; Intel Mac OS X 10_15_7) AppleWebKit/537.36"
198.51.100.23 - - [05/Jun/2025:01:19:23 +0000] "PUT /images/logo.png?id=993&page=2 HTTP/1.1" 200 40558 "https://example.com/" "Mozilla/5.0 (X11; Linux x86_64) AppleWebKit/537.36"
192.168.1.100 - - [29/May/2025:02:24:10 +0000] "POST /logout HTTP/1.1" 403 755 "https://example.com/products" "Mozilla/5.0 (Windows NT 10.0; Win64; x64) AppleWebKit/537.36"
192.168.1.100 - - [18/Jun/2025:21:16:23 +0000] "DELETE /admin HTTP/1.1" 404 706 "-" "Mozilla/5.0 (iPhone; CPU iPhone OS 14_0 like Mac OS X)"
172.16.0.88 - - [28/May/2025:14:08:47 +0000] "GET /products HTTP/1.1" 401 87 "-" "Mozilla/5.0 (Windows NT 10.0; Win64; x64) AppleWebKit/537.36"
198.51.100.23 - - [24/May/2025:05:50:46 +0000] "PUT /logout HTTP/1.1" 502 628 "https://example.com/images/logo.png" "Mozilla/5.0 (Windows NT 10.0; Win64; x64) AppleWebKit/537.36"
203.0.113.45 - - [23/May/2025:13:18:43 +0000] "POST /css/style.css HTTP/1.1" 301 473 "https://example.com/" "Mozilla/5.0 (iPhone; CPU iPhone OS 14_0 like Mac OS X)"
198.51.100.23 - - [07/Jun/2025:13:56:56 +0000] "POST /admin?id=453&page=8 HTTP/1.1" 404 973 "https://example.com/css/style.css" "Mozilla/5.0 (X11; Linux x86_64) AppleWebKit/537.36"
198.51.100.23 - - [14/Jun/2025:23:58:22 +0000] "PUT /css/style.css HTTP/1.1" 403 779 "https://example.com/products" "Mozilla/5.0 (Windows NT 10.0; Win64; x64) AppleWebKit/537.36"
198.51.100.23 - - [26/May/2025:19:40:20 +0000] "PUT /login HTTP/1.1" 500 177 "https://example.com/login" "curl/7.68.0"
192.168.1.100 - - [12/Jun/2025:21:34:09 +0000] "GET /css/style.css HTTP/1.1" 301 18 "https://example.com/products" "Mozilla/5.0 (X11; Linux x86_64) AppleWebKit/537.36"
192.168.1.100 - - [11/Jun/2025:11:08:20 +0000] "GET /products HTTP/1.1" 401 44 "-" "Mozilla/5.0 (Windows NT 10.0; Win64; x64) AppleWebKit/537.36"
172.16.0.88 - - [08/Jun/2025:15:22:10 +0000] "DELETE /products HTTP/1.1" 301 330 "-" "curl/7.68.0"
203.0.113.45 - - [26/May/2025:17:08:22 +0000] "GET /products HTTP/1.1" 301 415 "https://example.com/" "Mozilla/5.0 (iPhone; CPU iPhone OS 14_0 like Mac OS X)"
10.0.0.15 - - [10/Jun/2025:21:10:52 +0000] "POST /logout HTTP/1.1" 201 913 "-" "Mozilla/5.0 (iPhone; CPU iPhone OS 14_0 like Mac OS X)"
203.0.113.45 - - [08/Jun/2025:15:31:20 +0000] "POST /products?id=946&page=7 HTTP/1.1" 500 744 "-" "Mozilla/5.0 (Macintosh; Intel Mac OS X 10_15_7) AppleWebKit/537.36"
192.168.1.100 - - [19/Jun/2025:05:04:21 +0000] "POST /css/style.css HTTP/1.1" 200 21838 "https://example.com/products" "Mozilla/5.0 (Windows NT 10.0; Win64; x64) AppleWebKit/537.36"
192.168.1.100 - - [25/May/2025:13:59:46 +0000] "DELETE /css/style.css?id=784&page=5 HTTP/1.1" 301 644 "-" "Mozilla/5.0 (X11; Linux x86_64) AppleWebKit/537.36"
10.0.0.15 - - [07/Jun/2025:00:20:24 +0000] "GET /api/users?id=363&page=2 HTTP/1.1" 301 134 "https://example.com/logout" "Mozilla/5.0 (iPhone; CPU iPhone OS 14_0 like Mac OS X)"
172.16.0.88 - - [18/Jun/2025:16:31:38 +0000] "POST / HTTP/1.1" 502 938 "https://example.com/logout" "Mozilla/5.0 (iPhone; CPU iPhone OS 14_0 like Mac OS X)"
203.0.113.45 - - [27/May/2025:06:17:44 +0000] "DELETE /logout HTTP/1.1" 302 11 "https://example.com/login" "Mozilla/5.0 (Macintosh; Intel Mac OS X 10_15_7) AppleWebKit/537.36"
192.168.1.100 - - [18/Jun/2025:07:51:49 +0000] "GET /login HTTP/1.1" 400 484 "https://example.com/api/users" "Mozilla/5.0 (Macintosh; Intel Mac OS X 10_15_7) AppleWebKit/537.36"
198.51.100.23 - - [09/Jun/2025:19:14:34 +0000] "PUT /api/users HTTP/1.1" 500 425 "https://example.com/products" "Mozilla/5.0 (X11; Linux x86_64) AppleWebKit/537.36"
198.51.100.23 - - [26/May/2025:16:45:37 +0000] "POST /login HTTP/1.1" 404 900 "-" "Mozilla/5.0 (iPhone; CPU iPhone OS 14_0 like Mac OS X)"
203.0.113.45 - - [17/Jun/2025:08:48:28 +0000] "PUT /css/style.css HTTP/1.1" 403 729 "https://example.com/api/users" "Mozilla/5.0 (X11; Linux x86_64) AppleWebKit/537.36"
10.0.0.15 - - [27/May/2025:05:17:00 +0000] "POST /images/logo.png HTTP/1.1" 403 305 "https://example.com/products" "Mozilla/5.0 (X11; Linux x86_64) AppleWebKit/537.36"
198.51.100.23 - - [16/Jun/2025:23:23:57 +0000] "DELETE / HTTP/1.1" 404 731 "https://example.com/admin" "Mozilla/5.0 (iPhone; CPU iPhone OS 14_0 like Mac OS X)"
10.0.0.15 - - [26/May/2025:09:23:39 +0000] "PUT /logout HTTP/1.1" 301 252 "-" "Mozilla/5.0 (Macintosh; Intel Mac OS X 10_15_7) AppleWebKit/537.36"
203.0.113.45 - - [24/May/2025:02:41:07 +0000] "GET /api/users HTTP/1.1" 200 20587 "-" "curl/7.68.0"
192.168.1.100 - - [16/Jun/2025:10:35:42 +0000] "PUT /css/style.css?id=876&page=7 HTTP/1.1" 502 767 "-" "Mozilla/5.0 (Macintosh; Intel Mac OS X 10_15_7) AppleWebKit/537.36"
192.168.1.100 - - [18/Jun/2025:20:20:17 +0000] "PUT /admin HTTP/1.1" 200 26275 "https://example.com/images/logo.png" "Mozilla/5.0 (X11; Linux x86_64) AppleWebKit/537.36"
203.0.113.45 - - [28/May/2025:23:09:39 +0000] "DELETE /products?id=221&page=1 HTTP/1.1" 302 8 "https://example.com/products" "Mozilla/5.0 (Windows NT 10.0; Win64; x64) AppleWebKit/537.36"
172.16.0.88 - - [23/May/2025:13:09:54 +0000] "GET /css/style.css HTTP/1.1" 200 26371 "-" "curl/7.68.0"
192.168.1.100 - - [02/Jun/2025:21:05:08 +0000] "DELETE /products HTTP/1.1" 400 101 "https://example.com/logout" "Mozilla/5.0 (Windows NT 10.0; Win64; x64) AppleWebKit/537.36"
198.51.100.23 - - [25/May/2025:02:03:40 +0000] "POST /login HTTP/1.1" 404 169 "https://example.com/css/style.css" "Mozilla/5.0 (Windows NT 10.0; Win64; x64) AppleWebKit/537.36"
198.51.100.23 - - [05/Jun/2025:12:27:28 +0000] "POST /login HTTP/1.1" 403 442 "https://example.com/admin" "Mozilla/5.0 (Macintosh; Intel Mac OS X 10_15_7) AppleWebKit/537.36"
172.16.0.88 - - [11/Jun/2025:12:05:04 +0000] "GET /login HTTP/1.1" 401 830 "-" "Mozilla/5.0 (Windows NT 10.0; Win64; x64) AppleWebKit/537.36"
192.168.1.100 - - [25/May/2025:17:07:03 +0000] "DELETE /admin HTTP/1.1" 403 786 "https://example.com/login" "Mozilla/5.0 (Macintosh; Intel Mac OS X 10_15_7) AppleWebKit/537.36"
192.168.1.100 - - [04/Jun/2025:14:26:49 +0000] "DELETE /api/users HTTP/1.1" 401 125 "-" "Mozilla/5.0 (iPhone; CPU iPhone OS 14_0 like Mac OS X)"
198.51.100.23 - - [20/Jun/2025:12:22:56 +0000] "DELETE /css/style.css HTTP/1.1" 301 916 "-" "Mozilla/5.0 (iPhone; CPU iPhone OS 14_0 like Mac OS X)"
203.0.113.45 - - [08/Jun/2025:07:16:38 +0000] "PUT /login HTTP/1.1" 500 808 "-" "Mozilla/5.0 (X11; Linux x86_64) AppleWebKit/537.36"
198.51.100.23 - - [04/Jun/2025:16:23:14 +0000] "POST / HTTP/1.1" 301 905 "https://example.com/admin" "Mozilla/5.0 (iPhone; CPU iPhone OS 14_0 like Mac OS X)"
203.0.113.45 - - [05/Jun/2025:05:18:06 +0000] "GET /api/users HTTP/1.1" 201 734 "https://example.com/products" "Mozilla/5.0 (Macintosh; Intel Mac OS X 10_15_7) AppleWebKit/537.36"
192.168.1.100 - - [05/Jun/2025:10:18:10 +0000] "POST /admin HTTP/1.1" 302 291 "https://example.com/" "Mozilla/5.0 (Windows NT 10.0; Win64; x64) AppleWebKit/537.36"
10.0.0.15 - - [16/Jun/2025:01:09:14 +0000] "DELETE / HTTP/1.1" 302 154 "https://example.com/css/style.css" "Mozilla/5.0 (iPhone; CPU iPhone OS 14_0 like Mac OS X)"
198.51.100.23 - - [19/Jun/2025:14:20:14 +0000] "PUT / HTTP/1.1" 500 663 "-" "Mozilla/5.0 (iPhone; CPU iPhone OS 14_0 like Mac OS X)"
203.0.113.45 - - [12/Jun/2025:09:22:19 +0000] "GET /images/logo.png HTTP/1.1" 401 107 "https://example.com/api/users" "Mozilla/5.0 (Windows NT 10.0; Win64; x64) AppleWebKit/537.36"
203.0.113.45 - - [04/Jun/2025:02:35:08 +0000] "PUT /products HTTP/1.1" 302 56 "-" "Mozilla/5.0 (Macintosh; Intel Mac OS X 10_15_7) AppleWebKit/537.36"
203.0.113.45 - - [10/Jun/2025:00:23:02 +0000] "PUT /images/logo.png HTTP/1.1" 301 224 "https://example.com/products" "Mozilla/5.0 (iPhone; CPU iPhone OS 14_0 like Mac OS X)"
192.168.1.100 - - [12/Jun/2025:16:16:02 +0000] "POST /admin HTTP/1.1" 502 896 "https://example.com/admin" "Mozilla/5.0 (Macintosh; Intel Mac OS X 10_15_7) AppleWebKit/537.36"
172.16.0.88 - - [10/Jun/2025:22:30:08 +0000] "PUT / HTTP/1.1" 301 477 "https://example.com/" "Mozilla/5.0 (Windows NT 10.0; Win64; x64) AppleWebKit/537.36"
198.51.100.23 - - [27/May/2025:14:51:25 +0000] "PUT /admin HTTP/1.1" 301 174 "https://example.com/" "curl/7.68.0"
10.0.0.15 - - [15/Jun/2025:08:20:50 +0000] "GET /api/users HTTP/1.1" 301 97 "-" "Mozilla/5.0 (iPhone; CPU iPhone OS 14_0 like Mac OS X)"
192.168.1.100 - - [04/Jun/2025:15:51:23 +0000] "GET /products HTTP/1.1" 301 107 "-" "Mozilla/5.0 (iPhone; CPU iPhone OS 14_0 like Mac OS X)"
198.51.100.23 - - [27/May/2025:05:48:25 +0000] "GET /logout HTTP/1.1" 500 300 "https://example.com/admin" "Mozilla/5.0 (X11; Linux x86_64) AppleWebKit/537.36"
203.0.113.45 - - [24/May/2025:22:02:31 +0000] "DELETE /products HTTP/1.1" 403 521 "https://example.com/logout" "Mozilla/5.0 (Macintosh; Intel Mac OS X 10_15_7) AppleWebKit/537.36"
203.0.113.45 - - [12/Jun/2025:14:36:27 +0000] "GET /products HTTP/1.1" 502 756 "-" "Mozilla/5.0 (Windows NT 10.0; Win64; x64) AppleWebKit/537.36"
198.51.100.23 - - [24/May/2025:14:43:20 +0000] "GET /css/style.css HTTP/1.1" 403 642 "https://example.com/images/logo.png" "Mozilla/5.0 (X11; Linux x86_64) AppleWebKit/537.36"
203.0.113.45 - - [10/Jun/2025:19:21:32 +0000] "PUT /images/logo.png?id=393&page=4 HTTP/1.1" 502 400 "-" "Mozilla/5.0 (Macintosh; Intel Mac OS X 10_15_7) AppleWebKit/537.36"
10.0.0.15 - - [12/Jun/2025:08:49:32 +0000] "PUT /products HTTP/1.1" 400 655 "https://example.com/css/style.css" "Mozilla/5.0 (Macintosh; Intel Mac OS X 10_15_7) AppleWebKit/537.36"
198.51.100.23 - - [15/Jun/2025:13:56:09 +0000] "DELETE /api/users HTTP/1.1" 404 155 "https://example.com/admin" "Mozilla/5.0 (Windows NT 10.0; Win64; x64) AppleWebKit/537.36"
198.51.100.23 - - [05/Jun/2025:02:09:27 +0000] "PUT /images/logo.png HTTP/1.1" 401 572 "https://example.com/images/logo.png" "Mozilla/5.0 (iPhone; CPU iPhone OS 14_0 like Mac OS X)"
192.168.1.100 - - [04/Jun/2025:20:08:09 +0000] "POST /logout HTTP/1.1" 502 963 "https://example.com/login" "Mozilla/5.0 (iPhone; CPU iPhone OS 14_0 like Mac OS X)"
198.51.100.23 - - [23/May/2025:15:31:45 +0000] "DELETE /login HTTP/1.1" 403 111 "https://example.com/login" "Mozilla/5.0 (Windows NT 10.0; Win64; x64) AppleWebKit/537.36"
172.16.0.88 - - [24/May/2025:14:17:30 +0000] "POST /login?id=435&page=3 HTTP/1.1" 400 712 "-" "curl/7.68.0"
203.0.113.45 - - [08/Jun/2025:05:02:14 +0000] "DELETE /?id=642&page=8 HTTP/1.1" 500 1000 "https://example.com/api/users" "Mozilla/5.0 (Windows NT 10.0; Win64; x64) AppleWebKit/537.36"
192.168.1.100 - - [15/Jun/2025:11:29:31 +0000] "PUT /admin HTTP/1.1" 201 823 "-" "Mozilla/5.0 (X11; Linux x86_64) AppleWebKit/537.36"
10.0.0.15 - - [27/May/2025:23:49:21 +0000] "PUT /products HTTP/1.1" 401 328 "-" "Mozilla/5.0 (Windows NT 10.0; Win64; x64) AppleWebKit/537.36"
203.0.113.45 - - [24/May/2025:18:43:08 +0000] "PUT /products HTTP/1.1" 302 844 "https://example.com/logout" "curl/7.68.0"
198.51.100.23 - - [19/Jun/2025:03:13:23 +0000] "GET /api/users HTTP/1.1" 400 52 "https://example.com/images/logo.png" "curl/7.68.0"
172.16.0.88 - - [17/Jun/2025:22:48:35 +0000] "POST /api/users HTTP/1.1" 500 461 "-" "Mozilla/5.0 (X11; Linux x86_64) AppleWebKit/537.36"
172.16.0.88 - - [07/Jun/2025:11:30:47 +0000] "POST /logout HTTP/1.1" 400 835 "https://example.com/" "Mozilla/5.0 (Windows NT 10.0; Win64; x64) AppleWebKit/537.36"
198.51.100.23 - - [28/May/2025:10:01:37 +0000] "DELETE / HTTP/1.1" 500 163 "https://example.com/" "curl/7.68.0"
172.16.0.88 - - [03/Jun/2025:22:45:24 +0000] "PUT /admin HTTP/1.1" 403 48 "https://example.com/css/style.css" "Mozilla/5.0 (X11; Linux x86_64) AppleWebKit/537.36"
172.16.0.88 - - [10/Jun/2025:12:11:03 +0000] "PUT /logout HTTP/1.1" 401 986 "-" "Mozilla/5.0 (X11; Linux x86_64) AppleWebKit/537.36"
198.51.100.23 - - [16/Jun/2025:23:59:45 +0000] "GET /login HTTP/1.1" 502 345 "https://example.com/" "Mozilla/5.0 (X11; Linux x86_64) AppleWebKit/537.36"
198.51.100.23 - - [04/Jun/2025:01:38:11 +0000] "PUT /logout HTTP/1.1" 500 40 "-" "curl/7.68.0"
198.51.100.23 - - [05/Jun/2025:06:18:14 +0000] "GET /login HTTP/1.1" 401 214 "https://example.com/images/logo.png" "Mozilla/5.0 (X11; Linux x86_64) AppleWebKit/537.36"
172.16.0.88 - - [14/Jun/2025:23:51:38 +0000] "POST /api/users HTTP/1.1" 200 2212 "https://example.com/products" "curl/7.68.0"
198.51.100.23 - - [30/May/2025:03:54:30 +0000] "POST /logout HTTP/1.1" 301 401 "-" "Mozilla/5.0 (iPhone; CPU iPhone OS 14_0 like Mac OS X)"
10.0.0.15 - - [13/Jun/2025:06:15:42 +0000] "PUT /admin HTTP/1.1" 200 42028 "https://example.com/images/logo.png" "curl/7.68.0"
203.0.113.45 - - [26/May/2025:23:02:28 +0000] "GET /images/logo.png HTTP/1.1" 200 21097 "https://example.com/logout" "Mozilla/5.0 (Macintosh; Intel Mac OS X 10_15_7) AppleWebKit/537.36"
10.0.0.15 - - [13/Jun/2025:05:37:55 +0000] "PUT /logout HTTP/1.1" 502 763 "https://example.com/api/users" "curl/7.68.0"
192.168.1.100 - - [04/Jun/2025:10:53:24 +0000] "GET /api/users HTTP/1.1" 502 216 "-" "Mozilla/5.0 (Macintosh; Intel Mac OS X 10_15_7) AppleWebKit/537.36"
10.0.0.15 - - [22/May/2025:22:24:40 +0000] "DELETE /images/logo.png HTTP/1.1" 400 684 "https://example.com/" "Mozilla/5.0 (Windows NT 10.0; Win64; x64) AppleWebKit/537.36"
172.16.0.88 - - [25/May/2025:17:54:07 +0000] "POST /products HTTP/1.1" 201 815 "https://example.com/css/style.css" "Mozilla/5.0 (Macintosh; Intel Mac OS X 10_15_7) AppleWebKit/537.36"
10.0.0.15 - - [01/Jun/2025:01:25:18 +0000] "PUT /css/style.css HTTP/1.1" 302 191 "https://example.com/login" "Mozilla/5.0 (X11; Linux x86_64) AppleWebKit/537.36"
10.0.0.15 - - [31/May/2025:09:14:38 +0000] "POST /logout HTTP/1.1" 200 2462 "https://example.com/images/logo.png" "Mozilla/5.0 (Windows NT 10.0; Win64; x64) AppleWebKit/537.36"
198.51.100.23 - - [26/May/2025:00:59:49 +0000] "GET /logout HTTP/1.1" 502 967 "https://example.com/login" "Mozilla/5.0 (Macintosh; Intel Mac OS X 10_15_7) AppleWebKit/537.36"
203.0.113.45 - - [29/May/2025:04:12:50 +0000] "GET / HTTP/1.1" 302 934 "https://example.com/logout" "Mozilla/5.0 (Windows NT 10.0; Win64; x64) AppleWebKit/537.36"
172.16.0.88 - - [23/May/2025:04:40:03 +0000] "POST / HTTP/1.1" 200 3719 "https://example.com/api/users" "curl/7.68.0"
203.0.113.45 - - [12/Jun/2025:10:17:33 +0000] "DELETE /logout HTTP/1.1" 403 729 "-" "Mozilla/5.0 (Macintosh; Intel Mac OS X 10_15_7) AppleWebKit/537.36"
203.0.113.45 - - [12/Jun/2025:23:15:54 +0000] "DELETE /admin HTTP/1.1" 403 176 "https://example.com/login" "Mozilla/5.0 (X11; Linux x86_64) AppleWebKit/537.36"
198.51.100.23 - - [08/Jun/2025:05:12:48 +0000] "GET /images/logo.png HTTP/1.1" 302 453 "https://example.com/api/users" "Mozilla/5.0 (Macintosh; Intel Mac OS X 10_15_7) AppleWebKit/537.36"
172.16.0.88 - - [31/May/2025:00:13:25 +0000] "DELETE /login?id=700&page=3 HTTP/1.1" 403 890 "https://example.com/" "Mozilla/5.0 (Windows NT 10.0; Win64; x64) AppleWebKit/537.36"
10.0.0.15 - - [17/Jun/2025:22:38:55 +0000] "DELETE /products HTTP/1.1" 401 289 "https://example.com/images/logo.png" "Mozilla/5.0 (Windows NT 10.0; Win64; x64) AppleWebKit/537.36"
203.0.113.45 - - [14/Jun/2025:00:51:00 +0000] "PUT /admin HTTP/1.1" 403 528 "https://example.com/admin" "Mozilla/5.0 (X11; Linux x86_64) AppleWebKit/537.36"
192.168.1.100 - - [26/May/2025:23:05:43 +0000] "GET /css/style.css HTTP/1.1" 200 24852 "https://example.com/logout" "Mozilla/5.0 (X11; Linux x86_64) AppleWebKit/537.36"
203.0.113.45 - - [07/Jun/2025:18:12:52 +0000] "GET /admin HTTP/1.1" 301 5 "https://example.com/admin" "Mozilla/5.0 (Macintosh; Intel Mac OS X 10_15_7) AppleWebKit/537.36"
203.0.113.45 - - [27/May/2025:20:56:49 +0000] "PUT /login HTTP/1.1" 400 398 "https://example.com/login" "Mozilla/5.0 (Macintosh; Intel Mac OS X 10_15_7) AppleWebKit/537.36"
192.168.1.100 - - [15/Jun/2025:13:59:11 +0000] "PUT /products HTTP/1.1" 401 52 "https://example.com/images/logo.png" "Mozilla/5.0 (Macintosh; Intel Mac OS X 10_15_7) AppleWebKit/537.36"
203.0.113.45 - - [17/Jun/2025:11:10:54 +0000] "PUT / HTTP/1.1" 401 816 "https://example.com/css/style.css" "Mozilla/5.0 (iPhone; CPU iPhone OS 14_0 like Mac OS X)"
198.51.100.23 - - [28/May/2025:10:42:39 +0000] "POST / HTTP/1.1" 201 258 "https://example.com/images/logo.png" "curl/7.68.0"
10.0.0.15 - - [25/May/2025:22:13:44 +0000] "POST /images/logo.png?id=93&page=10 HTTP/1.1" 401 750 "-" "Mozilla/5.0 (Windows NT 10.0; Win64; x64) AppleWebKit/537.36"
192.168.1.100 - - [03/Jun/2025:08:42:05 +0000] "DELETE /admin HTTP/1.1" 400 785 "https://example.com/api/users" "curl/7.68.0"
10.0.0.15 - - [21/May/2025:23:17:42 +0000] "POST /login HTTP/1.1" 400 958 "-" "Mozilla/5.0 (Macintosh; Intel Mac OS X 10_15_7) AppleWebKit/537.36"
192.168.1.100 - - [13/Jun/2025:15:57:30 +0000] "POST /products HTTP/1.1" 301 881 "https://example.com/logout" "curl/7.68.0"
203.0.113.45 - - [28/May/2025:17:10:09 +0000] "DELETE /logout HTTP/1.1" 401 239 "-" "Mozilla/5.0 (iPhone; CPU iPhone OS 14_0 like Mac OS X)"
198.51.100.23 - - [22/May/2025:14:51:23 +0000] "POST /login HTTP/1.1" 404 871 "-" "curl/7.68.0"
192.168.1.100 - - [16/Jun/2025:09:40:06 +0000] "POST /css/style.css HTTP/1.1" 404 251 "https://example.com/login" "Mozilla/5.0 (Macintosh; Intel Mac OS X 10_15_7) AppleWebKit/537.36"
172.16.0.88 - - [17/Jun/2025:03:14:35 +0000] "PUT /api/users HTTP/1.1" 500 301 "-" "Mozilla/5.0 (X11; Linux x86_64) AppleWebKit/537.36"
10.0.0.15 - - [25/May/2025:22:45:31 +0000] "GET /admin?id=315&page=7 HTTP/1.1" 404 426 "https://example.com/images/logo.png" "Mozilla/5.0 (Macintosh; Intel Mac OS X 10_15_7) AppleWebKit/537.36"
192.168.1.100 - - [13/Jun/2025:03:43:00 +0000] "DELETE /admin HTTP/1.1" 201 831 "-" "Mozilla/5.0 (Macintosh; Intel Mac OS X 10_15_7) AppleWebKit/537.36"
203.0.113.45 - - [09/Jun/2025:10:10:37 +0000] "POST /images/logo.png HTTP/1.1" 201 38 "https://example.com/login" "Mozilla/5.0 (iPhone; CPU iPhone OS 14_0 like Mac OS X)"
198.51.100.23 - - [09/Jun/2025:09:47:46 +0000] "PUT /css/style.css HTTP/1.1" 401 682 "https://example.com/" "Mozilla/5.0 (X11; Linux x86_64) AppleWebKit/537.36"
198.51.100.23 - - [31/May/2025:06:15:35 +0000] "GET / HTTP/1.1" 502 552 "https://example.com/admin" "curl/7.68.0"
172.16.0.88 - - [20/Jun/2025:13:16:17 +0000] "POST /api/users HTTP/1.1" 201 341 "https://example.com/css/style.css" "Mozilla/5.0 (Windows NT 10.0; Win64; x64) AppleWebKit/537.36"
192.168.1.100 - - [16/Jun/2025:17:19:37 +0000] "POST /admin HTTP/1.1" 403 216 "https://example.com/css/style.css" "Mozilla/5.0 (iPhone; CPU iPhone OS 14_0 like Mac OS X)"
172.16.0.88 - - [15/Jun/2025:07:52:14 +0000] "GET /images/logo.png HTTP/1.1" 302 77 "https://example.com/api/users" "Mozilla/5.0 (Macintosh; Intel Mac OS X 10_15_7) AppleWebKit/537.36"
192.168.1.100 - - [16/Jun/2025:07:19:45 +0000] "GET /css/style.css?id=214&page=5 HTTP/1.1" 400 637 "-" "Mozilla/5.0 (X11; Linux x86_64) AppleWebKit/537.36"
172.16.0.88 - - [05/Jun/2025:15:24:31 +0000] "POST /products HTTP/1.1" 500 175 "-" "Mozilla/5.0 (Macintosh; Intel Mac OS X 10_15_7) AppleWebKit/537.36"
203.0.113.45 - - [04/Jun/2025:00:36:10 +0000] "DELETE /products HTTP/1.1" 301 693 "https://example.com/" "Mozilla/5.0 (Macintosh; Intel Mac OS X 10_15_7) AppleWebKit/537.36"
203.0.113.45 - - [12/Jun/2025:15:49:50 +0000] "POST /css/style.css HTTP/1.1" 200 16894 "-" "Mozilla/5.0 (Windows NT 10.0; Win64; x64) AppleWebKit/537.36"
10.0.0.15 - - [14/Jun/2025:22:38:27 +0000] "GET /products HTTP/1.1" 302 131 "-" "Mozilla/5.0 (Windows NT 10.0; Win64; x64) AppleWebKit/537.36"
198.51.100.23 - - [26/May/2025:19:20:37 +0000] "PUT /admin HTTP/1.1" 302 702 "https://example.com/api/users" "Mozilla/5.0 (X11; Linux x86_64) AppleWebKit/537.36"
172.16.0.88 - - [31/May/2025:19:52:15 +0000] "DELETE /api/users HTTP/1.1" 401 198 "-" "Mozilla/5.0 (Macintosh; Intel Mac OS X 10_15_7) AppleWebKit/537.36"
192.168.1.100 - - [29/May/2025:14:19:11 +0000] "POST /products HTTP/1.1" 502 997 "https://example.com/images/logo.png" "Mozilla/5.0 (X11; Linux x86_64) AppleWebKit/537.36"
10.0.0.15 - - [17/Jun/2025:01:29:30 +0000] "PUT /admin HTTP/1.1" 500 884 "-" "Mozilla/5.0 (X11; Linux x86_64) AppleWebKit/537.36"
198.51.100.23 - - [03/Jun/2025:04:30:33 +0000] "DELETE /products HTTP/1.1" 500 532 "-" "Mozilla/5.0 (Macintosh; Intel Mac OS X 10_15_7) AppleWebKit/537.36"
198.51.100.23 - - [12/Jun/2025:10:31:15 +0000] "POST / HTTP/1.1" 200 13411 "https://example.com/api/users" "curl/7.68.0"
172.16.0.88 - - [19/Jun/2025:09:10:56 +0000] "DELETE /images/logo.png HTTP/1.1" 302 376 "https://example.com/" "Mozilla/5.0 (iPhone; CPU iPhone OS 14_0 like Mac OS X)"
10.0.0.15 - - [11/Jun/2025:13:21:14 +0000] "PUT /images/logo.png HTTP/1.1" 201 726 "https://example.com/images/logo.png" "Mozilla/5.0 (X11; Linux x86_64) AppleWebKit/537.36"
192.168.1.100 - - [29/May/2025:11:31:46 +0000] "PUT /logout HTTP/1.1" 301 31 "-" "curl/7.68.0"
192.168.1.100 - - [11/Jun/2025:14:13:29 +0000] "PUT /login HTTP/1.1" 404 231 "-" "Mozilla/5.0 (Macintosh; Intel Mac OS X 10_15_7) AppleWebKit/537.36"
10.0.0.15 - - [13/Jun/2025:02:48:14 +0000] "DELETE / HTTP/1.1" 200 35819 "https://example.com/api/users" "curl/7.68.0"
10.0.0.15 - - [12/Jun/2025:01:31:57 +0000] "DELETE /images/logo.png HTTP/1.1" 403 328 "https://example.com/css/style.css" "curl/7.68.0"
172.16.0.88 - - [25/May/2025:13:26:35 +0000] "POST /logout HTTP/1.1" 502 63 "https://example.com/images/logo.png" "curl/7.68.0"
192.168.1.100 - - [17/Jun/2025:16:49:55 +0000] "POST /admin HTTP/1.1" 201 12 "https://example.com/admin" "Mozilla/5.0 (Windows NT 10.0; Win64; x64) AppleWebKit/537.36"
172.16.0.88 - - [07/Jun/2025:02:15:01 +0000] "PUT /admin HTTP/1.1" 301 148 "-" "curl/7.68.0"
192.168.1.100 - - [16/Jun/2025:08:16:03 +0000] "GET /products HTTP/1.1" 500 364 "https://example.com/css/style.css" "curl/7.68.0"
198.51.100.23 - - [22/May/2025:03:05:13 +0000] "POST /admin HTTP/1.1" 403 358 "-" "Mozilla/5.0 (Macintosh; Intel Mac OS X 10_15_7) AppleWebKit/537.36"
10.0.0.15 - - [25/May/2025:00:01:31 +0000] "DELETE /css/style.css?id=553&page=6 HTTP/1.1" 400 758 "https://example.com/css/style.css" "curl/7.68.0"
172.16.0.88 - - [18/Jun/2025:19:58:29 +0000] "PUT /css/style.css HTTP/1.1" 404 688 "https://example.com/logout" "Mozilla/5.0 (iPhone; CPU iPhone OS 14_0 like Mac OS X)"
192.168.1.100 - - [29/May/2025:19:25:02 +0000] "PUT /login HTTP/1.1" 302 781 "https://example.com/products" "Mozilla/5.0 (Windows NT 10.0; Win64; x64) AppleWebKit/537.36"
203.0.113.45 - - [14/Jun/2025:10:49:19 +0000] "DELETE /logout HTTP/1.1" 502 707 "-" "Mozilla/5.0 (iPhone; CPU iPhone OS 14_0 like Mac OS X)"
203.0.113.45 - - [29/May/2025:13:54:06 +0000] "POST /api/users?id=484&page=7 HTTP/1.1" 200 24053 "-" "Mozilla/5.0 (iPhone; CPU iPhone OS 14_0 like Mac OS X)"
172.16.0.88 - - [30/May/2025:23:56:16 +0000] "POST /login HTTP/1.1" 403 76 "https://example.com/api/users" "Mozilla/5.0 (X11; Linux x86_64) AppleWebKit/537.36"
198.51.100.23 - - [05/Jun/2025:05:05:05 +0000] "POST /logout HTTP/1.1" 301 794 "-" "Mozilla/5.0 (iPhone; CPU iPhone OS 14_0 like Mac OS X)"
203.0.113.45 - - [03/Jun/2025:20:17:18 +0000] "GET / HTTP/1.1" 404 933 "https://example.com/images/logo.png" "Mozilla/5.0 (X11; Linux x86_64) AppleWebKit/537.36"
10.0.0.15 - - [27/May/2025:03:09:44 +0000] "PUT /admin?id=366&page=2 HTTP/1.1" 301 315 "https://example.com/" "Mozilla/5.0 (Windows NT 10.0; Win64; x64) AppleWebKit/537.36"
198.51.100.23 - - [22/May/2025:13:03:14 +0000] "DELETE /login HTTP/1.1" 201 52 "https://example.com/admin" "Mozilla/5.0 (X11; Linux x86_64) AppleWebKit/537.36"
10.0.0.15 - - [23/May/2025:14:25:47 +0000] "DELETE /api/users HTTP/1.1" 301 21 "https://example.com/css/style.css" "curl/7.68.0"
172.16.0.88 - - [02/Jun/2025:11:33:33 +0000] "POST /api/users HTTP/1.1" 404 182 "https://example.com/css/style.css" "Mozilla/5.0 (Macintosh; Intel Mac OS X 10_15_7) AppleWebKit/537.36"
172.16.0.88 - - [17/Jun/2025:01:37:21 +0000] "PUT /login HTTP/1.1" 301 318 "https://example.com/api/users" "Mozilla/5.0 (Windows NT 10.0; Win64; x64) AppleWebKit/537.36"
10.0.0.15 - - [07/Jun/2025:04:05:56 +0000] "PUT /logout HTTP/1.1" 302 639 "https://example.com/login" "Mozilla/5.0 (Windows NT 10.0; Win64; x64) AppleWebKit/537.36"
192.168.1.100 - - [16/Jun/2025:00:56:46 +0000] "DELETE /api/users HTTP/1.1" 500 985 "-" "Mozilla/5.0 (Macintosh; Intel Mac OS X 10_15_7) AppleWebKit/537.36"
192.168.1.100 - - [16/Jun/2025:02:54:19 +0000] "POST /api/users HTTP/1.1" 400 650 "https://example.com/admin" "Mozilla/5.0 (iPhone; CPU iPhone OS 14_0 like Mac OS X)"
172.16.0.88 - - [25/May/2025:22:24:57 +0000] "PUT / HTTP/1.1" 201 682 "https://example.com/admin" "Mozilla/5.0 (Macintosh; Intel Mac OS X 10_15_7) AppleWebKit/537.36"
198.51.100.23 - - [17/Jun/2025:18:01:25 +0000] "DELETE /logout HTTP/1.1" 403 382 "-" "Mozilla/5.0 (X11; Linux x86_64) AppleWebKit/537.36"
172.16.0.88 - - [31/May/2025:03:45:37 +0000] "DELETE /api/users HTTP/1.1" 400 334 "https://example.com/" "Mozilla/5.0 (Macintosh; Intel Mac OS X 10_15_7) AppleWebKit/537.36"
172.16.0.88 - - [01/Jun/2025:01:31:33 +0000] "PUT /css/style.css HTTP/1.1" 301 731 "-" "Mozilla/5.0 (Macintosh; Intel Mac OS X 10_15_7) AppleWebKit/537.36"
10.0.0.15 - - [12/Jun/2025:20:46:34 +0000] "PUT /css/style.css HTTP/1.1" 502 650 "https://example.com/products" "curl/7.68.0"
192.168.1.100 - - [18/Jun/2025:09:30:27 +0000] "GET /api/users HTTP/1.1" 400 564 "https://example.com/" "Mozilla/5.0 (X11; Linux x86_64) AppleWebKit/537.36"
10.0.0.15 - - [30/May/2025:11:34:32 +0000] "PUT /api/users HTTP/1.1" 500 552 "-" "curl/7.68.0"
192.168.1.100 - - [24/May/2025:14:37:07 +0000] "DELETE /images/logo.png HTTP/1.1" 302 322 "https://example.com/login" "Mozilla/5.0 (Macintosh; Intel Mac OS X 10_15_7) AppleWebKit/537.36"
172.16.0.88 - - [18/Jun/2025:03:57:18 +0000] "POST /products HTTP/1.1" 401 591 "https://example.com/admin" "curl/7.68.0"
192.168.1.100 - - [25/May/2025:23:48:47 +0000] "GET / HTTP/1.1" 403 664 "-" "Mozilla/5.0 (Windows NT 10.0; Win64; x64) AppleWebKit/537.36"
172.16.0.88 - - [31/May/2025:07:44:30 +0000] "DELETE /css/style.css HTTP/1.1" 200 654 "https://example.com/products" "Mozilla/5.0 (Windows NT 10.0; Win64; x64) AppleWebKit/537.36"
10.0.0.15 - - [23/May/2025:03:55:05 +0000] "GET /admin HTTP/1.1" 301 134 "-" "curl/7.68.0"
203.0.113.45 - - [01/Jun/2025:10:36:09 +0000] "PUT /images/logo.png HTTP/1.1" 400 839 "https://example.com/css/style.css" "Mozilla/5.0 (X11; Linux x86_64) AppleWebKit/537.36"
198.51.100.23 - - [25/May/2025:06:40:31 +0000] "DELETE /admin HTTP/1.1" 201 569 "https://example.com/api/users" "Mozilla/5.0 (Windows NT 10.0; Win64; x64) AppleWebKit/537.36"
203.0.113.45 - - [24/May/2025:01:21:22 +0000] "POST /images/logo.png HTTP/1.1" 401 996 "https://example.com/css/style.css" "Mozilla/5.0 (X11; Linux x86_64) AppleWebKit/537.36"
10.0.0.15 - - [28/May/2025:04:23:23 +0000] "DELETE /css/style.css HTTP/1.1" 302 517 "-" "Mozilla/5.0 (Windows NT 10.0; Win64; x64) AppleWebKit/537.36"
172.16.0.88 - - [28/May/2025:11:37:50 +0000] "DELETE /images/logo.png HTTP/1.1" 301 697 "https://example.com/css/style.css" "Mozilla/5.0 (Windows NT 10.0; Win64; x64) AppleWebKit/537.36"
192.168.1.100 - - [08/Jun/2025:23:07:05 +0000] "PUT /images/logo.png HTTP/1.1" 403 731 "-" "Mozilla/5.0 (Macintosh; Intel Mac OS X 10_15_7) AppleWebKit/537.36"
172.16.0.88 - - [11/Jun/2025:20:17:52 +0000] "DELETE /login HTTP/1.1" 502 73 "-" "Mozilla/5.0 (X11; Linux x86_64) AppleWebKit/537.36"
10.0.0.15 - - [28/May/2025:06:21:34 +0000] "PUT /css/style.css HTTP/1.1" 400 131 "https://example.com/css/style.css" "Mozilla/5.0 (Macintosh; Intel Mac OS X 10_15_7) AppleWebKit/537.36"
192.168.1.100 - - [25/May/2025:22:21:31 +0000] "DELETE /images/logo.png HTTP/1.1" 404 76 "https://example.com/images/logo.png" "Mozilla/5.0 (Macintosh; Intel Mac OS X 10_15_7) AppleWebKit/537.36"
192.168.1.100 - - [30/May/2025:01:51:06 +0000] "GET /images/logo.png HTTP/1.1" 502 877 "https://example.com/logout" "Mozilla/5.0 (X11; Linux x86_64) AppleWebKit/537.36"
192.168.1.100 - - [13/Jun/2025:04:51:34 +0000] "POST /api/users HTTP/1.1" 500 172 "https://example.com/login" "Mozilla/5.0 (X11; Linux x86_64) AppleWebKit/537.36"
192.168.1.100 - - [03/Jun/2025:21:49:33 +0000] "DELETE /logout HTTP/1.1" 403 609 "-" "curl/7.68.0"
172.16.0.88 - - [16/Jun/2025:14:28:30 +0000] "GET /login HTTP/1.1" 301 956 "https://example.com/css/style.css" "Mozilla/5.0 (Macintosh; Intel Mac OS X 10_15_7) AppleWebKit/537.36"
